Archive member included to satisfy reference by file (symbol)

C:/Program Files/Microchip/xc32/v5.00/bin/bin/../../lib/gcc/pic32c/13.2.1/../../../../pic32c/lib/thumb/v8-m.base/nofp\libpic32c.a(data_init.o)
                              build/default/debug/_ext/1171490990/startup_xc32.o (__pic32c_data_initialization)
C:/Program Files/Microchip/xc32/v5.00/bin/bin/../../lib/gcc/pic32c/13.2.1/../../../../pic32c/lib/thumb/v8-m.base/nofp\libc-size-musl.a(memcpy.o)
                              build/default/debug/_ext/1593096446/plib_nvmctrl.o (memcpy)
C:/Program Files/Microchip/xc32/v5.00/bin/bin/../../lib/gcc/pic32c/13.2.1/../../../../pic32c/lib/thumb/v8-m.base/nofp\libg-musl.a(__libc_start_main.o)
                              build/default/debug/_ext/1171490990/startup_xc32.o (__libc_init_array)
C:/Program Files/Microchip/xc32/v5.00/bin/bin/../../lib/gcc/pic32c/13.2.1/../../../../pic32c/lib/thumb/v8-m.base/nofp\libg-musl.a(libc.o)
                              C:/Program Files/Microchip/xc32/v5.00/bin/bin/../../lib/gcc/pic32c/13.2.1/../../../../pic32c/lib/thumb/v8-m.base/nofp\libg-musl.a(__libc_start_main.o) (__progname_full)
C:/Program Files/Microchip/xc32/v5.00/bin/bin/../../lib/gcc/pic32c/13.2.1/../../../../pic32c/lib/thumb/v8-m.base/nofp\libg-musl.a(__environ.o)
                              C:/Program Files/Microchip/xc32/v5.00/bin/bin/../../lib/gcc/pic32c/13.2.1/../../../../pic32c/lib/thumb/v8-m.base/nofp\libg-musl.a(__libc_start_main.o) (__environ)
C:/Program Files/Microchip/xc32/v5.00/bin/bin/../../lib/gcc/pic32c/13.2.1/../../../../pic32c/lib/thumb/v8-m.base/nofp\libpic32c.a(pic32_data_init_clear.o)
                              (__dinit_clear_needed)
C:/Program Files/Microchip/xc32/v5.00/bin/bin/../../lib/gcc/pic32c/13.2.1/../../../../pic32c/lib/thumb/v8-m.base/nofp\libpic32c.a(pic32_data_init_copy.o)
                              (__dinit_copy_needed)

Microchip PIC32 Memory-Usage Report

ROM Program-Memory Usage
section                    address  length [bytes]      (dec)  Description
-------                 ----------  -------------------------  -----------
.vectors                         0          0x15c         348   
.text                        0x15c           0x20          32  App's exec code 
.text.CLOCK_Initialize       0x17c           0xc4         196   
.text.__libc_start_init      0x240           0x5c          92   
.text.Reset_Handler          0x29c           0x56          86   
.text.EVSYS_Initialize       0x2f2            0x2           2   
.dinit                       0x2f4           0x50          80   
.text.DAC_Initialize         0x344           0x4a          74   
.text.Dummy_App_Func         0x38e            0x2           2   
.text                        0x390           0x40          64  App's exec code 
.text.main                   0x3d0           0x40          64   
.text.PM_Initialize          0x410           0x38          56   
.text.__pic32c_data_ini      0x448           0x34          52   
.text.SYS_Initialize         0x47c           0x2c          44   
.text.DAC_DataWrite          0x4a8           0x22          34   
.text.__dinit_copy           0x4ca           0x1e          30   
.text.PORT_Initialize        0x4e8           0x14          20   
.rodata                      0x4fc           0x14          20  Read-only const 
.text.NVMCTRL_Initializ      0x510           0x12          18   
.text.__dinit_clear          0x522           0x12          18   
.text.NVIC_Initialize        0x534            0x8           8   
.text.Dummy_Handler          0x53c            0x4           4   
.text.NonMaskableInt_Ha      0x540            0x4           4   
.text.HardFault_Handler      0x544            0x4           4   
.text.__dummy_decompres      0x548            0x4           4   
.text.__dummy_init_tls       0x54c            0x2           2   
.text.__dummy                0x54e            0x2           2   
      Total ROM used  :       0x550        1360  0.3% of 0x80000
        --------------------------------------------------------------------------
         Total Program Memory used  :       0x550        1360  0.3% of 0x80000
        --------------------------------------------------------------------------


RAM Data-Memory Usage
section                    address  length [bytes]      (dec)  Description
-------                 ----------  -------------------------  -----------
.bss                    0x20000000           0x50          80  Uninitialized data 
.bss                    0x20000050           0x1c          28  Uninitialized data 
.bss                    0x2000006c            0x4           4  Uninitialized data 
.bss                    0x20000070            0x4           4  Uninitialized data 
.data.dac_count         0x20000074            0x2           2   
         Total RAM used  :        0x76         118  0.2% of 0x10000
        --------------------------------------------------------------------------
            Total Data Memory used  :        0x76         118  0.2% of 0x10000
        --------------------------------------------------------------------------


Dynamic Data-Memory Reservation
section                    address  length [bytes]      (dec)  Description
-------                 ----------  -------------------------  -----------
heap                    0x20000078          0x200         512  Reserved for heap 
stack                   0x20000290         0xfd60       64864  Reserved for stack 

        --------------------------------------------------------------------------

Microchip PIC32 Memory-Usage Report By Module

        text        data         bss         dec         hex    basename                   filename
--------------------------------------------------------------------------------
         352           0           0         352         160    interrupts.o           build/default/debug/_ext/1171490990/interrupts.o
         196           0           0         196          c4    plib_clock.o           build/default/debug/_ext/1984496892/plib_clock.o
         108           0           0         108          6c    plib_dac.o             build/default/debug/_ext/60166132/plib_dac.o
          64           8          28         100          64    crtbegin.o             C:/Program Files/Microchip/xc32/v5.00/bin/bin/../../lib/gcc/pic32c/13.2.1/thumb/v8-m.base/nofp/crtbegin.o
          94           0           0          94          5e    __libc_start_main.o    libg-musl.a
          88           0           0          88          58    startup_xc32.o         build/default/debug/_ext/1171490990/startup_xc32.o
          78           0           4          82          52    data_init.o            libpic32c.a
          80           0           0          80          50    data_init              data_init
           0           0          80          80          50    libc.o                 libg-musl.a
          72           0           0          72          48    initialization.o       build/default/debug/_ext/1171490990/initialization.o
          64           2           0          66          42    main.o                 build/default/debug/_ext/1360937237/main.o
          56           0           0          56          38    plib_pm.o              build/default/debug/_ext/829342769/plib_pm.o
          30           0           0          30          1e    pic32_data_init_copy.o libpic32c.a
          20           0           0          20          14    plib_port.o            build/default/debug/_ext/1865521619/plib_port.o
          18           0           0          18          12    plib_nvmctrl.o         build/default/debug/_ext/1593096446/plib_nvmctrl.o
          18           0           0          18          12    pic32_data_init_clear.olibpic32c.a
          16           0           0          16          10    crtn.o                 C:/Program Files/Microchip/xc32/v5.00/bin/bin/../../lib/gcc/pic32c/13.2.1/thumb/v8-m.base/nofp/crtn.o
           8           0           0           8           8    plib_nvic.o            build/default/debug/_ext/1865468468/plib_nvic.o
           8           0           0           8           8    crti.o                 C:/Program Files/Microchip/xc32/v5.00/bin/bin/../../lib/gcc/pic32c/13.2.1/thumb/v8-m.base/nofp/crti.o
           8           0           0           8           8    exceptions.o           build/default/debug/_ext/1171490990/exceptions.o
           0           0           4           4           4    __environ.o            libg-musl.a
           2           0           0           2           2    plib_evsys.o           build/default/debug/_ext/1986646378/plib_evsys.o
--------------------------------------------------------------------------------
        1380          10         116        1506         5e2    dist/default/debug/DAC.X.debug.elf


Discarded input sections

 .text          0x00000000        0x0 C:/Program Files/Microchip/xc32/v5.00/bin/bin/../../lib/gcc/pic32c/13.2.1/thumb/v8-m.base/nofp/crti.o
 .data          0x00000000        0x0 C:/Program Files/Microchip/xc32/v5.00/bin/bin/../../lib/gcc/pic32c/13.2.1/thumb/v8-m.base/nofp/crti.o
 .bss           0x00000000        0x0 C:/Program Files/Microchip/xc32/v5.00/bin/bin/../../lib/gcc/pic32c/13.2.1/thumb/v8-m.base/nofp/crti.o
 .xc_stack_usage.hdr
                0x00000000        0xe C:/Program Files/Microchip/xc32/v5.00/bin/bin/../../lib/gcc/pic32c/13.2.1/thumb/v8-m.base/nofp/crti.o
 .xc_stack_usage
                0x00000000       0x26 C:/Program Files/Microchip/xc32/v5.00/bin/bin/../../lib/gcc/pic32c/13.2.1/thumb/v8-m.base/nofp/crti.o
 .data          0x00000000        0x4 C:/Program Files/Microchip/xc32/v5.00/bin/bin/../../lib/gcc/pic32c/13.2.1/thumb/v8-m.base/nofp/crtbegin.o
 .rodata        0x00000000       0x24 C:/Program Files/Microchip/xc32/v5.00/bin/bin/../../lib/gcc/pic32c/13.2.1/thumb/v8-m.base/nofp/crtbegin.o
 .xc_stack_usage
                0x00000000       0x3c C:/Program Files/Microchip/xc32/v5.00/bin/bin/../../lib/gcc/pic32c/13.2.1/thumb/v8-m.base/nofp/crtbegin.o
 .xc_stack_usage.hdr
                0x00000000        0xe C:/Program Files/Microchip/xc32/v5.00/bin/bin/../../lib/gcc/pic32c/13.2.1/thumb/v8-m.base/nofp/crtbegin.o
 .text          0x00000000        0x0 build/default/debug/_ext/1984496892/plib_clock.o
 .data          0x00000000        0x0 build/default/debug/_ext/1984496892/plib_clock.o
 .bss           0x00000000        0x0 build/default/debug/_ext/1984496892/plib_clock.o
 .text          0x00000000        0x0 build/default/debug/_ext/60166132/plib_dac.o
 .data          0x00000000        0x0 build/default/debug/_ext/60166132/plib_dac.o
 .bss           0x00000000        0x0 build/default/debug/_ext/60166132/plib_dac.o
 .text.DAC_IsReady
                0x00000000       0x14 build/default/debug/_ext/60166132/plib_dac.o
 .text          0x00000000        0x0 build/default/debug/_ext/1986646378/plib_evsys.o
 .data          0x00000000        0x0 build/default/debug/_ext/1986646378/plib_evsys.o
 .bss           0x00000000        0x0 build/default/debug/_ext/1986646378/plib_evsys.o
 .text          0x00000000        0x0 build/default/debug/_ext/1865468468/plib_nvic.o
 .data          0x00000000        0x0 build/default/debug/_ext/1865468468/plib_nvic.o
 .bss           0x00000000        0x0 build/default/debug/_ext/1865468468/plib_nvic.o
 .text.NVIC_INT_Enable
                0x00000000        0x8 build/default/debug/_ext/1865468468/plib_nvic.o
 .text.NVIC_INT_Disable
                0x00000000       0x12 build/default/debug/_ext/1865468468/plib_nvic.o
 .text.NVIC_INT_Restore
                0x00000000       0x12 build/default/debug/_ext/1865468468/plib_nvic.o
 .text.NVIC_INT_SourceDisable
                0x00000000       0x40 build/default/debug/_ext/1865468468/plib_nvic.o
 .text.NVIC_INT_SourceRestore
                0x00000000       0x20 build/default/debug/_ext/1865468468/plib_nvic.o
 .text          0x00000000        0x0 build/default/debug/_ext/1593096446/plib_nvmctrl.o
 .data          0x00000000        0x0 build/default/debug/_ext/1593096446/plib_nvmctrl.o
 .bss           0x00000000        0x0 build/default/debug/_ext/1593096446/plib_nvmctrl.o
 .text.NVMCTRL_CacheInvalidate
                0x00000000       0x14 build/default/debug/_ext/1593096446/plib_nvmctrl.o
 .text.NVMCTRL_Read
                0x00000000       0x10 build/default/debug/_ext/1593096446/plib_nvmctrl.o
 .text.NVMCTRL_PageWrite
                0x00000000       0x4c build/default/debug/_ext/1593096446/plib_nvmctrl.o
 .text.NVMCTRL_RowErase
                0x00000000       0x38 build/default/debug/_ext/1593096446/plib_nvmctrl.o
 .text.NVMCTRL_PageBufferWrite
                0x00000000       0x42 build/default/debug/_ext/1593096446/plib_nvmctrl.o
 .text.NVMCTRL_PageBufferCommit
                0x00000000       0x1c build/default/debug/_ext/1593096446/plib_nvmctrl.o
 .text.NVMCTRL_USER_ROW_PageWrite
                0x00000000       0x1e build/default/debug/_ext/1593096446/plib_nvmctrl.o
 .text.NVMCTRL_USER_ROW_RowErase
                0x00000000       0x22 build/default/debug/_ext/1593096446/plib_nvmctrl.o
 .text.NVMCTRL_BOCOR_ROW_PageWrite
                0x00000000       0x1e build/default/debug/_ext/1593096446/plib_nvmctrl.o
 .text.NVMCTRL_BOCOR_ROW_RowErase
                0x00000000       0x22 build/default/debug/_ext/1593096446/plib_nvmctrl.o
 .text.NVMCTRL_ErrorGet
                0x00000000       0x28 build/default/debug/_ext/1593096446/plib_nvmctrl.o
 .text.NVMCTRL_IsBusy
                0x00000000       0x16 build/default/debug/_ext/1593096446/plib_nvmctrl.o
 .text.NVMCTRL_RegionLock
                0x00000000       0x16 build/default/debug/_ext/1593096446/plib_nvmctrl.o
 .text.NVMCTRL_RegionUnlock
                0x00000000       0x16 build/default/debug/_ext/1593096446/plib_nvmctrl.o
 .text.NVMCTRL_SecureRegionLock
                0x00000000       0x16 build/default/debug/_ext/1593096446/plib_nvmctrl.o
 .text.NVMCTRL_SecureRegionUnlock
                0x00000000       0x16 build/default/debug/_ext/1593096446/plib_nvmctrl.o
 .text          0x00000000        0x0 build/default/debug/_ext/829342769/plib_pm.o
 .data          0x00000000        0x0 build/default/debug/_ext/829342769/plib_pm.o
 .bss           0x00000000        0x0 build/default/debug/_ext/829342769/plib_pm.o
 .text.PM_IdleModeEnter
                0x00000000       0x1e build/default/debug/_ext/829342769/plib_pm.o
 .text.PM_StandbyModeEnter
                0x00000000       0x1e build/default/debug/_ext/829342769/plib_pm.o
 .text.PM_OffModeEnter
                0x00000000       0x20 build/default/debug/_ext/829342769/plib_pm.o
 .text.PM_ConfigurePerformanceLevel
                0x00000000       0x50 build/default/debug/_ext/829342769/plib_pm.o
 .text          0x00000000        0x0 build/default/debug/_ext/1865521619/plib_port.o
 .data          0x00000000        0x0 build/default/debug/_ext/1865521619/plib_port.o
 .bss           0x00000000        0x0 build/default/debug/_ext/1865521619/plib_port.o
 .text.PORT_GroupRead
                0x00000000        0x4 build/default/debug/_ext/1865521619/plib_port.o
 .text.PORT_GroupWrite
                0x00000000        0xc build/default/debug/_ext/1865521619/plib_port.o
 .text.PORT_GroupLatchRead
                0x00000000        0x4 build/default/debug/_ext/1865521619/plib_port.o
 .text.PORT_GroupSet
                0x00000000        0x4 build/default/debug/_ext/1865521619/plib_port.o
 .text.PORT_GroupClear
                0x00000000        0x4 build/default/debug/_ext/1865521619/plib_port.o
 .text.PORT_GroupToggle
                0x00000000        0x4 build/default/debug/_ext/1865521619/plib_port.o
 .text.PORT_GroupInputEnable
                0x00000000       0x2a build/default/debug/_ext/1865521619/plib_port.o
 .text.PORT_GroupOutputEnable
                0x00000000        0x4 build/default/debug/_ext/1865521619/plib_port.o
 .text.PORT_PinPeripheralFunctionConfig
                0x00000000       0x4a build/default/debug/_ext/1865521619/plib_port.o
 .text.PORT_PinGPIOConfig
                0x00000000       0x20 build/default/debug/_ext/1865521619/plib_port.o
 .text          0x00000000        0x0 build/default/debug/_ext/163028504/xc32_monitor.o
 .data          0x00000000        0x0 build/default/debug/_ext/163028504/xc32_monitor.o
 .bss           0x00000000        0x0 build/default/debug/_ext/163028504/xc32_monitor.o
 .text.read     0x00000000        0x6 build/default/debug/_ext/163028504/xc32_monitor.o
 .text.write    0x00000000        0x6 build/default/debug/_ext/163028504/xc32_monitor.o
 .debug_info    0x00000000       0xf5 build/default/debug/_ext/163028504/xc32_monitor.o
 .debug_abbrev  0x00000000       0xb2 build/default/debug/_ext/163028504/xc32_monitor.o
 .debug_loc     0x00000000       0x56 build/default/debug/_ext/163028504/xc32_monitor.o
 .debug_aranges
                0x00000000       0x28 build/default/debug/_ext/163028504/xc32_monitor.o
 .debug_ranges  0x00000000       0x18 build/default/debug/_ext/163028504/xc32_monitor.o
 .debug_line    0x00000000       0xd9 build/default/debug/_ext/163028504/xc32_monitor.o
 .debug_str     0x00000000      0x282 build/default/debug/_ext/163028504/xc32_monitor.o
 .comment       0x00000000       0x36 build/default/debug/_ext/163028504/xc32_monitor.o
 .debug_frame   0x00000000       0x30 build/default/debug/_ext/163028504/xc32_monitor.o
 .ARM.attributes
                0x00000000       0x30 build/default/debug/_ext/163028504/xc32_monitor.o
 .text          0x00000000        0x0 build/default/debug/_ext/1171490990/initialization.o
 .data          0x00000000        0x0 build/default/debug/_ext/1171490990/initialization.o
 .bss           0x00000000        0x0 build/default/debug/_ext/1171490990/initialization.o
 .text          0x00000000        0x0 build/default/debug/_ext/1171490990/interrupts.o
 .data          0x00000000        0x0 build/default/debug/_ext/1171490990/interrupts.o
 .bss           0x00000000        0x0 build/default/debug/_ext/1171490990/interrupts.o
 .text          0x00000000        0x0 build/default/debug/_ext/1171490990/exceptions.o
 .data          0x00000000        0x0 build/default/debug/_ext/1171490990/exceptions.o
 .bss           0x00000000        0x0 build/default/debug/_ext/1171490990/exceptions.o
 .text          0x00000000        0x0 build/default/debug/_ext/1171490990/startup_xc32.o
 .data          0x00000000        0x0 build/default/debug/_ext/1171490990/startup_xc32.o
 .bss           0x00000000        0x0 build/default/debug/_ext/1171490990/startup_xc32.o
 .text          0x00000000        0x0 build/default/debug/_ext/1171490990/libc_syscalls.o
 .data          0x00000000        0x0 build/default/debug/_ext/1171490990/libc_syscalls.o
 .bss           0x00000000        0x0 build/default/debug/_ext/1171490990/libc_syscalls.o
 .text._exit    0x00000000        0x4 build/default/debug/_ext/1171490990/libc_syscalls.o
 .debug_info    0x00000000       0xa4 build/default/debug/_ext/1171490990/libc_syscalls.o
 .debug_abbrev  0x00000000       0x5a build/default/debug/_ext/1171490990/libc_syscalls.o
 .debug_aranges
                0x00000000       0x20 build/default/debug/_ext/1171490990/libc_syscalls.o
 .debug_ranges  0x00000000       0x10 build/default/debug/_ext/1171490990/libc_syscalls.o
 .debug_line    0x00000000       0x5f build/default/debug/_ext/1171490990/libc_syscalls.o
 .debug_str     0x00000000      0x2b6 build/default/debug/_ext/1171490990/libc_syscalls.o
 .comment       0x00000000       0x36 build/default/debug/_ext/1171490990/libc_syscalls.o
 .debug_frame   0x00000000       0x20 build/default/debug/_ext/1171490990/libc_syscalls.o
 .ARM.attributes
                0x00000000       0x30 build/default/debug/_ext/1171490990/libc_syscalls.o
 .text          0x00000000        0x0 build/default/debug/_ext/1360937237/main.o
 .data          0x00000000        0x0 build/default/debug/_ext/1360937237/main.o
 .bss           0x00000000        0x0 build/default/debug/_ext/1360937237/main.o
 .text          0x00000000        0x0 C:/Program Files/Microchip/xc32/v5.00/bin/bin/../../lib/gcc/pic32c/13.2.1/../../../../pic32c/lib/thumb/v8-m.base/nofp\libpic32c.a(data_init.o)
 .data          0x00000000        0x0 C:/Program Files/Microchip/xc32/v5.00/bin/bin/../../lib/gcc/pic32c/13.2.1/../../../../pic32c/lib/thumb/v8-m.base/nofp\libpic32c.a(data_init.o)
 .xc_stack_usage
                0x00000000       0x68 C:/Program Files/Microchip/xc32/v5.00/bin/bin/../../lib/gcc/pic32c/13.2.1/../../../../pic32c/lib/thumb/v8-m.base/nofp\libpic32c.a(data_init.o)
 .xc_stack_usage.hdr
                0x00000000        0xe C:/Program Files/Microchip/xc32/v5.00/bin/bin/../../lib/gcc/pic32c/13.2.1/../../../../pic32c/lib/thumb/v8-m.base/nofp\libpic32c.a(data_init.o)
 .text          0x00000000        0x0 C:/Program Files/Microchip/xc32/v5.00/bin/bin/../../lib/gcc/pic32c/13.2.1/../../../../pic32c/lib/thumb/v8-m.base/nofp\libc-size-musl.a(memcpy.o)
 .data          0x00000000        0x0 C:/Program Files/Microchip/xc32/v5.00/bin/bin/../../lib/gcc/pic32c/13.2.1/../../../../pic32c/lib/thumb/v8-m.base/nofp\libc-size-musl.a(memcpy.o)
 .bss           0x00000000        0x0 C:/Program Files/Microchip/xc32/v5.00/bin/bin/../../lib/gcc/pic32c/13.2.1/../../../../pic32c/lib/thumb/v8-m.base/nofp\libc-size-musl.a(memcpy.o)
 .xc_stack_usage
                0x00000000       0x14 C:/Program Files/Microchip/xc32/v5.00/bin/bin/../../lib/gcc/pic32c/13.2.1/../../../../pic32c/lib/thumb/v8-m.base/nofp\libc-size-musl.a(memcpy.o)
 .text.memcpy   0x00000000       0x14 C:/Program Files/Microchip/xc32/v5.00/bin/bin/../../lib/gcc/pic32c/13.2.1/../../../../pic32c/lib/thumb/v8-m.base/nofp\libc-size-musl.a(memcpy.o)
 .xc_stack_usage.hdr
                0x00000000        0xe C:/Program Files/Microchip/xc32/v5.00/bin/bin/../../lib/gcc/pic32c/13.2.1/../../../../pic32c/lib/thumb/v8-m.base/nofp\libc-size-musl.a(memcpy.o)
 .debug_info    0x00000000       0xed C:/Program Files/Microchip/xc32/v5.00/bin/bin/../../lib/gcc/pic32c/13.2.1/../../../../pic32c/lib/thumb/v8-m.base/nofp\libc-size-musl.a(memcpy.o)
 .debug_abbrev  0x00000000       0xbb C:/Program Files/Microchip/xc32/v5.00/bin/bin/../../lib/gcc/pic32c/13.2.1/../../../../pic32c/lib/thumb/v8-m.base/nofp\libc-size-musl.a(memcpy.o)
 .debug_loc     0x00000000      0x12d C:/Program Files/Microchip/xc32/v5.00/bin/bin/../../lib/gcc/pic32c/13.2.1/../../../../pic32c/lib/thumb/v8-m.base/nofp\libc-size-musl.a(memcpy.o)
 .debug_aranges
                0x00000000       0x20 C:/Program Files/Microchip/xc32/v5.00/bin/bin/../../lib/gcc/pic32c/13.2.1/../../../../pic32c/lib/thumb/v8-m.base/nofp\libc-size-musl.a(memcpy.o)
 .debug_ranges  0x00000000       0x10 C:/Program Files/Microchip/xc32/v5.00/bin/bin/../../lib/gcc/pic32c/13.2.1/../../../../pic32c/lib/thumb/v8-m.base/nofp\libc-size-musl.a(memcpy.o)
 .debug_line    0x00000000      0x16c C:/Program Files/Microchip/xc32/v5.00/bin/bin/../../lib/gcc/pic32c/13.2.1/../../../../pic32c/lib/thumb/v8-m.base/nofp\libc-size-musl.a(memcpy.o)
 .debug_str     0x00000000      0x241 C:/Program Files/Microchip/xc32/v5.00/bin/bin/../../lib/gcc/pic32c/13.2.1/../../../../pic32c/lib/thumb/v8-m.base/nofp\libc-size-musl.a(memcpy.o)
 .comment       0x00000000       0x36 C:/Program Files/Microchip/xc32/v5.00/bin/bin/../../lib/gcc/pic32c/13.2.1/../../../../pic32c/lib/thumb/v8-m.base/nofp\libc-size-musl.a(memcpy.o)
 .note.GNU-stack
                0x00000000        0x0 C:/Program Files/Microchip/xc32/v5.00/bin/bin/../../lib/gcc/pic32c/13.2.1/../../../../pic32c/lib/thumb/v8-m.base/nofp\libc-size-musl.a(memcpy.o)
 .debug_frame   0x00000000       0x28 C:/Program Files/Microchip/xc32/v5.00/bin/bin/../../lib/gcc/pic32c/13.2.1/../../../../pic32c/lib/thumb/v8-m.base/nofp\libc-size-musl.a(memcpy.o)
 .ARM.attributes
                0x00000000       0x32 C:/Program Files/Microchip/xc32/v5.00/bin/bin/../../lib/gcc/pic32c/13.2.1/../../../../pic32c/lib/thumb/v8-m.base/nofp\libc-size-musl.a(memcpy.o)
 .text          0x00000000        0x0 C:/Program Files/Microchip/xc32/v5.00/bin/bin/../../lib/gcc/pic32c/13.2.1/../../../../pic32c/lib/thumb/v8-m.base/nofp\libg-musl.a(__libc_start_main.o)
 .data          0x00000000        0x0 C:/Program Files/Microchip/xc32/v5.00/bin/bin/../../lib/gcc/pic32c/13.2.1/../../../../pic32c/lib/thumb/v8-m.base/nofp\libg-musl.a(__libc_start_main.o)
 .bss           0x00000000        0x0 C:/Program Files/Microchip/xc32/v5.00/bin/bin/../../lib/gcc/pic32c/13.2.1/../../../../pic32c/lib/thumb/v8-m.base/nofp\libg-musl.a(__libc_start_main.o)
 .xc_stack_usage
                0x00000000       0x34 C:/Program Files/Microchip/xc32/v5.00/bin/bin/../../lib/gcc/pic32c/13.2.1/../../../../pic32c/lib/thumb/v8-m.base/nofp\libg-musl.a(__libc_start_main.o)
 .xc_stack_usage.hdr
                0x00000000        0xe C:/Program Files/Microchip/xc32/v5.00/bin/bin/../../lib/gcc/pic32c/13.2.1/../../../../pic32c/lib/thumb/v8-m.base/nofp\libg-musl.a(__libc_start_main.o)
 .text          0x00000000        0x0 C:/Program Files/Microchip/xc32/v5.00/bin/bin/../../lib/gcc/pic32c/13.2.1/../../../../pic32c/lib/thumb/v8-m.base/nofp\libg-musl.a(libc.o)
 .data          0x00000000        0x0 C:/Program Files/Microchip/xc32/v5.00/bin/bin/../../lib/gcc/pic32c/13.2.1/../../../../pic32c/lib/thumb/v8-m.base/nofp\libg-musl.a(libc.o)
 .xc_stack_usage.hdr
                0x00000000        0xe C:/Program Files/Microchip/xc32/v5.00/bin/bin/../../lib/gcc/pic32c/13.2.1/../../../../pic32c/lib/thumb/v8-m.base/nofp\libg-musl.a(libc.o)
 .text          0x00000000        0x0 C:/Program Files/Microchip/xc32/v5.00/bin/bin/../../lib/gcc/pic32c/13.2.1/../../../../pic32c/lib/thumb/v8-m.base/nofp\libg-musl.a(__environ.o)
 .data          0x00000000        0x0 C:/Program Files/Microchip/xc32/v5.00/bin/bin/../../lib/gcc/pic32c/13.2.1/../../../../pic32c/lib/thumb/v8-m.base/nofp\libg-musl.a(__environ.o)
 .xc_stack_usage.hdr
                0x00000000        0xe C:/Program Files/Microchip/xc32/v5.00/bin/bin/../../lib/gcc/pic32c/13.2.1/../../../../pic32c/lib/thumb/v8-m.base/nofp\libg-musl.a(__environ.o)
 .text          0x00000000        0x0 C:/Program Files/Microchip/xc32/v5.00/bin/bin/../../lib/gcc/pic32c/13.2.1/thumb/v8-m.base/nofp/crtend.o
 .data          0x00000000        0x0 C:/Program Files/Microchip/xc32/v5.00/bin/bin/../../lib/gcc/pic32c/13.2.1/thumb/v8-m.base/nofp/crtend.o
 .bss           0x00000000        0x0 C:/Program Files/Microchip/xc32/v5.00/bin/bin/../../lib/gcc/pic32c/13.2.1/thumb/v8-m.base/nofp/crtend.o
 .rodata        0x00000000       0x24 C:/Program Files/Microchip/xc32/v5.00/bin/bin/../../lib/gcc/pic32c/13.2.1/thumb/v8-m.base/nofp/crtend.o
 .eh_frame      0x00000000        0x4 C:/Program Files/Microchip/xc32/v5.00/bin/bin/../../lib/gcc/pic32c/13.2.1/thumb/v8-m.base/nofp/crtend.o
 .xc_stack_usage.hdr
                0x00000000        0xe C:/Program Files/Microchip/xc32/v5.00/bin/bin/../../lib/gcc/pic32c/13.2.1/thumb/v8-m.base/nofp/crtend.o
 .comment       0x00000000       0x36 C:/Program Files/Microchip/xc32/v5.00/bin/bin/../../lib/gcc/pic32c/13.2.1/thumb/v8-m.base/nofp/crtend.o
 .ARM.attributes
                0x00000000       0x30 C:/Program Files/Microchip/xc32/v5.00/bin/bin/../../lib/gcc/pic32c/13.2.1/thumb/v8-m.base/nofp/crtend.o
 .text          0x00000000        0x0 C:/Program Files/Microchip/xc32/v5.00/bin/bin/../../lib/gcc/pic32c/13.2.1/thumb/v8-m.base/nofp/crtn.o
 .data          0x00000000        0x0 C:/Program Files/Microchip/xc32/v5.00/bin/bin/../../lib/gcc/pic32c/13.2.1/thumb/v8-m.base/nofp/crtn.o
 .bss           0x00000000        0x0 C:/Program Files/Microchip/xc32/v5.00/bin/bin/../../lib/gcc/pic32c/13.2.1/thumb/v8-m.base/nofp/crtn.o
 .xc_stack_usage.hdr
                0x00000000        0xe C:/Program Files/Microchip/xc32/v5.00/bin/bin/../../lib/gcc/pic32c/13.2.1/thumb/v8-m.base/nofp/crtn.o
 .text          0x00000000        0x0 C:/Program Files/Microchip/xc32/v5.00/bin/bin/../../lib/gcc/pic32c/13.2.1/../../../../pic32c/lib/thumb/v8-m.base/nofp\libpic32c.a(pic32_data_init_clear.o)
 .data          0x00000000        0x0 C:/Program Files/Microchip/xc32/v5.00/bin/bin/../../lib/gcc/pic32c/13.2.1/../../../../pic32c/lib/thumb/v8-m.base/nofp\libpic32c.a(pic32_data_init_clear.o)
 .bss           0x00000000        0x0 C:/Program Files/Microchip/xc32/v5.00/bin/bin/../../lib/gcc/pic32c/13.2.1/../../../../pic32c/lib/thumb/v8-m.base/nofp\libpic32c.a(pic32_data_init_clear.o)
 .xc_stack_usage
                0x00000000       0x1b C:/Program Files/Microchip/xc32/v5.00/bin/bin/../../lib/gcc/pic32c/13.2.1/../../../../pic32c/lib/thumb/v8-m.base/nofp\libpic32c.a(pic32_data_init_clear.o)
 .xc_stack_usage.hdr
                0x00000000        0xe C:/Program Files/Microchip/xc32/v5.00/bin/bin/../../lib/gcc/pic32c/13.2.1/../../../../pic32c/lib/thumb/v8-m.base/nofp\libpic32c.a(pic32_data_init_clear.o)
 .text          0x00000000        0x0 C:/Program Files/Microchip/xc32/v5.00/bin/bin/../../lib/gcc/pic32c/13.2.1/../../../../pic32c/lib/thumb/v8-m.base/nofp\libpic32c.a(pic32_data_init_copy.o)
 .data          0x00000000        0x0 C:/Program Files/Microchip/xc32/v5.00/bin/bin/../../lib/gcc/pic32c/13.2.1/../../../../pic32c/lib/thumb/v8-m.base/nofp\libpic32c.a(pic32_data_init_copy.o)
 .bss           0x00000000        0x0 C:/Program Files/Microchip/xc32/v5.00/bin/bin/../../lib/gcc/pic32c/13.2.1/../../../../pic32c/lib/thumb/v8-m.base/nofp\libpic32c.a(pic32_data_init_copy.o)
 .xc_stack_usage
                0x00000000       0x1a C:/Program Files/Microchip/xc32/v5.00/bin/bin/../../lib/gcc/pic32c/13.2.1/../../../../pic32c/lib/thumb/v8-m.base/nofp\libpic32c.a(pic32_data_init_copy.o)
 .xc_stack_usage.hdr
                0x00000000        0xe C:/Program Files/Microchip/xc32/v5.00/bin/bin/../../lib/gcc/pic32c/13.2.1/../../../../pic32c/lib/thumb/v8-m.base/nofp\libpic32c.a(pic32_data_init_copy.o)

Memory Configuration

Name             Origin             Length             Attributes
rom              0x00000000         0x00080000         xrl
ram              0x20000000         0x00010000         xw!r
config_00804000  0x00804000         0x00000004
config_00804004  0x00804004         0x00000004
*default*        0x00000000         0xffffffff

Linker script and memory map

LOAD C:/Program Files/Microchip/xc32/v5.00/bin/bin/../../lib/gcc/pic32c/13.2.1/thumb/v8-m.base/nofp/crti.o
LOAD C:/Program Files/Microchip/xc32/v5.00/bin/bin/../../lib/gcc/pic32c/13.2.1/thumb/v8-m.base/nofp/crtbegin.o
LOAD build/default/debug/_ext/1984496892/plib_clock.o
LOAD build/default/debug/_ext/60166132/plib_dac.o
LOAD build/default/debug/_ext/1986646378/plib_evsys.o
LOAD build/default/debug/_ext/1865468468/plib_nvic.o
LOAD build/default/debug/_ext/1593096446/plib_nvmctrl.o
LOAD build/default/debug/_ext/829342769/plib_pm.o
LOAD build/default/debug/_ext/1865521619/plib_port.o
LOAD build/default/debug/_ext/163028504/xc32_monitor.o
LOAD build/default/debug/_ext/1171490990/initialization.o
LOAD build/default/debug/_ext/1171490990/interrupts.o
LOAD build/default/debug/_ext/1171490990/exceptions.o
LOAD build/default/debug/_ext/1171490990/startup_xc32.o
LOAD build/default/debug/_ext/1171490990/libc_syscalls.o
LOAD build/default/debug/_ext/1360937237/main.o
                0x00000001                        __MPLAB_BUILD = 0x1
                0x00080000                        __rom_end = (ORIGIN (rom) + LENGTH (rom))
                0x20010000                        __ram_end = (ORIGIN (ram) + LENGTH (ram))

.config_00804000
                0x00804000        0x4
 *(.config_00804000)
 .config_00804000
                0x00804000        0x4 build/default/debug/_ext/1171490990/initialization.o
                0x00804000                __config_00804000

.config_00804004
                0x00804004        0x4
 *(.config_00804004)
 .config_00804004
                0x00804004        0x4 build/default/debug/_ext/1171490990/initialization.o
                0x00804004                __config_00804004

.vectors        0x00000000      0x15c
                0x00000000                        . = ALIGN (0x4)
                0x00000000                        _sfixed = .
 *(.vectors .vectors.* .vectors_default .vectors_default.*)
 .vectors       0x00000000      0x15c build/default/debug/_ext/1171490990/interrupts.o
                0x00000000                exception_table
 *(.isr_vector)
 *(.reset*)
 *(.after_vectors)

.text           0x0000015c       0x20
                0x0000015c                        . = ALIGN (0x4)
 *(.glue_7t)
 .glue_7t       0x0000015c        0x0 linker stubs
 *(.glue_7)
 .glue_7        0x0000015c        0x0 linker stubs
 *(.gnu.linkonce.r.*)
 *(.ARM.extab* .gnu.linkonce.armextab.*)
                0x0000015c                        . = ALIGN (0x4)
 *(.init)
 .init          0x0000015c        0x4 C:/Program Files/Microchip/xc32/v5.00/bin/bin/../../lib/gcc/pic32c/13.2.1/thumb/v8-m.base/nofp/crti.o
                0x0000015c                _init
 .init          0x00000160        0x8 C:/Program Files/Microchip/xc32/v5.00/bin/bin/../../lib/gcc/pic32c/13.2.1/thumb/v8-m.base/nofp/crtn.o
                0x00000168                        . = ALIGN (0x4)
                0x00000168                        __preinit_array_start = .
 *(.preinit_array)
                0x00000168                        __preinit_array_end = .
                0x00000168                        . = ALIGN (0x4)
                0x00000168                        __init_array_start = .
 *(SORT_BY_NAME(.init_array.*))
 *(.init_array)
 .init_array    0x00000168        0x4 C:/Program Files/Microchip/xc32/v5.00/bin/bin/../../lib/gcc/pic32c/13.2.1/thumb/v8-m.base/nofp/crtbegin.o
                0x0000016c                        __init_array_end = .
                0x0000016c                        . = ALIGN (0x4)
 *crtbegin.o(.ctors)
 *(EXCLUDE_FILE(*crtend.o) .ctors)
 *(SORT_BY_NAME(.ctors.*))
 *crtend.o(.ctors)
                0x0000016c                        . = ALIGN (0x4)
 *(.fini)
 .fini          0x0000016c        0x4 C:/Program Files/Microchip/xc32/v5.00/bin/bin/../../lib/gcc/pic32c/13.2.1/thumb/v8-m.base/nofp/crti.o
                0x0000016c                _fini
 .fini          0x00000170        0x8 C:/Program Files/Microchip/xc32/v5.00/bin/bin/../../lib/gcc/pic32c/13.2.1/thumb/v8-m.base/nofp/crtn.o
                0x00000178                        . = ALIGN (0x4)
                0x00000178                        __fini_array_start = .
 *(.fini_array)
 .fini_array    0x00000178        0x4 C:/Program Files/Microchip/xc32/v5.00/bin/bin/../../lib/gcc/pic32c/13.2.1/thumb/v8-m.base/nofp/crtbegin.o
 *(SORT_BY_NAME(.fini_array.*))
                0x0000017c                        __fini_array_end = .
 *crtbegin.o(.dtors)
 *(EXCLUDE_FILE(*crtend.o) .dtors)
 *(SORT_BY_NAME(.dtors.*))
 *crtend.o(.dtors)
                0x0000017c                        . = ALIGN (0x4)
                0x0000017c                        _efixed = .
                [!provide]                        PROVIDE (__exidx_start = .)

.ARM.exidx
 *(.ARM.exidx* .gnu.linkonce.armexidx.*)
                [!provide]                        PROVIDE (__exidx_end = .)
                0x0000017c                        . = ALIGN (0x4)
                0x0000017c                        _etext = .

.bss            0x20000000        0x0
                0x20000000                        . = ALIGN (0x4)
                0x20000000                        __bss_start__ = .
                0x20000000                        _sbss = .
                0x20000000                        _szero = .
 *(COMMON)
                0x20000000                        . = ALIGN (0x4)
                0x20000000                        __bss_end__ = .
                0x20000000                        _ebss = .
                0x20000000                        _ezero = .
                0x20000000                        . = ALIGN (0x4)
                0x20000000                        _end = .
                0x2000ffff                        _ram_end_ = ((ORIGIN (ram) + LENGTH (ram)) - 0x1)
                0x00000001                        __ICD2RAM = 0x1
                0x00000001                        __MPLAB_DEBUG = 0x1
                0x00000001                        __DEBUG = 0x1
                0x00000200                        _min_heap_size = 0x200
START GROUP
LOAD C:/Program Files/Microchip/xc32/v5.00/bin/bin/../../lib/gcc/pic32c/13.2.1/../../../../pic32c/lib/thumb/v8-m.base/nofp\libpic32c.a
LOAD C:/Program Files/Microchip/xc32/v5.00/bin/bin/../../lib/gcc/pic32c/13.2.1/../../../../pic32c/lib/thumb/v8-m.base/nofp\libc-size-musl.a
LOAD C:/Program Files/Microchip/xc32/v5.00/bin/bin/../../lib/gcc/pic32c/13.2.1/../../../../pic32c/lib/thumb/v8-m.base/nofp\liblmalloc-musl.a
LOAD C:/Program Files/Microchip/xc32/v5.00/bin/bin/../../lib/gcc/pic32c/13.2.1/../../../../pic32c/lib/thumb/v8-m.base/nofp\libg-musl.a
LOAD C:/Program Files/Microchip/xc32/v5.00/bin/bin/../../lib/gcc/pic32c/13.2.1/../../../../pic32c/lib/thumb/v8-m.base/nofp\libc-musl.a
LOAD C:/Program Files/Microchip/xc32/v5.00/bin/bin/../../lib/gcc/pic32c/13.2.1/../../../../pic32c/lib/thumb/v8-m.base/nofp\libm-fast-emfloat.a
LOAD C:/Program Files/Microchip/xc32/v5.00/bin/bin/../../lib/gcc/pic32c/13.2.1/../../../../pic32c/lib/thumb/v8-m.base/nofp\libm-musl.a
END GROUP
LOAD C:/Program Files/Microchip/xc32/v5.00/bin/bin/../../lib/gcc/pic32c/13.2.1/thumb/v8-m.base/nofp\libgcc.a
LOAD C:/Program Files/Microchip/xc32/v5.00/bin/bin/../../lib/gcc/pic32c/13.2.1/thumb/v8-m.base/nofp/crtend.o
LOAD C:/Program Files/Microchip/xc32/v5.00/bin/bin/../../lib/gcc/pic32c/13.2.1/thumb/v8-m.base/nofp/crtn.o
OUTPUT(dist/default/debug/DAC.X.debug.elf elf32-littlearm)
LOAD linker stubs
LOAD data_init

.note           0x00000000      0x3a8
 .note          0x00000000       0x18 C:/Program Files/Microchip/xc32/v5.00/bin/bin/../../lib/gcc/pic32c/13.2.1/thumb/v8-m.base/nofp/crti.o
 .note          0x00000018       0x18 C:/Program Files/Microchip/xc32/v5.00/bin/bin/../../lib/gcc/pic32c/13.2.1/thumb/v8-m.base/nofp/crtbegin.o
 .note          0x00000030       0x18 build/default/debug/_ext/1984496892/plib_clock.o
 .note          0x00000048       0x18 build/default/debug/_ext/60166132/plib_dac.o
 .note          0x00000060       0x18 build/default/debug/_ext/1986646378/plib_evsys.o
 .note          0x00000078       0x18 build/default/debug/_ext/1865468468/plib_nvic.o
 .note          0x00000090       0x18 build/default/debug/_ext/1593096446/plib_nvmctrl.o
 .note          0x000000a8       0x18 build/default/debug/_ext/829342769/plib_pm.o
 .note          0x000000c0       0x18 build/default/debug/_ext/1865521619/plib_port.o
 .note          0x000000d8       0x18 build/default/debug/_ext/163028504/xc32_monitor.o
 .note          0x000000f0      0x168 build/default/debug/_ext/1171490990/initialization.o
 .note          0x00000258       0x18 build/default/debug/_ext/1171490990/interrupts.o
 .note          0x00000270       0x18 build/default/debug/_ext/1171490990/exceptions.o
 .note          0x00000288       0x18 build/default/debug/_ext/1171490990/startup_xc32.o
 .note          0x000002a0       0x18 build/default/debug/_ext/1171490990/libc_syscalls.o
 .note          0x000002b8       0x18 build/default/debug/_ext/1360937237/main.o
 .note          0x000002d0       0x18 C:/Program Files/Microchip/xc32/v5.00/bin/bin/../../lib/gcc/pic32c/13.2.1/../../../../pic32c/lib/thumb/v8-m.base/nofp\libpic32c.a(data_init.o)
 .note          0x000002e8       0x18 C:/Program Files/Microchip/xc32/v5.00/bin/bin/../../lib/gcc/pic32c/13.2.1/../../../../pic32c/lib/thumb/v8-m.base/nofp\libc-size-musl.a(memcpy.o)
 .note          0x00000300       0x18 C:/Program Files/Microchip/xc32/v5.00/bin/bin/../../lib/gcc/pic32c/13.2.1/../../../../pic32c/lib/thumb/v8-m.base/nofp\libg-musl.a(__libc_start_main.o)
 .note          0x00000318       0x18 C:/Program Files/Microchip/xc32/v5.00/bin/bin/../../lib/gcc/pic32c/13.2.1/../../../../pic32c/lib/thumb/v8-m.base/nofp\libg-musl.a(libc.o)
 .note          0x00000330       0x18 C:/Program Files/Microchip/xc32/v5.00/bin/bin/../../lib/gcc/pic32c/13.2.1/../../../../pic32c/lib/thumb/v8-m.base/nofp\libg-musl.a(__environ.o)
 .note          0x00000348       0x18 C:/Program Files/Microchip/xc32/v5.00/bin/bin/../../lib/gcc/pic32c/13.2.1/thumb/v8-m.base/nofp/crtend.o
 .note          0x00000360       0x18 C:/Program Files/Microchip/xc32/v5.00/bin/bin/../../lib/gcc/pic32c/13.2.1/thumb/v8-m.base/nofp/crtn.o
 .note          0x00000378       0x18 C:/Program Files/Microchip/xc32/v5.00/bin/bin/../../lib/gcc/pic32c/13.2.1/../../../../pic32c/lib/thumb/v8-m.base/nofp\libpic32c.a(pic32_data_init_clear.o)
 .note          0x00000390       0x18 C:/Program Files/Microchip/xc32/v5.00/bin/bin/../../lib/gcc/pic32c/13.2.1/../../../../pic32c/lib/thumb/v8-m.base/nofp\libpic32c.a(pic32_data_init_copy.o)

.ARM.attributes
                0x00000000       0x30
 .ARM.attributes
                0x00000000       0x22 C:/Program Files/Microchip/xc32/v5.00/bin/bin/../../lib/gcc/pic32c/13.2.1/thumb/v8-m.base/nofp/crti.o
 .ARM.attributes
                0x00000022       0x30 C:/Program Files/Microchip/xc32/v5.00/bin/bin/../../lib/gcc/pic32c/13.2.1/thumb/v8-m.base/nofp/crtbegin.o
 .ARM.attributes
                0x00000052       0x30 build/default/debug/_ext/1984496892/plib_clock.o
 .ARM.attributes
                0x00000082       0x30 build/default/debug/_ext/60166132/plib_dac.o
 .ARM.attributes
                0x000000b2       0x30 build/default/debug/_ext/1986646378/plib_evsys.o
 .ARM.attributes
                0x000000e2       0x30 build/default/debug/_ext/1865468468/plib_nvic.o
 .ARM.attributes
                0x00000112       0x30 build/default/debug/_ext/1593096446/plib_nvmctrl.o
 .ARM.attributes
                0x00000142       0x30 build/default/debug/_ext/829342769/plib_pm.o
 .ARM.attributes
                0x00000172       0x30 build/default/debug/_ext/1865521619/plib_port.o
 .ARM.attributes
                0x000001a2       0x30 build/default/debug/_ext/1171490990/initialization.o
 .ARM.attributes
                0x000001d2       0x30 build/default/debug/_ext/1171490990/interrupts.o
 .ARM.attributes
                0x00000202       0x30 build/default/debug/_ext/1171490990/exceptions.o
 .ARM.attributes
                0x00000232       0x30 build/default/debug/_ext/1171490990/startup_xc32.o
 .ARM.attributes
                0x00000262       0x30 build/default/debug/_ext/1360937237/main.o
 .ARM.attributes
                0x00000292       0x30 C:/Program Files/Microchip/xc32/v5.00/bin/bin/../../lib/gcc/pic32c/13.2.1/../../../../pic32c/lib/thumb/v8-m.base/nofp\libpic32c.a(data_init.o)
 .ARM.attributes
                0x000002c2       0x32 C:/Program Files/Microchip/xc32/v5.00/bin/bin/../../lib/gcc/pic32c/13.2.1/../../../../pic32c/lib/thumb/v8-m.base/nofp\libg-musl.a(__libc_start_main.o)
 .ARM.attributes
                0x000002f4       0x32 C:/Program Files/Microchip/xc32/v5.00/bin/bin/../../lib/gcc/pic32c/13.2.1/../../../../pic32c/lib/thumb/v8-m.base/nofp\libg-musl.a(libc.o)
 .ARM.attributes
                0x00000326       0x32 C:/Program Files/Microchip/xc32/v5.00/bin/bin/../../lib/gcc/pic32c/13.2.1/../../../../pic32c/lib/thumb/v8-m.base/nofp\libg-musl.a(__environ.o)
 .ARM.attributes
                0x00000358       0x22 C:/Program Files/Microchip/xc32/v5.00/bin/bin/../../lib/gcc/pic32c/13.2.1/thumb/v8-m.base/nofp/crtn.o
 .ARM.attributes
                0x0000037a       0x30 C:/Program Files/Microchip/xc32/v5.00/bin/bin/../../lib/gcc/pic32c/13.2.1/../../../../pic32c/lib/thumb/v8-m.base/nofp\libpic32c.a(pic32_data_init_clear.o)
 .ARM.attributes
                0x000003aa       0x30 C:/Program Files/Microchip/xc32/v5.00/bin/bin/../../lib/gcc/pic32c/13.2.1/../../../../pic32c/lib/thumb/v8-m.base/nofp\libpic32c.a(pic32_data_init_copy.o)

.comment        0x00000000       0x35
 .comment       0x00000000       0x35 C:/Program Files/Microchip/xc32/v5.00/bin/bin/../../lib/gcc/pic32c/13.2.1/thumb/v8-m.base/nofp/crtbegin.o
                                 0x36 (size before relaxing)
 .comment       0x00000035       0x36 build/default/debug/_ext/1984496892/plib_clock.o
 .comment       0x00000035       0x36 build/default/debug/_ext/60166132/plib_dac.o
 .comment       0x00000035       0x36 build/default/debug/_ext/1986646378/plib_evsys.o
 .comment       0x00000035       0x36 build/default/debug/_ext/1865468468/plib_nvic.o
 .comment       0x00000035       0x36 build/default/debug/_ext/1593096446/plib_nvmctrl.o
 .comment       0x00000035       0x36 build/default/debug/_ext/829342769/plib_pm.o
 .comment       0x00000035       0x36 build/default/debug/_ext/1865521619/plib_port.o
 .comment       0x00000035       0x36 build/default/debug/_ext/1171490990/initialization.o
 .comment       0x00000035       0x36 build/default/debug/_ext/1171490990/interrupts.o
 .comment       0x00000035       0x36 build/default/debug/_ext/1171490990/exceptions.o
 .comment       0x00000035       0x36 build/default/debug/_ext/1171490990/startup_xc32.o
 .comment       0x00000035       0x36 build/default/debug/_ext/1360937237/main.o
 .comment       0x00000035       0x36 C:/Program Files/Microchip/xc32/v5.00/bin/bin/../../lib/gcc/pic32c/13.2.1/../../../../pic32c/lib/thumb/v8-m.base/nofp\libpic32c.a(data_init.o)
 .comment       0x00000035       0x36 C:/Program Files/Microchip/xc32/v5.00/bin/bin/../../lib/gcc/pic32c/13.2.1/../../../../pic32c/lib/thumb/v8-m.base/nofp\libg-musl.a(__libc_start_main.o)
 .comment       0x00000035       0x36 C:/Program Files/Microchip/xc32/v5.00/bin/bin/../../lib/gcc/pic32c/13.2.1/../../../../pic32c/lib/thumb/v8-m.base/nofp\libg-musl.a(libc.o)
 .comment       0x00000035       0x36 C:/Program Files/Microchip/xc32/v5.00/bin/bin/../../lib/gcc/pic32c/13.2.1/../../../../pic32c/lib/thumb/v8-m.base/nofp\libg-musl.a(__environ.o)
 .comment       0x00000035       0x36 C:/Program Files/Microchip/xc32/v5.00/bin/bin/../../lib/gcc/pic32c/13.2.1/../../../../pic32c/lib/thumb/v8-m.base/nofp\libpic32c.a(pic32_data_init_clear.o)
 .comment       0x00000035       0x36 C:/Program Files/Microchip/xc32/v5.00/bin/bin/../../lib/gcc/pic32c/13.2.1/../../../../pic32c/lib/thumb/v8-m.base/nofp\libpic32c.a(pic32_data_init_copy.o)

.debug_info     0x00000000     0x3bde
 .debug_info    0x00000000      0x6b7 build/default/debug/_ext/1984496892/plib_clock.o
 .debug_info    0x000006b7      0x28f build/default/debug/_ext/60166132/plib_dac.o
 .debug_info    0x00000946       0x9b build/default/debug/_ext/1986646378/plib_evsys.o
 .debug_info    0x000009e1      0x759 build/default/debug/_ext/1865468468/plib_nvic.o
 .debug_info    0x0000113a      0x807 build/default/debug/_ext/1593096446/plib_nvmctrl.o
 .debug_info    0x00001941      0x236 build/default/debug/_ext/829342769/plib_pm.o
 .debug_info    0x00001b77      0x78d build/default/debug/_ext/1865521619/plib_port.o
 .debug_info    0x00002304      0x383 build/default/debug/_ext/1171490990/initialization.o
 .debug_info    0x00002687      0x696 build/default/debug/_ext/1171490990/interrupts.o
 .debug_info    0x00002d1d       0xb3 build/default/debug/_ext/1171490990/exceptions.o
 .debug_info    0x00002dd0      0x200 build/default/debug/_ext/1171490990/startup_xc32.o
 .debug_info    0x00002fd0      0x1b1 build/default/debug/_ext/1360937237/main.o
 .debug_info    0x00003181      0x212 C:/Program Files/Microchip/xc32/v5.00/bin/bin/../../lib/gcc/pic32c/13.2.1/../../../../pic32c/lib/thumb/v8-m.base/nofp\libpic32c.a(data_init.o)
 .debug_info    0x00003393      0x2fb C:/Program Files/Microchip/xc32/v5.00/bin/bin/../../lib/gcc/pic32c/13.2.1/../../../../pic32c/lib/thumb/v8-m.base/nofp\libg-musl.a(__libc_start_main.o)
 .debug_info    0x0000368e      0x276 C:/Program Files/Microchip/xc32/v5.00/bin/bin/../../lib/gcc/pic32c/13.2.1/../../../../pic32c/lib/thumb/v8-m.base/nofp\libg-musl.a(libc.o)
 .debug_info    0x00003904       0x97 C:/Program Files/Microchip/xc32/v5.00/bin/bin/../../lib/gcc/pic32c/13.2.1/../../../../pic32c/lib/thumb/v8-m.base/nofp\libg-musl.a(__environ.o)
 .debug_info    0x0000399b      0x117 C:/Program Files/Microchip/xc32/v5.00/bin/bin/../../lib/gcc/pic32c/13.2.1/../../../../pic32c/lib/thumb/v8-m.base/nofp\libpic32c.a(pic32_data_init_clear.o)
 .debug_info    0x00003ab2      0x12c C:/Program Files/Microchip/xc32/v5.00/bin/bin/../../lib/gcc/pic32c/13.2.1/../../../../pic32c/lib/thumb/v8-m.base/nofp\libpic32c.a(pic32_data_init_copy.o)

.debug_abbrev   0x00000000     0x1330
 .debug_abbrev  0x00000000      0x142 build/default/debug/_ext/1984496892/plib_clock.o
 .debug_abbrev  0x00000142      0x11f build/default/debug/_ext/60166132/plib_dac.o
 .debug_abbrev  0x00000261       0x46 build/default/debug/_ext/1986646378/plib_evsys.o
 .debug_abbrev  0x000002a7      0x236 build/default/debug/_ext/1865468468/plib_nvic.o
 .debug_abbrev  0x000004dd      0x1ee build/default/debug/_ext/1593096446/plib_nvmctrl.o
 .debug_abbrev  0x000006cb      0x106 build/default/debug/_ext/829342769/plib_pm.o
 .debug_abbrev  0x000007d1      0x206 build/default/debug/_ext/1865521619/plib_port.o
 .debug_abbrev  0x000009d7       0xf0 build/default/debug/_ext/1171490990/initialization.o
 .debug_abbrev  0x00000ac7       0xd3 build/default/debug/_ext/1171490990/interrupts.o
 .debug_abbrev  0x00000b9a       0x49 build/default/debug/_ext/1171490990/exceptions.o
 .debug_abbrev  0x00000be3      0x12c build/default/debug/_ext/1171490990/startup_xc32.o
 .debug_abbrev  0x00000d0f      0x104 build/default/debug/_ext/1360937237/main.o
 .debug_abbrev  0x00000e13      0x156 C:/Program Files/Microchip/xc32/v5.00/bin/bin/../../lib/gcc/pic32c/13.2.1/../../../../pic32c/lib/thumb/v8-m.base/nofp\libpic32c.a(data_init.o)
 .debug_abbrev  0x00000f69      0x133 C:/Program Files/Microchip/xc32/v5.00/bin/bin/../../lib/gcc/pic32c/13.2.1/../../../../pic32c/lib/thumb/v8-m.base/nofp\libg-musl.a(__libc_start_main.o)
 .debug_abbrev  0x0000109c       0xd4 C:/Program Files/Microchip/xc32/v5.00/bin/bin/../../lib/gcc/pic32c/13.2.1/../../../../pic32c/lib/thumb/v8-m.base/nofp\libg-musl.a(libc.o)
 .debug_abbrev  0x00001170       0x62 C:/Program Files/Microchip/xc32/v5.00/bin/bin/../../lib/gcc/pic32c/13.2.1/../../../../pic32c/lib/thumb/v8-m.base/nofp\libg-musl.a(__environ.o)
 .debug_abbrev  0x000011d2       0xa5 C:/Program Files/Microchip/xc32/v5.00/bin/bin/../../lib/gcc/pic32c/13.2.1/../../../../pic32c/lib/thumb/v8-m.base/nofp\libpic32c.a(pic32_data_init_clear.o)
 .debug_abbrev  0x00001277       0xb9 C:/Program Files/Microchip/xc32/v5.00/bin/bin/../../lib/gcc/pic32c/13.2.1/../../../../pic32c/lib/thumb/v8-m.base/nofp\libpic32c.a(pic32_data_init_copy.o)

.debug_loc      0x00000000      0xfbd
 .debug_loc     0x00000000       0x20 build/default/debug/_ext/1984496892/plib_clock.o
 .debug_loc     0x00000020       0x56 build/default/debug/_ext/60166132/plib_dac.o
 .debug_loc     0x00000076      0x13d build/default/debug/_ext/1865468468/plib_nvic.o
 .debug_loc     0x000001b3      0x627 build/default/debug/_ext/1593096446/plib_nvmctrl.o
 .debug_loc     0x000007da       0x69 build/default/debug/_ext/829342769/plib_pm.o
 .debug_loc     0x00000843      0x2b8 build/default/debug/_ext/1865521619/plib_port.o
 .debug_loc     0x00000afb       0x4b build/default/debug/_ext/1171490990/initialization.o
 .debug_loc     0x00000b46       0x20 build/default/debug/_ext/1171490990/startup_xc32.o
 .debug_loc     0x00000b66       0x58 build/default/debug/_ext/1360937237/main.o
 .debug_loc     0x00000bbe      0x113 C:/Program Files/Microchip/xc32/v5.00/bin/bin/../../lib/gcc/pic32c/13.2.1/../../../../pic32c/lib/thumb/v8-m.base/nofp\libpic32c.a(data_init.o)
 .debug_loc     0x00000cd1       0x5e C:/Program Files/Microchip/xc32/v5.00/bin/bin/../../lib/gcc/pic32c/13.2.1/../../../../pic32c/lib/thumb/v8-m.base/nofp\libg-musl.a(__libc_start_main.o)
 .debug_loc     0x00000d2f       0xf7 C:/Program Files/Microchip/xc32/v5.00/bin/bin/../../lib/gcc/pic32c/13.2.1/../../../../pic32c/lib/thumb/v8-m.base/nofp\libpic32c.a(pic32_data_init_clear.o)
 .debug_loc     0x00000e26      0x197 C:/Program Files/Microchip/xc32/v5.00/bin/bin/../../lib/gcc/pic32c/13.2.1/../../../../pic32c/lib/thumb/v8-m.base/nofp\libpic32c.a(pic32_data_init_copy.o)

.debug_aranges  0x00000000      0x380
 .debug_aranges
                0x00000000       0x20 build/default/debug/_ext/1984496892/plib_clock.o
 .debug_aranges
                0x00000020       0x30 build/default/debug/_ext/60166132/plib_dac.o
 .debug_aranges
                0x00000050       0x20 build/default/debug/_ext/1986646378/plib_evsys.o
 .debug_aranges
                0x00000070       0x48 build/default/debug/_ext/1865468468/plib_nvic.o
 .debug_aranges
                0x000000b8       0xa0 build/default/debug/_ext/1593096446/plib_nvmctrl.o
 .debug_aranges
                0x00000158       0x40 build/default/debug/_ext/829342769/plib_pm.o
 .debug_aranges
                0x00000198       0x70 build/default/debug/_ext/1865521619/plib_port.o
 .debug_aranges
                0x00000208       0x20 build/default/debug/_ext/1171490990/initialization.o
 .debug_aranges
                0x00000228       0x20 build/default/debug/_ext/1171490990/interrupts.o
 .debug_aranges
                0x00000248       0x28 build/default/debug/_ext/1171490990/exceptions.o
 .debug_aranges
                0x00000270       0x28 build/default/debug/_ext/1171490990/startup_xc32.o
 .debug_aranges
                0x00000298       0x20 build/default/debug/_ext/1360937237/main.o
 .debug_aranges
                0x000002b8       0x30 C:/Program Files/Microchip/xc32/v5.00/bin/bin/../../lib/gcc/pic32c/13.2.1/../../../../pic32c/lib/thumb/v8-m.base/nofp\libpic32c.a(data_init.o)
 .debug_aranges
                0x000002e8       0x28 C:/Program Files/Microchip/xc32/v5.00/bin/bin/../../lib/gcc/pic32c/13.2.1/../../../../pic32c/lib/thumb/v8-m.base/nofp\libg-musl.a(__libc_start_main.o)
 .debug_aranges
                0x00000310       0x18 C:/Program Files/Microchip/xc32/v5.00/bin/bin/../../lib/gcc/pic32c/13.2.1/../../../../pic32c/lib/thumb/v8-m.base/nofp\libg-musl.a(libc.o)
 .debug_aranges
                0x00000328       0x18 C:/Program Files/Microchip/xc32/v5.00/bin/bin/../../lib/gcc/pic32c/13.2.1/../../../../pic32c/lib/thumb/v8-m.base/nofp\libg-musl.a(__environ.o)
 .debug_aranges
                0x00000340       0x20 C:/Program Files/Microchip/xc32/v5.00/bin/bin/../../lib/gcc/pic32c/13.2.1/../../../../pic32c/lib/thumb/v8-m.base/nofp\libpic32c.a(pic32_data_init_clear.o)
 .debug_aranges
                0x00000360       0x20 C:/Program Files/Microchip/xc32/v5.00/bin/bin/../../lib/gcc/pic32c/13.2.1/../../../../pic32c/lib/thumb/v8-m.base/nofp\libpic32c.a(pic32_data_init_copy.o)

.debug_ranges   0x00000000      0x2a0
 .debug_ranges  0x00000000       0x10 build/default/debug/_ext/1984496892/plib_clock.o
 .debug_ranges  0x00000010       0x20 build/default/debug/_ext/60166132/plib_dac.o
 .debug_ranges  0x00000030       0x10 build/default/debug/_ext/1986646378/plib_evsys.o
 .debug_ranges  0x00000040       0x50 build/default/debug/_ext/1865468468/plib_nvic.o
 .debug_ranges  0x00000090       0x90 build/default/debug/_ext/1593096446/plib_nvmctrl.o
 .debug_ranges  0x00000120       0x30 build/default/debug/_ext/829342769/plib_pm.o
 .debug_ranges  0x00000150       0x60 build/default/debug/_ext/1865521619/plib_port.o
 .debug_ranges  0x000001b0       0x10 build/default/debug/_ext/1171490990/initialization.o
 .debug_ranges  0x000001c0       0x10 build/default/debug/_ext/1171490990/interrupts.o
 .debug_ranges  0x000001d0       0x18 build/default/debug/_ext/1171490990/exceptions.o
 .debug_ranges  0x000001e8       0x18 build/default/debug/_ext/1171490990/startup_xc32.o
 .debug_ranges  0x00000200       0x28 build/default/debug/_ext/1360937237/main.o
 .debug_ranges  0x00000228       0x20 C:/Program Files/Microchip/xc32/v5.00/bin/bin/../../lib/gcc/pic32c/13.2.1/../../../../pic32c/lib/thumb/v8-m.base/nofp\libpic32c.a(data_init.o)
 .debug_ranges  0x00000248       0x38 C:/Program Files/Microchip/xc32/v5.00/bin/bin/../../lib/gcc/pic32c/13.2.1/../../../../pic32c/lib/thumb/v8-m.base/nofp\libg-musl.a(__libc_start_main.o)
 .debug_ranges  0x00000280       0x10 C:/Program Files/Microchip/xc32/v5.00/bin/bin/../../lib/gcc/pic32c/13.2.1/../../../../pic32c/lib/thumb/v8-m.base/nofp\libpic32c.a(pic32_data_init_clear.o)
 .debug_ranges  0x00000290       0x10 C:/Program Files/Microchip/xc32/v5.00/bin/bin/../../lib/gcc/pic32c/13.2.1/../../../../pic32c/lib/thumb/v8-m.base/nofp\libpic32c.a(pic32_data_init_copy.o)

.debug_line     0x00000000     0x1fd3
 .debug_line    0x00000000      0x26b build/default/debug/_ext/1984496892/plib_clock.o
 .debug_line    0x0000026b      0x1ea build/default/debug/_ext/60166132/plib_dac.o
 .debug_line    0x00000455       0x66 build/default/debug/_ext/1986646378/plib_evsys.o
 .debug_line    0x000004bb      0x364 build/default/debug/_ext/1865468468/plib_nvic.o
 .debug_line    0x0000081f      0x4c1 build/default/debug/_ext/1593096446/plib_nvmctrl.o
 .debug_line    0x00000ce0      0x2ad build/default/debug/_ext/829342769/plib_pm.o
 .debug_line    0x00000f8d      0x2d0 build/default/debug/_ext/1865521619/plib_port.o
 .debug_line    0x0000125d      0x270 build/default/debug/_ext/1171490990/initialization.o
 .debug_line    0x000014cd       0xce build/default/debug/_ext/1171490990/interrupts.o
 .debug_line    0x0000159b       0x77 build/default/debug/_ext/1171490990/exceptions.o
 .debug_line    0x00001612      0x15b build/default/debug/_ext/1171490990/startup_xc32.o
 .debug_line    0x0000176d      0x12f build/default/debug/_ext/1360937237/main.o
 .debug_line    0x0000189c      0x165 C:/Program Files/Microchip/xc32/v5.00/bin/bin/../../lib/gcc/pic32c/13.2.1/../../../../pic32c/lib/thumb/v8-m.base/nofp\libpic32c.a(data_init.o)
 .debug_line    0x00001a01      0x1ce C:/Program Files/Microchip/xc32/v5.00/bin/bin/../../lib/gcc/pic32c/13.2.1/../../../../pic32c/lib/thumb/v8-m.base/nofp\libg-musl.a(__libc_start_main.o)
 .debug_line    0x00001bcf       0xb5 C:/Program Files/Microchip/xc32/v5.00/bin/bin/../../lib/gcc/pic32c/13.2.1/../../../../pic32c/lib/thumb/v8-m.base/nofp\libg-musl.a(libc.o)
 .debug_line    0x00001c84       0xfb C:/Program Files/Microchip/xc32/v5.00/bin/bin/../../lib/gcc/pic32c/13.2.1/../../../../pic32c/lib/thumb/v8-m.base/nofp\libg-musl.a(__environ.o)
 .debug_line    0x00001d7f      0x11e C:/Program Files/Microchip/xc32/v5.00/bin/bin/../../lib/gcc/pic32c/13.2.1/../../../../pic32c/lib/thumb/v8-m.base/nofp\libpic32c.a(pic32_data_init_clear.o)
 .debug_line    0x00001e9d      0x136 C:/Program Files/Microchip/xc32/v5.00/bin/bin/../../lib/gcc/pic32c/13.2.1/../../../../pic32c/lib/thumb/v8-m.base/nofp\libpic32c.a(pic32_data_init_copy.o)

.debug_str      0x00000000     0x294e
 .debug_str     0x00000000     0x294e build/default/debug/_ext/1984496892/plib_clock.o
                                0x6f0 (size before relaxing)
 .debug_str     0x0000294e      0x3e5 build/default/debug/_ext/60166132/plib_dac.o
 .debug_str     0x0000294e      0x2d4 build/default/debug/_ext/1986646378/plib_evsys.o
 .debug_str     0x0000294e      0x8b4 build/default/debug/_ext/1865468468/plib_nvic.o
 .debug_str     0x0000294e      0x6a1 build/default/debug/_ext/1593096446/plib_nvmctrl.o
 .debug_str     0x0000294e      0x3d7 build/default/debug/_ext/829342769/plib_pm.o
 .debug_str     0x0000294e      0xa24 build/default/debug/_ext/1865521619/plib_port.o
 .debug_str     0x0000294e      0x499 build/default/debug/_ext/1171490990/initialization.o
 .debug_str     0x0000294e      0x9d3 build/default/debug/_ext/1171490990/interrupts.o
 .debug_str     0x0000294e      0x2db build/default/debug/_ext/1171490990/exceptions.o
 .debug_str     0x0000294e      0x352 build/default/debug/_ext/1171490990/startup_xc32.o
 .debug_str     0x0000294e      0x306 build/default/debug/_ext/1360937237/main.o
 .debug_str     0x0000294e      0x2f8 C:/Program Files/Microchip/xc32/v5.00/bin/bin/../../lib/gcc/pic32c/13.2.1/../../../../pic32c/lib/thumb/v8-m.base/nofp\libpic32c.a(data_init.o)
 .debug_str     0x0000294e      0x3e6 C:/Program Files/Microchip/xc32/v5.00/bin/bin/../../lib/gcc/pic32c/13.2.1/../../../../pic32c/lib/thumb/v8-m.base/nofp\libg-musl.a(__libc_start_main.o)
 .debug_str     0x0000294e      0x351 C:/Program Files/Microchip/xc32/v5.00/bin/bin/../../lib/gcc/pic32c/13.2.1/../../../../pic32c/lib/thumb/v8-m.base/nofp\libg-musl.a(libc.o)
 .debug_str     0x0000294e      0x251 C:/Program Files/Microchip/xc32/v5.00/bin/bin/../../lib/gcc/pic32c/13.2.1/../../../../pic32c/lib/thumb/v8-m.base/nofp\libg-musl.a(__environ.o)
 .debug_str     0x0000294e      0x289 C:/Program Files/Microchip/xc32/v5.00/bin/bin/../../lib/gcc/pic32c/13.2.1/../../../../pic32c/lib/thumb/v8-m.base/nofp\libpic32c.a(pic32_data_init_clear.o)
 .debug_str     0x0000294e      0x290 C:/Program Files/Microchip/xc32/v5.00/bin/bin/../../lib/gcc/pic32c/13.2.1/../../../../pic32c/lib/thumb/v8-m.base/nofp\libpic32c.a(pic32_data_init_copy.o)

.debug_frame    0x00000000      0x534
 .debug_frame   0x00000000       0x20 build/default/debug/_ext/1984496892/plib_clock.o
 .debug_frame   0x00000020       0x40 build/default/debug/_ext/60166132/plib_dac.o
 .debug_frame   0x00000060       0x20 build/default/debug/_ext/1986646378/plib_evsys.o
 .debug_frame   0x00000080       0x7c build/default/debug/_ext/1865468468/plib_nvic.o
 .debug_frame   0x000000fc      0x15c build/default/debug/_ext/1593096446/plib_nvmctrl.o
 .debug_frame   0x00000258       0x60 build/default/debug/_ext/829342769/plib_pm.o
 .debug_frame   0x000002b8       0xd8 build/default/debug/_ext/1865521619/plib_port.o
 .debug_frame   0x00000390       0x28 build/default/debug/_ext/1171490990/initialization.o
 .debug_frame   0x000003b8       0x20 build/default/debug/_ext/1171490990/interrupts.o
 .debug_frame   0x000003d8       0x30 build/default/debug/_ext/1171490990/exceptions.o
 .debug_frame   0x00000408       0x38 build/default/debug/_ext/1171490990/startup_xc32.o
 .debug_frame   0x00000440       0x2c build/default/debug/_ext/1360937237/main.o
 .debug_frame   0x0000046c       0x48 C:/Program Files/Microchip/xc32/v5.00/bin/bin/../../lib/gcc/pic32c/13.2.1/../../../../pic32c/lib/thumb/v8-m.base/nofp\libpic32c.a(data_init.o)
 .debug_frame   0x000004b4       0x38 C:/Program Files/Microchip/xc32/v5.00/bin/bin/../../lib/gcc/pic32c/13.2.1/../../../../pic32c/lib/thumb/v8-m.base/nofp\libg-musl.a(__libc_start_main.o)
 .debug_frame   0x000004ec       0x20 C:/Program Files/Microchip/xc32/v5.00/bin/bin/../../lib/gcc/pic32c/13.2.1/../../../../pic32c/lib/thumb/v8-m.base/nofp\libpic32c.a(pic32_data_init_clear.o)
 .debug_frame   0x0000050c       0x28 C:/Program Files/Microchip/xc32/v5.00/bin/bin/../../lib/gcc/pic32c/13.2.1/../../../../pic32c/lib/thumb/v8-m.base/nofp\libpic32c.a(pic32_data_init_copy.o)

.note.GNU-stack
                0x00000000        0x0
 .note.GNU-stack
                0x00000000        0x0 C:/Program Files/Microchip/xc32/v5.00/bin/bin/../../lib/gcc/pic32c/13.2.1/../../../../pic32c/lib/thumb/v8-m.base/nofp\libg-musl.a(__libc_start_main.o)
 .note.GNU-stack
                0x00000000        0x0 C:/Program Files/Microchip/xc32/v5.00/bin/bin/../../lib/gcc/pic32c/13.2.1/../../../../pic32c/lib/thumb/v8-m.base/nofp\libg-musl.a(libc.o)
 .note.GNU-stack
                0x00000000        0x0 C:/Program Files/Microchip/xc32/v5.00/bin/bin/../../lib/gcc/pic32c/13.2.1/../../../../pic32c/lib/thumb/v8-m.base/nofp\libg-musl.a(__environ.o)

.vfp11_veneer%z1

.v4_bx%z2

.iplt%z3

.rel.iplt%z4

.igot.plt%z5

.bss%1          0x20000000       0x50
 .bss           0x20000000       0x50 C:/Program Files/Microchip/xc32/v5.00/bin/bin/../../lib/gcc/pic32c/13.2.1/../../../../pic32c/lib/thumb/v8-m.base/nofp\libg-musl.a(libc.o)
                0x20000000                __progname_full
                0x20000000                program_invocation_name
                0x20000004                program_invocation_short_name
                0x20000004                __progname
                0x20000008                __sysinfo
                0x2000000c                __hwcap
                0x20000010                __libc

.bss%2          0x20000050       0x1c
 .bss           0x20000050       0x1c C:/Program Files/Microchip/xc32/v5.00/bin/bin/../../lib/gcc/pic32c/13.2.1/thumb/v8-m.base/nofp/crtbegin.o

.bss%3          0x2000006c        0x4
 .bss           0x2000006c        0x4 C:/Program Files/Microchip/xc32/v5.00/bin/bin/../../lib/gcc/pic32c/13.2.1/../../../../pic32c/lib/thumb/v8-m.base/nofp\libpic32c.a(data_init.o)

.bss%4          0x20000070        0x4
 .bss           0x20000070        0x4 C:/Program Files/Microchip/xc32/v5.00/bin/bin/../../lib/gcc/pic32c/13.2.1/../../../../pic32c/lib/thumb/v8-m.base/nofp\libg-musl.a(__environ.o)
                0x20000070                __environ
                0x20000070                environ
                0x20000070                ___environ
                0x20000070                _environ

.data.dac_count%5
                0x20000074        0x2
 .data.dac_count
                0x20000074        0x2 build/default/debug/_ext/1360937237/main.o
                0x20000074                dac_count

.eh_frame%z6    0x00000000        0x0
 .eh_frame      0x00000000        0x0 C:/Program Files/Microchip/xc32/v5.00/bin/bin/../../lib/gcc/pic32c/13.2.1/thumb/v8-m.base/nofp/crtbegin.o

.config_0080C004%6
                0x0080c004        0x4
 .config_0080C004
                0x0080c004        0x4 build/default/debug/_ext/1171490990/initialization.o
                0x0080c004                __config_0080C004

.config_0080C040%7
                0x0080c040        0x4
 .config_0080C040
                0x0080c040        0x4 build/default/debug/_ext/1171490990/initialization.o
                0x0080c040                __config_0080C040

.config_0080C044%8
                0x0080c044        0x4
 .config_0080C044
                0x0080c044        0x4 build/default/debug/_ext/1171490990/initialization.o
                0x0080c044                __config_0080C044

.config_0080C048%9
                0x0080c048        0x4
 .config_0080C048
                0x0080c048        0x4 build/default/debug/_ext/1171490990/initialization.o
                0x0080c048                __config_0080C048

.config_0080C04C%10
                0x0080c04c        0x4
 .config_0080C04C
                0x0080c04c        0x4 build/default/debug/_ext/1171490990/initialization.o
                0x0080c04c                __config_0080C04C

.text.CLOCK_Initialize%11
                0x0000017c       0xc4
 .text.CLOCK_Initialize
                0x0000017c       0xc4 build/default/debug/_ext/1984496892/plib_clock.o
                0x0000017c                CLOCK_Initialize

.text.__libc_start_init%12
                0x00000240       0x5c
 .text.__libc_start_init
                0x00000240       0x5c C:/Program Files/Microchip/xc32/v5.00/bin/bin/../../lib/gcc/pic32c/13.2.1/../../../../pic32c/lib/thumb/v8-m.base/nofp\libg-musl.a(__libc_start_main.o)
                0x00000240                __libc_init_array

.text.Reset_Handler%13
                0x0000029c       0x56
 .text.Reset_Handler
                0x0000029c       0x56 build/default/debug/_ext/1171490990/startup_xc32.o
                0x0000029c                Reset_Handler

.dinit%14       0x000002f4       0x50
 .dinit         0x000002f4       0x50 data_init

.text.DAC_Initialize%15
                0x00000344       0x4a
 .text.DAC_Initialize
                0x00000344       0x4a build/default/debug/_ext/60166132/plib_dac.o
                0x00000344                DAC_Initialize

.text%16        0x00000390       0x40
 .text          0x00000390       0x40 C:/Program Files/Microchip/xc32/v5.00/bin/bin/../../lib/gcc/pic32c/13.2.1/thumb/v8-m.base/nofp/crtbegin.o

.text.main%17   0x000003d0       0x40
 .text.main     0x000003d0       0x40 build/default/debug/_ext/1360937237/main.o
                0x000003d0                main

.text.PM_Initialize%18
                0x00000410       0x38
 .text.PM_Initialize
                0x00000410       0x38 build/default/debug/_ext/829342769/plib_pm.o
                0x00000410                PM_Initialize

.text.__pic32c_data_initialization%19
                0x00000448       0x34
 .text.__pic32c_data_initialization
                0x00000448       0x34 C:/Program Files/Microchip/xc32/v5.00/bin/bin/../../lib/gcc/pic32c/13.2.1/../../../../pic32c/lib/thumb/v8-m.base/nofp\libpic32c.a(data_init.o)
                0x00000448                __pic32c_data_initialization

.text.SYS_Initialize%20
                0x0000047c       0x2c
 .text.SYS_Initialize
                0x0000047c       0x2c build/default/debug/_ext/1171490990/initialization.o
                0x0000047c                SYS_Initialize

.text.DAC_DataWrite%21
                0x000004a8       0x22
 .text.DAC_DataWrite
                0x000004a8       0x22 build/default/debug/_ext/60166132/plib_dac.o
                0x000004a8                DAC_DataWrite

.text.__dinit_copy%22
                0x000004ca       0x1e
 .text.__dinit_copy
                0x000004ca       0x1e C:/Program Files/Microchip/xc32/v5.00/bin/bin/../../lib/gcc/pic32c/13.2.1/../../../../pic32c/lib/thumb/v8-m.base/nofp\libpic32c.a(pic32_data_init_copy.o)
                0x000004ca                __dinit_copy_needed
                0x000004ca                __dinit_copy

.text.PORT_Initialize%23
                0x000004e8       0x14
 .text.PORT_Initialize
                0x000004e8       0x14 build/default/debug/_ext/1865521619/plib_port.o
                0x000004e8                PORT_Initialize

.rodata%24      0x000004fc       0x14
 .rodata        0x000004fc       0x14 C:/Program Files/Microchip/xc32/v5.00/bin/bin/../../lib/gcc/pic32c/13.2.1/../../../../pic32c/lib/thumb/v8-m.base/nofp\libpic32c.a(data_init.o)

.text.NVMCTRL_Initialize%25
                0x00000510       0x12
 .text.NVMCTRL_Initialize
                0x00000510       0x12 build/default/debug/_ext/1593096446/plib_nvmctrl.o
                0x00000510                NVMCTRL_Initialize

.text.__dinit_clear%26
                0x00000522       0x12
 .text.__dinit_clear
                0x00000522       0x12 C:/Program Files/Microchip/xc32/v5.00/bin/bin/../../lib/gcc/pic32c/13.2.1/../../../../pic32c/lib/thumb/v8-m.base/nofp\libpic32c.a(pic32_data_init_clear.o)
                0x00000522                __dinit_clear
                0x00000522                __dinit_clear_needed

.text.NVIC_Initialize%27
                0x00000534        0x8
 .text.NVIC_Initialize
                0x00000534        0x8 build/default/debug/_ext/1865468468/plib_nvic.o
                0x00000534                NVIC_Initialize

.text.Dummy_Handler%28
                0x0000053c        0x4
 .text.Dummy_Handler
                0x0000053c        0x4 build/default/debug/_ext/1171490990/interrupts.o
                0x0000053c                SVCall_Handler
                0x0000053c                SERCOM0_2_Handler
                0x0000053c                EVSYS_0_Handler
                0x0000053c                TRNG_Handler
                0x0000053c                ADC_RESRDY_Handler
                0x0000053c                TC2_Handler
                0x0000053c                AC_Handler
                0x0000053c                DMAC_OTHER_Handler
                0x0000053c                EIC_EXTINT_5_Handler
                0x0000053c                SERCOM3_1_Handler
                0x0000053c                SysTick_Handler
                0x0000053c                SERCOM4_OTHER_Handler
                0x0000053c                SERCOM3_2_Handler
                0x0000053c                EIC_EXTINT_6_Handler
                0x0000053c                PendSV_Handler
                0x0000053c                EVSYS_3_Handler
                0x0000053c                TCC1_Handler
                0x0000053c                EIC_EXTINT_4_Handler
                0x0000053c                EIC_EXTINT_7_Handler
                0x0000053c                SERCOM0_OTHER_Handler
                0x0000053c                TCC0_Handler
                0x0000053c                SERCOM0_0_Handler
                0x0000053c                RTC_Handler
                0x0000053c                SERCOM4_0_Handler
                0x0000053c                SERCOM1_OTHER_Handler
                0x0000053c                EVSYS_1_Handler
                0x0000053c                DMAC_0_Handler
                0x0000053c                WDT_Handler
                0x0000053c                TRAM_Handler
                0x0000053c                EIC_EXTINT_1_Handler
                0x0000053c                SERCOM5_0_Handler
                0x0000053c                TC1_Handler
                0x0000053c                EIC_EXTINT_0_Handler
                0x0000053c                DAC_UNDERRUN_Handler
                0x0000053c                DAC_EMPTY_Handler
                0x0000053c                PAC_Handler
                0x0000053c                USB_Handler
                0x0000053c                SERCOM4_1_Handler
                0x0000053c                Dummy_Handler
                0x0000053c                SERCOM5_1_Handler
                0x0000053c                DMAC_2_Handler
                0x0000053c                SERCOM0_1_Handler
                0x0000053c                SERCOM5_OTHER_Handler
                0x0000053c                DMAC_1_Handler
                0x0000053c                TCC3_Handler
                0x0000053c                TCC2_Handler
                0x0000053c                EIC_EXTINT_2_Handler
                0x0000053c                SERCOM1_1_Handler
                0x0000053c                EVSYS_7_Handler
                0x0000053c                I2S_Handler
                0x0000053c                NVMCTRL_Handler
                0x0000053c                SYSTEM_Handler
                0x0000053c                SERCOM1_0_Handler
                0x0000053c                SERCOM2_1_Handler
                0x0000053c                SERCOM1_2_Handler
                0x0000053c                SERCOM3_0_Handler
                0x0000053c                SERCOM4_2_Handler
                0x0000053c                EVSYS_4_Handler
                0x0000053c                SERCOM5_2_Handler
                0x0000053c                SERCOM2_2_Handler
                0x0000053c                EIC_EXTINT_3_Handler
                0x0000053c                SERCOM3_OTHER_Handler
                0x0000053c                PTC_Handler
                0x0000053c                EVSYS_6_Handler
                0x0000053c                EVSYS_5_Handler
                0x0000053c                EVSYS_2_Handler
                0x0000053c                SERCOM2_OTHER_Handler
                0x0000053c                FREQM_Handler
                0x0000053c                TC0_Handler
                0x0000053c                EIC_OTHER_Handler
                0x0000053c                ADC_OTHER_Handler
                0x0000053c                DMAC_3_Handler
                0x0000053c                SERCOM2_0_Handler

.text.NonMaskableInt_Handler%29
                0x00000540        0x4
 .text.NonMaskableInt_Handler
                0x00000540        0x4 build/default/debug/_ext/1171490990/exceptions.o
                0x00000540                NonMaskableInt_Handler

.text.HardFault_Handler%30
                0x00000544        0x4
 .text.HardFault_Handler
                0x00000544        0x4 build/default/debug/_ext/1171490990/exceptions.o
                0x00000544                HardFault_Handler

.text.__dummy_decompress%31
                0x00000548        0x4
 .text.__dummy_decompress
                0x00000548        0x4 C:/Program Files/Microchip/xc32/v5.00/bin/bin/../../lib/gcc/pic32c/13.2.1/../../../../pic32c/lib/thumb/v8-m.base/nofp\libpic32c.a(data_init.o)
                0x00000548                __dinit_decompress
                0x00000548                __dinit_copy_val_data
                0x00000548                __dinit_copy_emb

.text.EVSYS_Initialize%32
                0x000002f2        0x2
 .text.EVSYS_Initialize
                0x000002f2        0x2 build/default/debug/_ext/1986646378/plib_evsys.o
                0x000002f2                EVSYS_Initialize

.text.Dummy_App_Func%33
                0x0000038e        0x2
 .text.Dummy_App_Func
                0x0000038e        0x2 build/default/debug/_ext/1171490990/startup_xc32.o
                0x0000038e                _on_reset
                0x0000038e                _on_bootstrap
                0x0000038e                __xc32_on_reset
                0x0000038e                Dummy_App_Func
                0x0000038e                __xc32_on_bootstrap

.text.__dummy_init_tls%34
                0x0000054c        0x2
 .text.__dummy_init_tls
                0x0000054c        0x2 C:/Program Files/Microchip/xc32/v5.00/bin/bin/../../lib/gcc/pic32c/13.2.1/../../../../pic32c/lib/thumb/v8-m.base/nofp\libpic32c.a(data_init.o)
                0x0000054c                xc32_init_tls

.text.__dummy%35
                0x0000054e        0x2
 .text.__dummy  0x0000054e        0x2 C:/Program Files/Microchip/xc32/v5.00/bin/bin/../../lib/gcc/pic32c/13.2.1/../../../../pic32c/lib/thumb/v8-m.base/nofp\libg-musl.a(__libc_start_main.o)
                0x0000054e                __init_stdio
                0x0000054e                __init_host
