Archive member included to satisfy reference by file (symbol)

C:/Program Files/Microchip/xc32/v5.00/bin/bin/../../lib/gcc/pic32c/13.2.1/../../../../pic32c/lib/thumb/v8-m.base/nofp\libpic32c.a(data_init.o)
                              build/default/debug/_ext/1171490990/startup_xc32.o (__pic32c_data_initialization)
C:/Program Files/Microchip/xc32/v5.00/bin/bin/../../lib/gcc/pic32c/13.2.1/../../../../pic32c/lib/thumb/v8-m.base/nofp\libc-size-musl.a(memcpy.o)
                              build/default/debug/_ext/1593096446/plib_nvmctrl.o (memcpy)
C:/Program Files/Microchip/xc32/v5.00/bin/bin/../../lib/gcc/pic32c/13.2.1/../../../../pic32c/lib/thumb/v8-m.base/nofp\libg-musl.a(__libc_start_main.o)
                              build/default/debug/_ext/1171490990/startup_xc32.o (__libc_init_array)
C:/Program Files/Microchip/xc32/v5.00/bin/bin/../../lib/gcc/pic32c/13.2.1/../../../../pic32c/lib/thumb/v8-m.base/nofp\libg-musl.a(libc.o)
                              C:/Program Files/Microchip/xc32/v5.00/bin/bin/../../lib/gcc/pic32c/13.2.1/../../../../pic32c/lib/thumb/v8-m.base/nofp\libg-musl.a(__libc_start_main.o) (__progname_full)
C:/Program Files/Microchip/xc32/v5.00/bin/bin/../../lib/gcc/pic32c/13.2.1/../../../../pic32c/lib/thumb/v8-m.base/nofp\libg-musl.a(stdin.o)
                              build/default/debug/_ext/1171490990/initialization.o (_stdin)
C:/Program Files/Microchip/xc32/v5.00/bin/bin/../../lib/gcc/pic32c/13.2.1/../../../../pic32c/lib/thumb/v8-m.base/nofp\libg-musl.a(stdout.o)
                              build/default/debug/_ext/1171490990/initialization.o (_stdout)
C:/Program Files/Microchip/xc32/v5.00/bin/bin/../../lib/gcc/pic32c/13.2.1/../../../../pic32c/lib/thumb/v8-m.base/nofp\libg-musl.a(setbuf.o)
                              build/default/debug/_ext/1171490990/initialization.o (setbuf)
C:/Program Files/Microchip/xc32/v5.00/bin/bin/../../lib/gcc/pic32c/13.2.1/../../../../pic32c/lib/thumb/v8-m.base/nofp\libg-musl.a(__environ.o)
                              C:/Program Files/Microchip/xc32/v5.00/bin/bin/../../lib/gcc/pic32c/13.2.1/../../../../pic32c/lib/thumb/v8-m.base/nofp\libg-musl.a(__libc_start_main.o) (__environ)
C:/Program Files/Microchip/xc32/v5.00/bin/bin/../../lib/gcc/pic32c/13.2.1/../../../../pic32c/lib/thumb/v8-m.base/nofp\libg-musl.a(__io_init_needed.o)
                              C:/Program Files/Microchip/xc32/v5.00/bin/bin/../../lib/gcc/pic32c/13.2.1/../../../../pic32c/lib/thumb/v8-m.base/nofp\libg-musl.a(stdout.o) (__io_init_needed)
C:/Program Files/Microchip/xc32/v5.00/bin/bin/../../lib/gcc/pic32c/13.2.1/../../../../pic32c/lib/thumb/v8-m.base/nofp\libg-musl.a(__io_rw_needed.o)
                              C:/Program Files/Microchip/xc32/v5.00/bin/bin/../../lib/gcc/pic32c/13.2.1/../../../../pic32c/lib/thumb/v8-m.base/nofp\libg-musl.a(stdin.o) (__io_rw_needed)
C:/Program Files/Microchip/xc32/v5.00/bin/bin/../../lib/gcc/pic32c/13.2.1/../../../../pic32c/lib/thumb/v8-m.base/nofp\libg-musl.a(__stdio_read.o)
                              C:/Program Files/Microchip/xc32/v5.00/bin/bin/../../lib/gcc/pic32c/13.2.1/../../../../pic32c/lib/thumb/v8-m.base/nofp\libg-musl.a(stdin.o) (__stdio_read)
C:/Program Files/Microchip/xc32/v5.00/bin/bin/../../lib/gcc/pic32c/13.2.1/../../../../pic32c/lib/thumb/v8-m.base/nofp\libg-musl.a(__towrite_rw.o)
                              C:/Program Files/Microchip/xc32/v5.00/bin/bin/../../lib/gcc/pic32c/13.2.1/../../../../pic32c/lib/thumb/v8-m.base/nofp\libg-musl.a(__io_rw_needed.o) (__towrite_rw_needed)
C:/Program Files/Microchip/xc32/v5.00/bin/bin/../../lib/gcc/pic32c/13.2.1/../../../../pic32c/lib/thumb/v8-m.base/nofp\libg-musl.a(setvbuf.o)
                              C:/Program Files/Microchip/xc32/v5.00/bin/bin/../../lib/gcc/pic32c/13.2.1/../../../../pic32c/lib/thumb/v8-m.base/nofp\libg-musl.a(setbuf.o) (setvbuf)
C:/Program Files/Microchip/xc32/v5.00/bin/bin/../../lib/gcc/pic32c/13.2.1/../../../../pic32c/lib/thumb/v8-m.base/nofp\libg-musl.a(readv.o)
                              C:/Program Files/Microchip/xc32/v5.00/bin/bin/../../lib/gcc/pic32c/13.2.1/../../../../pic32c/lib/thumb/v8-m.base/nofp\libg-musl.a(__stdio_read.o) (readv)
C:/Program Files/Microchip/xc32/v5.00/bin/bin/../../lib/gcc/pic32c/13.2.1/../../../../pic32c/lib/thumb/v8-m.base/nofp\libg-musl.a(__fopen_rw.o)
                              C:/Program Files/Microchip/xc32/v5.00/bin/bin/../../lib/gcc/pic32c/13.2.1/../../../../pic32c/lib/thumb/v8-m.base/nofp\libg-musl.a(__io_rw_needed.o) (__fopen_rw_needed)
C:/Program Files/Microchip/xc32/v5.00/bin/bin/../../lib/gcc/pic32c/13.2.1/../../../../pic32c/lib/thumb/v8-m.base/nofp\libg-musl.a(__ftello_rw.o)
                              C:/Program Files/Microchip/xc32/v5.00/bin/bin/../../lib/gcc/pic32c/13.2.1/../../../../pic32c/lib/thumb/v8-m.base/nofp\libg-musl.a(__io_rw_needed.o) (__ftello_adj_rw_needed)
[...]
Memory Configuration

Name             Origin             Length             Attributes
rom              0x00000000         0x00080000         xrl
ram              0x20000000         0x00010000         xw!r
config_00804000  0x00804000         0x00000004
config_00804004  0x00804004         0x00000004
*default*        0x00000000         0xffffffff

Linker script and memory map

LOAD C:/Program Files/Microchip/xc32/v5.00/bin/bin/../../lib/gcc/pic32c/13.2.1/thumb/v8-m.base/nofp/crti.o
LOAD C:/Program Files/Microchip/xc32/v5.00/bin/bin/../../lib/gcc/pic32c/13.2.1/thumb/v8-m.base/nofp/crtbegin.o
LOAD build/default/debug/_ext/60163342/plib_adc.o
LOAD build/default/debug/_ext/1984496892/plib_clock.o
LOAD build/default/debug/_ext/1986646378/plib_evsys.o
LOAD build/default/debug/_ext/1865468468/plib_nvic.o
LOAD build/default/debug/_ext/1593096446/plib_nvmctrl.o
LOAD build/default/debug/_ext/829342769/plib_pm.o
LOAD build/default/debug/_ext/1865521619/plib_port.o
LOAD build/default/debug/_ext/504274921/plib_sercom3_usart.o
LOAD build/default/debug/_ext/829342655/plib_tc0.o
LOAD build/default/debug/_ext/60181570/plib_tcc0.o
LOAD build/default/debug/_ext/163028504/xc32_monitor.o
LOAD build/default/debug/_ext/1171490990/initialization.o
LOAD build/default/debug/_ext/1171490990/interrupts.o
LOAD build/default/debug/_ext/1171490990/exceptions.o
LOAD build/default/debug/_ext/1171490990/startup_xc32.o
LOAD build/default/debug/_ext/1171490990/libc_syscalls.o
LOAD build/default/debug/_ext/1360937237/main.o
                0x00000001                        __MPLAB_BUILD = 0x1
                0x00080000                        __rom_end = (ORIGIN (rom) + LENGTH (rom))
                0x20010000                        __ram_end = (ORIGIN (ram) + LENGTH (ram))

.config_00804000
                0x00804000        0x4
 *(.config_00804000)
 .config_00804000
                0x00804000        0x4 build/default/debug/_ext/1171490990/initialization.o
                0x00804000                __config_00804000

.config_00804004
                0x00804004        0x4
 *(.config_00804004)
 .config_00804004
                0x00804004        0x4 build/default/debug/_ext/1171490990/initialization.o
                0x00804004                __config_00804004

.vectors        0x00000000      0x15c
                0x00000000                        . = ALIGN (0x4)
                0x00000000                        _sfixed = .
 *(.vectors .vectors.* .vectors_default .vectors_default.*)
 .vectors       0x00000000      0x15c build/default/debug/_ext/1171490990/interrupts.o
                0x00000000                exception_table
 *(.isr_vector)
 *(.reset*)
 *(.after_vectors)

.text           0x0000015c       0x20
                0x0000015c                        . = ALIGN (0x4)
 *(.glue_7t)
 .glue_7t       0x0000015c        0x0 linker stubs
 *(.glue_7)
 .glue_7        0x0000015c        0x0 linker stubs
 *(.gnu.linkonce.r.*)
 *(.ARM.extab* .gnu.linkonce.armextab.*)
                0x0000015c                        . = ALIGN (0x4)
 *(.init)
 .init          0x0000015c        0x4 C:/Program Files/Microchip/xc32/v5.00/bin/bin/../../lib/gcc/pic32c/13.2.1/thumb/v8-m.base/nofp/crti.o
                0x0000015c                _init
 .init          0x00000160        0x8 C:/Program Files/Microchip/xc32/v5.00/bin/bin/../../lib/gcc/pic32c/13.2.1/thumb/v8-m.base/nofp/crtn.o
                0x00000168                        . = ALIGN (0x4)
                0x00000168                        __preinit_array_start = .
 *(.preinit_array)
                0x00000168                        __preinit_array_end = .
                0x00000168                        . = ALIGN (0x4)
                0x00000168                        __init_array_start = .
 *(SORT_BY_NAME(.init_array.*))
 *(.init_array)
 .init_array    0x00000168        0x4 C:/Program Files/Microchip/xc32/v5.00/bin/bin/../../lib/gcc/pic32c/13.2.1/thumb/v8-m.base/nofp/crtbegin.o
                0x0000016c                        __init_array_end = .
                0x0000016c                        . = ALIGN (0x4)
 *crtbegin.o(.ctors)
 *(EXCLUDE_FILE(*crtend.o) .ctors)
 *(SORT_BY_NAME(.ctors.*))
 *crtend.o(.ctors)
                0x0000016c                        . = ALIGN (0x4)
 *(.fini)
 .fini          0x0000016c        0x4 C:/Program Files/Microchip/xc32/v5.00/bin/bin/../../lib/gcc/pic32c/13.2.1/thumb/v8-m.base/nofp/crti.o
                0x0000016c                _fini
 .fini          0x00000170        0x8 C:/Program Files/Microchip/xc32/v5.00/bin/bin/../../lib/gcc/pic32c/13.2.1/thumb/v8-m.base/nofp/crtn.o
                0x00000178                        . = ALIGN (0x4)
                0x00000178                        __fini_array_start = .
 *(.fini_array)
 .fini_array    0x00000178        0x4 C:/Program Files/Microchip/xc32/v5.00/bin/bin/../../lib/gcc/pic32c/13.2.1/thumb/v8-m.base/nofp/crtbegin.o
 *(SORT_BY_NAME(.fini_array.*))
                0x0000017c                        __fini_array_end = .
 *crtbegin.o(.dtors)
 *(EXCLUDE_FILE(*crtend.o) .dtors)
 *(SORT_BY_NAME(.dtors.*))
 *crtend.o(.dtors)
                0x0000017c                        . = ALIGN (0x4)
                0x0000017c                        _efixed = .
                [!provide]                        PROVIDE (__exidx_start = .)

.ARM.exidx
 *(.ARM.exidx* .gnu.linkonce.armexidx.*)
                [!provide]                        PROVIDE (__exidx_end = .)
                0x0000017c                        . = ALIGN (0x4)
                0x0000017c                        _etext = .

.bss            0x20000000        0x0
                0x20000000                        . = ALIGN (0x4)
                0x20000000                        __bss_start__ = .
                0x20000000                        _sbss = .
                0x20000000                        _szero = .
 *(COMMON)
                0x20000000                        . = ALIGN (0x4)
                0x20000000                        __bss_end__ = .
                0x20000000                        _ebss = .
                0x20000000                        _ezero = .
                0x20000000                        . = ALIGN (0x4)
                0x20000000                        _end = .
                0x2000ffff                        _ram_end_ = ((ORIGIN (ram) + LENGTH (ram)) - 0x1)
                0x00000001                        __ICD2RAM = 0x1
                0x00000001                        __MPLAB_DEBUG = 0x1
                0x00000001                        __DEBUG = 0x1
                0x00000200                        _min_heap_size = 0x200
START GROUP
LOAD C:/Program Files/Microchip/xc32/v5.00/bin/bin/../../lib/gcc/pic32c/13.2.1/../../../../pic32c/lib/thumb/v8-m.base/nofp\libpic32c.a
LOAD C:/Program Files/Microchip/xc32/v5.00/bin/bin/../../lib/gcc/pic32c/13.2.1/../../../../pic32c/lib/thumb/v8-m.base/nofp\libc-size-musl.a
LOAD C:/Program Files/Microchip/xc32/v5.00/bin/bin/../../lib/gcc/pic32c/13.2.1/../../../../pic32c/lib/thumb/v8-m.base/nofp\liblmalloc-musl.a
LOAD C:/Program Files/Microchip/xc32/v5.00/bin/bin/../../lib/gcc/pic32c/13.2.1/../../../../pic32c/lib/thumb/v8-m.base/nofp\libg-musl.a
LOAD C:/Program Files/Microchip/xc32/v5.00/bin/bin/../../lib/gcc/pic32c/13.2.1/../../../../pic32c/lib/thumb/v8-m.base/nofp\libc-musl.a
LOAD C:/Program Files/Microchip/xc32/v5.00/bin/bin/../../lib/gcc/pic32c/13.2.1/../../../../pic32c/lib/thumb/v8-m.base/nofp\libm-fast-emfloat.a
LOAD C:/Program Files/Microchip/xc32/v5.00/bin/bin/../../lib/gcc/pic32c/13.2.1/../../../../pic32c/lib/thumb/v8-m.base/nofp\libm-musl.a
END GROUP
LOAD C:/Program Files/Microchip/xc32/v5.00/bin/bin/../../lib/gcc/pic32c/13.2.1/thumb/v8-m.base/nofp\libgcc.a
LOAD C:/Program Files/Microchip/xc32/v5.00/bin/bin/../../lib/gcc/pic32c/13.2.1/thumb/v8-m.base/nofp/crtend.o
LOAD C:/Program Files/Microchip/xc32/v5.00/bin/bin/../../lib/gcc/pic32c/13.2.1/thumb/v8-m.base/nofp/crtn.o
OUTPUT(dist/default/debug/ADC_Timer.X.debug.elf elf32-littlearm)
LOAD linker stubs
LOAD data_init

.note           0x00000000      0x810
 .note          0x00000000       0x18 C:/Program Files/Microchip/xc32/v5.00/bin/bin/../../lib/gcc/pic32c/13.2.1/thumb/v8-m.base/nofp/crti.o
 .note          0x00000018       0x18 C:/Program Files/Microchip/xc32/v5.00/bin/bin/../../lib/gcc/pic32c/13.2.1/thumb/v8-m.base/nofp/crtbegin.o
 .note          0x00000030       0x18 build/default/debug/_ext/60163342/plib_adc.o
 .note          0x00000048       0x18 build/default/debug/_ext/1984496892/plib_clock.o
 .note          0x00000060       0x18 build/default/debug/_ext/1986646378/plib_evsys.o
 .note          0x00000078       0x18 build/default/debug/_ext/1865468468/plib_nvic.o
 .note          0x00000090       0x18 build/default/debug/_ext/1593096446/plib_nvmctrl.o
 .note          0x000000a8       0x18 build/default/debug/_ext/829342769/plib_pm.o
 .note          0x000000c0       0x18 build/default/debug/_ext/1865521619/plib_port.o
 .note          0x000000d8       0x18 build/default/debug/_ext/504274921/plib_sercom3_usart.o
 .note          0x000000f0       0x18 build/default/debug/_ext/829342655/plib_tc0.o
 .note          0x00000108       0x18 build/default/debug/_ext/60181570/plib_tcc0.o
 .note          0x00000120       0x18 build/default/debug/_ext/163028504/xc32_monitor.o
 .note          0x00000138      0x168 build/default/debug/_ext/1171490990/initialization.o
 .note          0x000002a0       0x18 build/default/debug/_ext/1171490990/interrupts.o
 .note          0x000002b8       0x18 build/default/debug/_ext/1171490990/exceptions.o
 .note          0x000002d0       0x18 build/default/debug/_ext/1171490990/startup_xc32.o
 .note          0x000002e8       0x18 build/default/debug/_ext/1171490990/libc_syscalls.o
 .note          0x00000300       0x18 build/default/debug/_ext/1360937237/main.o
 .note          0x00000318       0x18 C:/Program Files/Microchip/xc32/v5.00/bin/bin/../../lib/gcc/pic32c/13.2.1/../../../../pic32c/lib/thumb/v8-m.base/nofp\libpic32c.a(data_init.o)
 .note          0x00000330       0x18 C:/Program Files/Microchip/xc32/v5.00/bin/bin/../../lib/gcc/pic32c/13.2.1/../../../../pic32c/lib/thumb/v8-m.base/nofp\libc-size-musl.a(memcpy.o)
 .note          0x00000348       0x18 C:/Program Files/Microchip/xc32/v5.00/bin/bin/../../lib/gcc/pic32c/13.2.1/../../../../pic32c/lib/thumb/v8-m.base/nofp\libg-musl.a(__libc_start_main.o)
 .note          0x00000360       0x18 C:/Program Files/Microchip/xc32/v5.00/bin/bin/../../lib/gcc/pic32c/13.2.1/../../../../pic32c/lib/thumb/v8-m.base/nofp\libg-musl.a(libc.o)
 .note          0x00000378       0x18 C:/Program Files/Microchip/xc32/v5.00/bin/bin/../../lib/gcc/pic32c/13.2.1/../../../../pic32c/lib/thumb/v8-m.base/nofp\libg-musl.a(stdin.o)
 .note          0x00000390       0x18 C:/Program Files/Microchip/xc32/v5.00/bin/bin/../../lib/gcc/pic32c/13.2.1/../../../../pic32c/lib/thumb/v8-m.base/nofp\libg-musl.a(stdout.o)
 .note          0x000003a8       0x18 C:/Program Files/Microchip/xc32/v5.00/bin/bin/../../lib/gcc/pic32c/13.2.1/../../../../pic32c/lib/thumb/v8-m.base/nofp\libg-musl.a(setbuf.o)
 .note          0x000003c0       0x18 C:/Program Files/Microchip/xc32/v5.00/bin/bin/../../lib/gcc/pic32c/13.2.1/../../../../pic32c/lib/thumb/v8-m.base/nofp\libg-musl.a(__environ.o)
 .note          0x000003d8       0x18 C:/Program Files/Microchip/xc32/v5.00/bin/bin/../../lib/gcc/pic32c/13.2.1/../../../../pic32c/lib/thumb/v8-m.base/nofp\libg-musl.a(__io_init_needed.o)
 .note          0x000003f0       0x18 C:/Program Files/Microchip/xc32/v5.00/bin/bin/../../lib/gcc/pic32c/13.2.1/../../../../pic32c/lib/thumb/v8-m.base/nofp\libg-musl.a(__io_rw_needed.o)
 .note          0x00000408       0x18 C:/Program Files/Microchip/xc32/v5.00/bin/bin/../../lib/gcc/pic32c/13.2.1/../../../../pic32c/lib/thumb/v8-m.base/nofp\libg-musl.a(__stdio_read.o)
 .note          0x00000420       0x18 C:/Program Files/Microchip/xc32/v5.00/bin/bin/../../lib/gcc/pic32c/13.2.1/../../../../pic32c/lib/thumb/v8-m.base/nofp\libg-musl.a(__towrite_rw.o)
 .note          0x00000438       0x18 C:/Program Files/Microchip/xc32/v5.00/bin/bin/../../lib/gcc/pic32c/13.2.1/../../../../pic32c/lib/thumb/v8-m.base/nofp\libg-musl.a(setvbuf.o)
 .note          0x00000450       0x18 C:/Program Files/Microchip/xc32/v5.00/bin/bin/../../lib/gcc/pic32c/13.2.1/../../../../pic32c/lib/thumb/v8-m.base/nofp\libg-musl.a(readv.o)
 .note          0x00000468       0x18 C:/Program Files/Microchip/xc32/v5.00/bin/bin/../../lib/gcc/pic32c/13.2.1/../../../../pic32c/lib/thumb/v8-m.base/nofp\libg-musl.a(__fopen_rw.o)
 .note          0x00000480       0x18 C:/Program Files/Microchip/xc32/v5.00/bin/bin/../../lib/gcc/pic32c/13.2.1/../../../../pic32c/lib/thumb/v8-m.base/nofp\libg-musl.a(__ftello_rw.o)
 .note          0x00000498       0x18 C:/Program Files/Microchip/xc32/v5.00/bin/bin/../../lib/gcc/pic32c/13.2.1/../../../../pic32c/lib/thumb/v8-m.base/nofp\libg-musl.a(__init_stdio.o)
 .note          0x000004b0       0x18 C:/Program Files/Microchip/xc32/v5.00/bin/bin/../../lib/gcc/pic32c/13.2.1/../../../../pic32c/lib/thumb/v8-m.base/nofp\libg-musl.a(__io_buf_needed.o)
 .note          0x000004c8       0x18 C:/Program Files/Microchip/xc32/v5.00/bin/bin/../../lib/gcc/pic32c/13.2.1/../../../../pic32c/lib/thumb/v8-m.base/nofp\libg-musl.a(__io_file_needed.o)
 .note          0x000004e0       0x18 C:/Program Files/Microchip/xc32/v5.00/bin/bin/../../lib/gcc/pic32c/13.2.1/../../../../pic32c/lib/thumb/v8-m.base/nofp\libg-musl.a(__io_std_needed.o)
 .note          0x000004f8       0x18 C:/Program Files/Microchip/xc32/v5.00/bin/bin/../../lib/gcc/pic32c/13.2.1/../../../../pic32c/lib/thumb/v8-m.base/nofp\libg-musl.a(__out.o)
 .note          0x00000510       0x18 C:/Program Files/Microchip/xc32/v5.00/bin/bin/../../lib/gcc/pic32c/13.2.1/../../../../pic32c/lib/thumb/v8-m.base/nofp\libg-musl.a(__putc.o)
 .note          0x00000528       0x18 C:/Program Files/Microchip/xc32/v5.00/bin/bin/../../lib/gcc/pic32c/13.2.1/../../../../pic32c/lib/thumb/v8-m.base/nofp\libg-musl.a(__stderr.o)
 .note          0x00000540       0x18 C:/Program Files/Microchip/xc32/v5.00/bin/bin/../../lib/gcc/pic32c/13.2.1/../../../../pic32c/lib/thumb/v8-m.base/nofp\libg-musl.a(__stdio_close.o)
 .note          0x00000558       0x18 C:/Program Files/Microchip/xc32/v5.00/bin/bin/../../lib/gcc/pic32c/13.2.1/../../../../pic32c/lib/thumb/v8-m.base/nofp\libg-musl.a(__stdio_exit.o)
 .note          0x00000570       0x18 C:/Program Files/Microchip/xc32/v5.00/bin/bin/../../lib/gcc/pic32c/13.2.1/../../../../pic32c/lib/thumb/v8-m.base/nofp\libg-musl.a(__stdio_write.o)
 .note          0x00000588       0x18 C:/Program Files/Microchip/xc32/v5.00/bin/bin/../../lib/gcc/pic32c/13.2.1/../../../../pic32c/lib/thumb/v8-m.base/nofp\libg-musl.a(__stdout.o)
 .note          0x000005a0       0x18 C:/Program Files/Microchip/xc32/v5.00/bin/bin/../../lib/gcc/pic32c/13.2.1/../../../../pic32c/lib/thumb/v8-m.base/nofp\libg-musl.a(__towrite.o)
 .note          0x000005b8       0x18 C:/Program Files/Microchip/xc32/v5.00/bin/bin/../../lib/gcc/pic32c/13.2.1/../../../../pic32c/lib/thumb/v8-m.base/nofp\libg-musl.a(putc.o)
 .note          0x000005d0       0x18 C:/Program Files/Microchip/xc32/v5.00/bin/bin/../../lib/gcc/pic32c/13.2.1/../../../../pic32c/lib/thumb/v8-m.base/nofp\libg-musl.a(writev.o)
 .note          0x000005e8       0x18 C:/Program Files/Microchip/xc32/v5.00/bin/bin/../../lib/gcc/pic32c/13.2.1/../../../../pic32c/lib/thumb/v8-m.base/nofp\libg-musl.a(__overflow.o)
 .note          0x00000600       0x18 C:/Program Files/Microchip/xc32/v5.00/bin/bin/../../lib/gcc/pic32c/13.2.1/../../../../pic32c/lib/thumb/v8-m.base/nofp\libg-musl.a(__fclose.o)
 .note          0x00000618       0x18 C:/Program Files/Microchip/xc32/v5.00/bin/bin/../../lib/gcc/pic32c/13.2.1/../../../../pic32c/lib/thumb/v8-m.base/nofp\libg-musl.a(__fopen.o)
 .note          0x00000630       0x18 C:/Program Files/Microchip/xc32/v5.00/bin/bin/../../lib/gcc/pic32c/13.2.1/../../../../pic32c/lib/thumb/v8-m.base/nofp\libg-musl.a(__fseeko.o)
 .note          0x00000648       0x18 C:/Program Files/Microchip/xc32/v5.00/bin/bin/../../lib/gcc/pic32c/13.2.1/../../../../pic32c/lib/thumb/v8-m.base/nofp\libg-musl.a(__ftello.o)
 .note          0x00000660       0x18 C:/Program Files/Microchip/xc32/v5.00/bin/bin/../../lib/gcc/pic32c/13.2.1/../../../../pic32c/lib/thumb/v8-m.base/nofp\libg-musl.a(__fwrite.o)
 .note          0x00000678       0x18 C:/Program Files/Microchip/xc32/v5.00/bin/bin/../../lib/gcc/pic32c/13.2.1/../../../../pic32c/lib/thumb/v8-m.base/nofp\libpic32c.a(close.o)
 .note          0x00000690       0x18 C:/Program Files/Microchip/xc32/v5.00/bin/bin/../../lib/gcc/pic32c/13.2.1/../../../../pic32c/lib/thumb/v8-m.base/nofp\libpic32c.a(lseek.o)
 .note          0x000006a8       0x18 C:/Program Files/Microchip/xc32/v5.00/bin/bin/../../lib/gcc/pic32c/13.2.1/../../../../pic32c/lib/thumb/v8-m.base/nofp\libc-size-musl.a(memset.o)
 .note          0x000006c0       0x18 C:/Program Files/Microchip/xc32/v5.00/bin/bin/../../lib/gcc/pic32c/13.2.1/../../../../pic32c/lib/thumb/v8-m.base/nofp\liblmalloc-musl.a(lite_malloc.o)
 .note          0x000006d8       0x18 C:/Program Files/Microchip/xc32/v5.00/bin/bin/../../lib/gcc/pic32c/13.2.1/../../../../pic32c/lib/thumb/v8-m.base/nofp\liblmalloc-musl.a(lite_free.o)
 .note          0x000006f0       0x18 C:/Program Files/Microchip/xc32/v5.00/bin/bin/../../lib/gcc/pic32c/13.2.1/../../../../pic32c/lib/thumb/v8-m.base/nofp\libg-musl.a(__errno_location.o)
 .note          0x00000708       0x18 C:/Program Files/Microchip/xc32/v5.00/bin/bin/../../lib/gcc/pic32c/13.2.1/../../../../pic32c/lib/thumb/v8-m.base/nofp\libg-musl.a(expand_heap.o)
 .note          0x00000720       0x18 C:/Program Files/Microchip/xc32/v5.00/bin/bin/../../lib/gcc/pic32c/13.2.1/../../../../pic32c/lib/thumb/v8-m.base/nofp\libpic32c.a(sbrk.o)
 .note          0x00000738       0x18 C:/Program Files/Microchip/xc32/v5.00/bin/bin/../../lib/gcc/pic32c/13.2.1/thumb/v8-m.base/nofp\libgcc.a(_aeabi_uldivmod.o)
 .note          0x00000750       0x18 C:/Program Files/Microchip/xc32/v5.00/bin/bin/../../lib/gcc/pic32c/13.2.1/thumb/v8-m.base/nofp\libgcc.a(_muldi3.o)
 .note          0x00000768       0x18 C:/Program Files/Microchip/xc32/v5.00/bin/bin/../../lib/gcc/pic32c/13.2.1/thumb/v8-m.base/nofp\libgcc.a(_udivmoddi4.o)
 .note          0x00000780       0x18 C:/Program Files/Microchip/xc32/v5.00/bin/bin/../../lib/gcc/pic32c/13.2.1/thumb/v8-m.base/nofp\libgcc.a(_dvmd_tls.o)
 .note          0x00000798       0x18 C:/Program Files/Microchip/xc32/v5.00/bin/bin/../../lib/gcc/pic32c/13.2.1/thumb/v8-m.base/nofp\libgcc.a(_clzsi2.o)
 .note          0x000007b0       0x18 C:/Program Files/Microchip/xc32/v5.00/bin/bin/../../lib/gcc/pic32c/13.2.1/thumb/v8-m.base/nofp/crtend.o
 .note          0x000007c8       0x18 C:/Program Files/Microchip/xc32/v5.00/bin/bin/../../lib/gcc/pic32c/13.2.1/thumb/v8-m.base/nofp/crtn.o
 .note          0x000007e0       0x18 C:/Program Files/Microchip/xc32/v5.00/bin/bin/../../lib/gcc/pic32c/13.2.1/../../../../pic32c/lib/thumb/v8-m.base/nofp\libpic32c.a(pic32_data_init_clear.o)
 .note          0x000007f8       0x18 C:/Program Files/Microchip/xc32/v5.00/bin/bin/../../lib/gcc/pic32c/13.2.1/../../../../pic32c/lib/thumb/v8-m.base/nofp\libpic32c.a(pic32_data_init_copy.o)

.ARM.attributes
                0x00000000       0x2e
 .ARM.attributes
                0x00000000       0x22 C:/Program Files/Microchip/xc32/v5.00/bin/bin/../../lib/gcc/pic32c/13.2.1/thumb/v8-m.base/nofp/crti.o
 .ARM.attributes
                0x00000022       0x30 C:/Program Files/Microchip/xc32/v5.00/bin/bin/../../lib/gcc/pic32c/13.2.1/thumb/v8-m.base/nofp/crtbegin.o
 .ARM.attributes
                0x00000052       0x30 build/default/debug/_ext/60163342/plib_adc.o
 .ARM.attributes
                0x00000082       0x30 build/default/debug/_ext/1984496892/plib_clock.o
 .ARM.attributes
                0x000000b2       0x30 build/default/debug/_ext/1986646378/plib_evsys.o
 .ARM.attributes
                0x000000e2       0x30 build/default/debug/_ext/1865468468/plib_nvic.o
 .ARM.attributes
                0x00000112       0x30 build/default/debug/_ext/1593096446/plib_nvmctrl.o
 .ARM.attributes
                0x00000142       0x30 build/default/debug/_ext/829342769/plib_pm.o
 .ARM.attributes
                0x00000172       0x30 build/default/debug/_ext/1865521619/plib_port.o
 .ARM.attributes
                0x000001a2       0x30 build/default/debug/_ext/504274921/plib_sercom3_usart.o
 .ARM.attributes
                0x000001d2       0x30 build/default/debug/_ext/829342655/plib_tc0.o
 .ARM.attributes
                0x00000202       0x30 build/default/debug/_ext/60181570/plib_tcc0.o
 .ARM.attributes
                0x00000232       0x30 build/default/debug/_ext/163028504/xc32_monitor.o
 .ARM.attributes
                0x00000262       0x30 build/default/debug/_ext/1171490990/initialization.o
 .ARM.attributes
                0x00000292       0x30 build/default/debug/_ext/1171490990/interrupts.o
 .ARM.attributes
                0x000002c2       0x30 build/default/debug/_ext/1171490990/exceptions.o
 .ARM.attributes
                0x000002f2       0x30 build/default/debug/_ext/1171490990/startup_xc32.o
 .ARM.attributes
                0x00000322       0x30 build/default/debug/_ext/1360937237/main.o
 .ARM.attributes
                0x00000352       0x30 C:/Program Files/Microchip/xc32/v5.00/bin/bin/../../lib/gcc/pic32c/13.2.1/../../../../pic32c/lib/thumb/v8-m.base/nofp\libpic32c.a(data_init.o)
 .ARM.attributes
                0x00000382       0x32 C:/Program Files/Microchip/xc32/v5.00/bin/bin/../../lib/gcc/pic32c/13.2.1/../../../../pic32c/lib/thumb/v8-m.base/nofp\libc-size-musl.a(memcpy.o)
 .ARM.attributes
                0x000003b4       0x32 C:/Program Files/Microchip/xc32/v5.00/bin/bin/../../lib/gcc/pic32c/13.2.1/../../../../pic32c/lib/thumb/v8-m.base/nofp\libg-musl.a(__libc_start_main.o)
 .ARM.attributes
                0x000003e6       0x32 C:/Program Files/Microchip/xc32/v5.00/bin/bin/../../lib/gcc/pic32c/13.2.1/../../../../pic32c/lib/thumb/v8-m.base/nofp\libg-musl.a(libc.o)
 .ARM.attributes
                0x00000418       0x32 C:/Program Files/Microchip/xc32/v5.00/bin/bin/../../lib/gcc/pic32c/13.2.1/../../../../pic32c/lib/thumb/v8-m.base/nofp\libg-musl.a(stdin.o)
 .ARM.attributes
                0x0000044a       0x32 C:/Program Files/Microchip/xc32/v5.00/bin/bin/../../lib/gcc/pic32c/13.2.1/../../../../pic32c/lib/thumb/v8-m.base/nofp\libg-musl.a(stdout.o)
 .ARM.attributes
                0x0000047c       0x32 C:/Program Files/Microchip/xc32/v5.00/bin/bin/../../lib/gcc/pic32c/13.2.1/../../../../pic32c/lib/thumb/v8-m.base/nofp\libg-musl.a(setbuf.o)
 .ARM.attributes
                0x000004ae       0x32 C:/Program Files/Microchip/xc32/v5.00/bin/bin/../../lib/gcc/pic32c/13.2.1/../../../../pic32c/lib/thumb/v8-m.base/nofp\libg-musl.a(__environ.o)
 .ARM.attributes
                0x000004e0       0x32 C:/Program Files/Microchip/xc32/v5.00/bin/bin/../../lib/gcc/pic32c/13.2.1/../../../../pic32c/lib/thumb/v8-m.base/nofp\libg-musl.a(__stdio_read.o)
 .ARM.attributes
                0x00000512       0x32 C:/Program Files/Microchip/xc32/v5.00/bin/bin/../../lib/gcc/pic32c/13.2.1/../../../../pic32c/lib/thumb/v8-m.base/nofp\libg-musl.a(__towrite_rw.o)
 .ARM.attributes
                0x00000544       0x32 C:/Program Files/Microchip/xc32/v5.00/bin/bin/../../lib/gcc/pic32c/13.2.1/../../../../pic32c/lib/thumb/v8-m.base/nofp\libg-musl.a(setvbuf.o)
 .ARM.attributes
                0x00000576       0x32 C:/Program Files/Microchip/xc32/v5.00/bin/bin/../../lib/gcc/pic32c/13.2.1/../../../../pic32c/lib/thumb/v8-m.base/nofp\libg-musl.a(readv.o)
 .ARM.attributes
                0x000005a8       0x32 C:/Program Files/Microchip/xc32/v5.00/bin/bin/../../lib/gcc/pic32c/13.2.1/../../../../pic32c/lib/thumb/v8-m.base/nofp\libg-musl.a(__init_stdio.o)
 .ARM.attributes
                0x000005da       0x32 C:/Program Files/Microchip/xc32/v5.00/bin/bin/../../lib/gcc/pic32c/13.2.1/../../../../pic32c/lib/thumb/v8-m.base/nofp\libg-musl.a(__out.o)
 .ARM.attributes
                0x0000060c       0x32 C:/Program Files/Microchip/xc32/v5.00/bin/bin/../../lib/gcc/pic32c/13.2.1/../../../../pic32c/lib/thumb/v8-m.base/nofp\libg-musl.a(__stderr.o)
 .ARM.attributes
                0x0000063e       0x32 C:/Program Files/Microchip/xc32/v5.00/bin/bin/../../lib/gcc/pic32c/13.2.1/../../../../pic32c/lib/thumb/v8-m.base/nofp\libg-musl.a(__stdio_close.o)
 .ARM.attributes
                0x00000670       0x32 C:/Program Files/Microchip/xc32/v5.00/bin/bin/../../lib/gcc/pic32c/13.2.1/../../../../pic32c/lib/thumb/v8-m.base/nofp\libg-musl.a(__stdio_write.o)
 .ARM.attributes
                0x000006a2       0x32 C:/Program Files/Microchip/xc32/v5.00/bin/bin/../../lib/gcc/pic32c/13.2.1/../../../../pic32c/lib/thumb/v8-m.base/nofp\libg-musl.a(__stdout.o)
 .ARM.attributes
                0x000006d4       0x32 C:/Program Files/Microchip/xc32/v5.00/bin/bin/../../lib/gcc/pic32c/13.2.1/../../../../pic32c/lib/thumb/v8-m.base/nofp\libg-musl.a(__towrite.o)
 .ARM.attributes
                0x00000706       0x32 C:/Program Files/Microchip/xc32/v5.00/bin/bin/../../lib/gcc/pic32c/13.2.1/../../../../pic32c/lib/thumb/v8-m.base/nofp\libg-musl.a(writev.o)
 .ARM.attributes
                0x00000738       0x30 C:/Program Files/Microchip/xc32/v5.00/bin/bin/../../lib/gcc/pic32c/13.2.1/../../../../pic32c/lib/thumb/v8-m.base/nofp\libm-fast-emfloat.a(sqrtf.o)
 .ARM.attributes
                0x00000768       0x30 C:/Program Files/Microchip/xc32/v5.00/bin/bin/../../lib/gcc/pic32c/13.2.1/../../../../pic32c/lib/thumb/v8-m.base/nofp\libm-fast-emfloat.a(__SEGGER_RTL_aSqrtData.o)
 .ARM.attributes
                0x00000798       0x20 C:/Program Files/Microchip/xc32/v5.00/bin/bin/../../lib/gcc/pic32c/13.2.1/../../../../pic32c/lib/thumb/v8-m.base/nofp\libm-fast-emfloat.a(__aeabi_fadd.o)
 .ARM.attributes
                0x000007b8       0x20 C:/Program Files/Microchip/xc32/v5.00/bin/bin/../../lib/gcc/pic32c/13.2.1/../../../../pic32c/lib/thumb/v8-m.base/nofp\libm-fast-emfloat.a(__aeabi_fsub.o)
 .ARM.attributes
                0x000007d8       0x20 C:/Program Files/Microchip/xc32/v5.00/bin/bin/../../lib/gcc/pic32c/13.2.1/../../../../pic32c/lib/thumb/v8-m.base/nofp\libm-fast-emfloat.a(__aeabi_fmul.o)
 .ARM.attributes
                0x000007f8       0x20 C:/Program Files/Microchip/xc32/v5.00/bin/bin/../../lib/gcc/pic32c/13.2.1/../../../../pic32c/lib/thumb/v8-m.base/nofp\libm-fast-emfloat.a(__aeabi_dmul_aux.o)
 .ARM.attributes
                0x00000818       0x20 C:/Program Files/Microchip/xc32/v5.00/bin/bin/../../lib/gcc/pic32c/13.2.1/../../../../pic32c/lib/thumb/v8-m.base/nofp\libm-fast-emfloat.a(__aeabi_ddiv.o)
 .ARM.attributes
                0x00000838       0x20 C:/Program Files/Microchip/xc32/v5.00/bin/bin/../../lib/gcc/pic32c/13.2.1/../../../../pic32c/lib/thumb/v8-m.base/nofp\libm-fast-emfloat.a(__aeabi_f2uiz.o)
 .ARM.attributes
                0x00000858       0x20 C:/Program Files/Microchip/xc32/v5.00/bin/bin/../../lib/gcc/pic32c/13.2.1/../../../../pic32c/lib/thumb/v8-m.base/nofp\libm-fast-emfloat.a(__aeabi_ui2f.o)
 .ARM.attributes
                0x00000878       0x20 C:/Program Files/Microchip/xc32/v5.00/bin/bin/../../lib/gcc/pic32c/13.2.1/../../../../pic32c/lib/thumb/v8-m.base/nofp\libm-fast-emfloat.a(__aeabi_ui2d.o)
 .ARM.attributes
                0x00000898       0x20 C:/Program Files/Microchip/xc32/v5.00/bin/bin/../../lib/gcc/pic32c/13.2.1/../../../../pic32c/lib/thumb/v8-m.base/nofp\libm-fast-emfloat.a(__aeabi_d2f.o)
 .ARM.attributes
                0x000008b8       0x30 C:/Program Files/Microchip/xc32/v5.00/bin/bin/../../lib/gcc/pic32c/13.2.1/../../../../pic32c/lib/thumb/v8-m.base/nofp\libm-fast-emfloat.a(ldexpf.o)
 .ARM.attributes
                0x000008e8       0x30 C:/Program Files/Microchip/xc32/v5.00/bin/bin/../../lib/gcc/pic32c/13.2.1/../../../../pic32c/lib/thumb/v8-m.base/nofp\libm-fast-emfloat.a(frexpf.o)
 .ARM.attributes
                0x00000918       0x30 C:/Program Files/Microchip/xc32/v5.00/bin/bin/../../lib/gcc/pic32c/13.2.1/../../../../pic32c/lib/thumb/v8-m.base/nofp\libpic32c.a(close.o)
 .ARM.attributes
                0x00000948       0x30 C:/Program Files/Microchip/xc32/v5.00/bin/bin/../../lib/gcc/pic32c/13.2.1/../../../../pic32c/lib/thumb/v8-m.base/nofp\libpic32c.a(lseek.o)
 .ARM.attributes
                0x00000978       0x32 C:/Program Files/Microchip/xc32/v5.00/bin/bin/../../lib/gcc/pic32c/13.2.1/../../../../pic32c/lib/thumb/v8-m.base/nofp\liblmalloc-musl.a(lite_malloc.o)
 .ARM.attributes
                0x000009aa       0x32 C:/Program Files/Microchip/xc32/v5.00/bin/bin/../../lib/gcc/pic32c/13.2.1/../../../../pic32c/lib/thumb/v8-m.base/nofp\liblmalloc-musl.a(lite_free.o)
 .ARM.attributes
                0x000009dc       0x32 C:/Program Files/Microchip/xc32/v5.00/bin/bin/../../lib/gcc/pic32c/13.2.1/../../../../pic32c/lib/thumb/v8-m.base/nofp\libg-musl.a(__errno_location.o)
 .ARM.attributes
                0x00000a0e       0x32 C:/Program Files/Microchip/xc32/v5.00/bin/bin/../../lib/gcc/pic32c/13.2.1/../../../../pic32c/lib/thumb/v8-m.base/nofp\libg-musl.a(expand_heap.o)
 .ARM.attributes
                0x00000a40       0x30 C:/Program Files/Microchip/xc32/v5.00/bin/bin/../../lib/gcc/pic32c/13.2.1/../../../../pic32c/lib/thumb/v8-m.base/nofp\libpic32c.a(sbrk.o)
 .ARM.attributes
                0x00000a70       0x22 C:/Program Files/Microchip/xc32/v5.00/bin/bin/../../lib/gcc/pic32c/13.2.1/thumb/v8-m.base/nofp/crtn.o
 .ARM.attributes
                0x00000a92       0x30 C:/Program Files/Microchip/xc32/v5.00/bin/bin/../../lib/gcc/pic32c/13.2.1/../../../../pic32c/lib/thumb/v8-m.base/nofp\libpic32c.a(pic32_data_init_clear.o)
 .ARM.attributes
                0x00000ac2       0x30 C:/Program Files/Microchip/xc32/v5.00/bin/bin/../../lib/gcc/pic32c/13.2.1/../../../../pic32c/lib/thumb/v8-m.base/nofp\libpic32c.a(pic32_data_init_copy.o)

.comment        0x00000000       0x35
 .comment       0x00000000       0x35 C:/Program Files/Microchip/xc32/v5.00/bin/bin/../../lib/gcc/pic32c/13.2.1/thumb/v8-m.base/nofp/crtbegin.o
                                 0x36 (size before relaxing)
 .comment       0x00000035       0x36 build/default/debug/_ext/60163342/plib_adc.o
 .comment       0x00000035       0x36 build/default/debug/_ext/1984496892/plib_clock.o
 .comment       0x00000035       0x36 build/default/debug/_ext/1986646378/plib_evsys.o
 .comment       0x00000035       0x36 build/default/debug/_ext/1865468468/plib_nvic.o
 .comment       0x00000035       0x36 build/default/debug/_ext/1593096446/plib_nvmctrl.o
 .comment       0x00000035       0x36 build/default/debug/_ext/829342769/plib_pm.o
 .comment       0x00000035       0x36 build/default/debug/_ext/1865521619/plib_port.o
 .comment       0x00000035       0x36 build/default/debug/_ext/504274921/plib_sercom3_usart.o
 .comment       0x00000035       0x36 build/default/debug/_ext/829342655/plib_tc0.o
 .comment       0x00000035       0x36 build/default/debug/_ext/60181570/plib_tcc0.o
 .comment       0x00000035       0x36 build/default/debug/_ext/163028504/xc32_monitor.o
 .comment       0x00000035       0x36 build/default/debug/_ext/1171490990/initialization.o
 .comment       0x00000035       0x36 build/default/debug/_ext/1171490990/interrupts.o
 .comment       0x00000035       0x36 build/default/debug/_ext/1171490990/exceptions.o
 .comment       0x00000035       0x36 build/default/debug/_ext/1171490990/startup_xc32.o
 .comment       0x00000035       0x36 build/default/debug/_ext/1360937237/main.o
 .comment       0x00000035       0x36 C:/Program Files/Microchip/xc32/v5.00/bin/bin/../../lib/gcc/pic32c/13.2.1/../../../../pic32c/lib/thumb/v8-m.base/nofp\libpic32c.a(data_init.o)
 .comment       0x00000035       0x36 C:/Program Files/Microchip/xc32/v5.00/bin/bin/../../lib/gcc/pic32c/13.2.1/../../../../pic32c/lib/thumb/v8-m.base/nofp\libc-size-musl.a(memcpy.o)
 .comment       0x00000035       0x36 C:/Program Files/Microchip/xc32/v5.00/bin/bin/../../lib/gcc/pic32c/13.2.1/../../../../pic32c/lib/thumb/v8-m.base/nofp\libg-musl.a(__libc_start_main.o)
 .comment       0x00000035       0x36 C:/Program Files/Microchip/xc32/v5.00/bin/bin/../../lib/gcc/pic32c/13.2.1/../../../../pic32c/lib/thumb/v8-m.base/nofp\libg-musl.a(libc.o)
 .comment       0x00000035       0x36 C:/Program Files/Microchip/xc32/v5.00/bin/bin/../../lib/gcc/pic32c/13.2.1/../../../../pic32c/lib/thumb/v8-m.base/nofp\libg-musl.a(stdin.o)
 .comment       0x00000035       0x36 C:/Program Files/Microchip/xc32/v5.00/bin/bin/../../lib/gcc/pic32c/13.2.1/../../../../pic32c/lib/thumb/v8-m.base/nofp\libg-musl.a(stdout.o)
 .comment       0x00000035       0x36 C:/Program Files/Microchip/xc32/v5.00/bin/bin/../../lib/gcc/pic32c/13.2.1/../../../../pic32c/lib/thumb/v8-m.base/nofp\libg-musl.a(setbuf.o)
 .comment       0x00000035       0x36 C:/Program Files/Microchip/xc32/v5.00/bin/bin/../../lib/gcc/pic32c/13.2.1/../../../../pic32c/lib/thumb/v8-m.base/nofp\libg-musl.a(__environ.o)
 .comment       0x00000035       0x36 C:/Program Files/Microchip/xc32/v5.00/bin/bin/../../lib/gcc/pic32c/13.2.1/../../../../pic32c/lib/thumb/v8-m.base/nofp\libg-musl.a(__stdio_read.o)
 .comment       0x00000035       0x36 C:/Program Files/Microchip/xc32/v5.00/bin/bin/../../lib/gcc/pic32c/13.2.1/../../../../pic32c/lib/thumb/v8-m.base/nofp\libg-musl.a(__towrite_rw.o)
 .comment       0x00000035       0x36 C:/Program Files/Microchip/xc32/v5.00/bin/bin/../../lib/gcc/pic32c/13.2.1/../../../../pic32c/lib/thumb/v8-m.base/nofp\libg-musl.a(setvbuf.o)
 .comment       0x00000035       0x36 C:/Program Files/Microchip/xc32/v5.00/bin/bin/../../lib/gcc/pic32c/13.2.1/../../../../pic32c/lib/thumb/v8-m.base/nofp\libg-musl.a(readv.o)
 .comment       0x00000035       0x36 C:/Program Files/Microchip/xc32/v5.00/bin/bin/../../lib/gcc/pic32c/13.2.1/../../../../pic32c/lib/thumb/v8-m.base/nofp\libg-musl.a(__init_stdio.o)
 .comment       0x00000035       0x36 C:/Program Files/Microchip/xc32/v5.00/bin/bin/../../lib/gcc/pic32c/13.2.1/../../../../pic32c/lib/thumb/v8-m.base/nofp\libg-musl.a(__out.o)
 .comment       0x00000035       0x36 C:/Program Files/Microchip/xc32/v5.00/bin/bin/../../lib/gcc/pic32c/13.2.1/../../../../pic32c/lib/thumb/v8-m.base/nofp\libg-musl.a(__stderr.o)
 .comment       0x00000035       0x36 C:/Program Files/Microchip/xc32/v5.00/bin/bin/../../lib/gcc/pic32c/13.2.1/../../../../pic32c/lib/thumb/v8-m.base/nofp\libg-musl.a(__stdio_close.o)
 .comment       0x00000035       0x36 C:/Program Files/Microchip/xc32/v5.00/bin/bin/../../lib/gcc/pic32c/13.2.1/../../../../pic32c/lib/thumb/v8-m.base/nofp\libg-musl.a(__stdio_write.o)
 .comment       0x00000035       0x36 C:/Program Files/Microchip/xc32/v5.00/bin/bin/../../lib/gcc/pic32c/13.2.1/../../../../pic32c/lib/thumb/v8-m.base/nofp\libg-musl.a(__stdout.o)
 .comment       0x00000035       0x36 C:/Program Files/Microchip/xc32/v5.00/bin/bin/../../lib/gcc/pic32c/13.2.1/../../../../pic32c/lib/thumb/v8-m.base/nofp\libg-musl.a(__towrite.o)
 .comment       0x00000035       0x36 C:/Program Files/Microchip/xc32/v5.00/bin/bin/../../lib/gcc/pic32c/13.2.1/../../../../pic32c/lib/thumb/v8-m.base/nofp\libg-musl.a(writev.o)
 .comment       0x00000035       0x36 C:/Program Files/Microchip/xc32/v5.00/bin/bin/../../lib/gcc/pic32c/13.2.1/../../../../pic32c/lib/thumb/v8-m.base/nofp\libm-fast-emfloat.a(sqrtf.o)
 .comment       0x00000035       0x36 C:/Program Files/Microchip/xc32/v5.00/bin/bin/../../lib/gcc/pic32c/13.2.1/../../../../pic32c/lib/thumb/v8-m.base/nofp\libm-fast-emfloat.a(__SEGGER_RTL_aSqrtData.o)
 .comment       0x00000035       0x36 C:/Program Files/Microchip/xc32/v5.00/bin/bin/../../lib/gcc/pic32c/13.2.1/../../../../pic32c/lib/thumb/v8-m.base/nofp\libm-fast-emfloat.a(ldexpf.o)
 .comment       0x00000035       0x36 C:/Program Files/Microchip/xc32/v5.00/bin/bin/../../lib/gcc/pic32c/13.2.1/../../../../pic32c/lib/thumb/v8-m.base/nofp\libm-fast-emfloat.a(frexpf.o)
 .comment       0x00000035       0x36 C:/Program Files/Microchip/xc32/v5.00/bin/bin/../../lib/gcc/pic32c/13.2.1/../../../../pic32c/lib/thumb/v8-m.base/nofp\libpic32c.a(close.o)
 .comment       0x00000035       0x36 C:/Program Files/Microchip/xc32/v5.00/bin/bin/../../lib/gcc/pic32c/13.2.1/../../../../pic32c/lib/thumb/v8-m.base/nofp\libpic32c.a(lseek.o)
 .comment       0x00000035       0x36 C:/Program Files/Microchip/xc32/v5.00/bin/bin/../../lib/gcc/pic32c/13.2.1/../../../../pic32c/lib/thumb/v8-m.base/nofp\liblmalloc-musl.a(lite_malloc.o)
 .comment       0x00000035       0x36 C:/Program Files/Microchip/xc32/v5.00/bin/bin/../../lib/gcc/pic32c/13.2.1/../../../../pic32c/lib/thumb/v8-m.base/nofp\liblmalloc-musl.a(lite_free.o)
 .comment       0x00000035       0x36 C:/Program Files/Microchip/xc32/v5.00/bin/bin/../../lib/gcc/pic32c/13.2.1/../../../../pic32c/lib/thumb/v8-m.base/nofp\libg-musl.a(__errno_location.o)
 .comment       0x00000035       0x36 C:/Program Files/Microchip/xc32/v5.00/bin/bin/../../lib/gcc/pic32c/13.2.1/../../../../pic32c/lib/thumb/v8-m.base/nofp\libg-musl.a(expand_heap.o)
 .comment       0x00000035       0x36 C:/Program Files/Microchip/xc32/v5.00/bin/bin/../../lib/gcc/pic32c/13.2.1/../../../../pic32c/lib/thumb/v8-m.base/nofp\libpic32c.a(sbrk.o)
 .comment       0x00000035       0x36 C:/Program Files/Microchip/xc32/v5.00/bin/bin/../../lib/gcc/pic32c/13.2.1/../../../../pic32c/lib/thumb/v8-m.base/nofp\libpic32c.a(pic32_data_init_clear.o)
 .comment       0x00000035       0x36 C:/Program Files/Microchip/xc32/v5.00/bin/bin/../../lib/gcc/pic32c/13.2.1/../../../../pic32c/lib/thumb/v8-m.base/nofp\libpic32c.a(pic32_data_init_copy.o)

.debug_info     0x00000000     0x9b6b
 .debug_info    0x00000000      0x747 build/default/debug/_ext/60163342/plib_adc.o
 .debug_info    0x00000747      0x6b7 build/default/debug/_ext/1984496892/plib_clock.o
 .debug_info    0x00000dfe      0x3b9 build/default/debug/_ext/1986646378/plib_evsys.o
 .debug_info    0x000011b7      0x89c build/default/debug/_ext/1865468468/plib_nvic.o
 .debug_info    0x00001a53      0x807 build/default/debug/_ext/1593096446/plib_nvmctrl.o
 .debug_info    0x0000225a      0x236 build/default/debug/_ext/829342769/plib_pm.o
 .debug_info    0x00002490      0x791 build/default/debug/_ext/1865521619/plib_port.o
 .debug_info    0x00002c21     0x10e8 build/default/debug/_ext/504274921/plib_sercom3_usart.o
 .debug_info    0x00003d09      0x764 build/default/debug/_ext/829342655/plib_tc0.o
 .debug_info    0x0000446d      0x52a build/default/debug/_ext/60181570/plib_tcc0.o
 .debug_info    0x00004997      0x1ef build/default/debug/_ext/163028504/xc32_monitor.o
 .debug_info    0x00004b86      0x470 build/default/debug/_ext/1171490990/initialization.o
 .debug_info    0x00004ff6      0x6a8 build/default/debug/_ext/1171490990/interrupts.o
 .debug_info    0x0000569e       0xba build/default/debug/_ext/1171490990/exceptions.o
 .debug_info    0x00005758      0x200 build/default/debug/_ext/1171490990/startup_xc32.o
 .debug_info    0x00005958      0x362 build/default/debug/_ext/1360937237/main.o
 .debug_info    0x00005cba      0x212 C:/Program Files/Microchip/xc32/v5.00/bin/bin/../../lib/gcc/pic32c/13.2.1/../../../../pic32c/lib/thumb/v8-m.base/nofp\libpic32c.a(data_init.o)
 .debug_info    0x00005ecc       0xed C:/Program Files/Microchip/xc32/v5.00/bin/bin/../../lib/gcc/pic32c/13.2.1/../../../../pic32c/lib/thumb/v8-m.base/nofp\libc-size-musl.a(memcpy.o)
 .debug_info    0x00005fb9      0x2fb C:/Program Files/Microchip/xc32/v5.00/bin/bin/../../lib/gcc/pic32c/13.2.1/../../../../pic32c/lib/thumb/v8-m.base/nofp\libg-musl.a(__libc_start_main.o)
 .debug_info    0x000062b4      0x276 C:/Program Files/Microchip/xc32/v5.00/bin/bin/../../lib/gcc/pic32c/13.2.1/../../../../pic32c/lib/thumb/v8-m.base/nofp\libg-musl.a(libc.o)
 .debug_info    0x0000652a      0x424 C:/Program Files/Microchip/xc32/v5.00/bin/bin/../../lib/gcc/pic32c/13.2.1/../../../../pic32c/lib/thumb/v8-m.base/nofp\libg-musl.a(stdin.o)
 .debug_info    0x0000694e      0x1e6 C:/Program Files/Microchip/xc32/v5.00/bin/bin/../../lib/gcc/pic32c/13.2.1/../../../../pic32c/lib/thumb/v8-m.base/nofp\libg-musl.a(stdout.o)
 .debug_info    0x00006b34      0x121 C:/Program Files/Microchip/xc32/v5.00/bin/bin/../../lib/gcc/pic32c/13.2.1/../../../../pic32c/lib/thumb/v8-m.base/nofp\libg-musl.a(setbuf.o)
 .debug_info    0x00006c55       0x97 C:/Program Files/Microchip/xc32/v5.00/bin/bin/../../lib/gcc/pic32c/13.2.1/../../../../pic32c/lib/thumb/v8-m.base/nofp\libg-musl.a(__environ.o)
 .debug_info    0x00006cec      0x40b C:/Program Files/Microchip/xc32/v5.00/bin/bin/../../lib/gcc/pic32c/13.2.1/../../../../pic32c/lib/thumb/v8-m.base/nofp\libg-musl.a(__stdio_read.o)
 .debug_info    0x000070f7      0x331 C:/Program Files/Microchip/xc32/v5.00/bin/bin/../../lib/gcc/pic32c/13.2.1/../../../../pic32c/lib/thumb/v8-m.base/nofp\libg-musl.a(__towrite_rw.o)
 .debug_info    0x00007428      0x2ea C:/Program Files/Microchip/xc32/v5.00/bin/bin/../../lib/gcc/pic32c/13.2.1/../../../../pic32c/lib/thumb/v8-m.base/nofp\libg-musl.a(setvbuf.o)
 .debug_info    0x00007712      0x163 C:/Program Files/Microchip/xc32/v5.00/bin/bin/../../lib/gcc/pic32c/13.2.1/../../../../pic32c/lib/thumb/v8-m.base/nofp\libg-musl.a(readv.o)
 .debug_info    0x00007875       0xc3 C:/Program Files/Microchip/xc32/v5.00/bin/bin/../../lib/gcc/pic32c/13.2.1/../../../../pic32c/lib/thumb/v8-m.base/nofp\libg-musl.a(__init_stdio.o)
 .debug_info    0x00007938      0x2fb C:/Program Files/Microchip/xc32/v5.00/bin/bin/../../lib/gcc/pic32c/13.2.1/../../../../pic32c/lib/thumb/v8-m.base/nofp\libg-musl.a(__out.o)
 .debug_info    0x00007c33      0x3e7 C:/Program Files/Microchip/xc32/v5.00/bin/bin/../../lib/gcc/pic32c/13.2.1/../../../../pic32c/lib/thumb/v8-m.base/nofp\libg-musl.a(__stderr.o)
 .debug_info    0x0000801a      0x419 C:/Program Files/Microchip/xc32/v5.00/bin/bin/../../lib/gcc/pic32c/13.2.1/../../../../pic32c/lib/thumb/v8-m.base/nofp\libg-musl.a(__stdio_close.o)
 .debug_info    0x00008433      0x485 C:/Program Files/Microchip/xc32/v5.00/bin/bin/../../lib/gcc/pic32c/13.2.1/../../../../pic32c/lib/thumb/v8-m.base/nofp\libg-musl.a(__stdio_write.o)
 .debug_info    0x000088b8      0x3e7 C:/Program Files/Microchip/xc32/v5.00/bin/bin/../../lib/gcc/pic32c/13.2.1/../../../../pic32c/lib/thumb/v8-m.base/nofp\libg-musl.a(__stdout.o)
 .debug_info    0x00008c9f      0x275 C:/Program Files/Microchip/xc32/v5.00/bin/bin/../../lib/gcc/pic32c/13.2.1/../../../../pic32c/lib/thumb/v8-m.base/nofp\libg-musl.a(__towrite.o)
 .debug_info    0x00008f14      0x16a C:/Program Files/Microchip/xc32/v5.00/bin/bin/../../lib/gcc/pic32c/13.2.1/../../../../pic32c/lib/thumb/v8-m.base/nofp\libg-musl.a(writev.o)
 .debug_info    0x0000907e       0xa6 C:/Program Files/Microchip/xc32/v5.00/bin/bin/../../lib/gcc/pic32c/13.2.1/../../../../pic32c/lib/thumb/v8-m.base/nofp\libpic32c.a(close.o)
 .debug_info    0x00009124       0xbc C:/Program Files/Microchip/xc32/v5.00/bin/bin/../../lib/gcc/pic32c/13.2.1/../../../../pic32c/lib/thumb/v8-m.base/nofp\libpic32c.a(lseek.o)
 .debug_info    0x000091e0      0x1dc C:/Program Files/Microchip/xc32/v5.00/bin/bin/../../lib/gcc/pic32c/13.2.1/../../../../pic32c/lib/thumb/v8-m.base/nofp\liblmalloc-musl.a(lite_malloc.o)
 .debug_info    0x000093bc      0x276 C:/Program Files/Microchip/xc32/v5.00/bin/bin/../../lib/gcc/pic32c/13.2.1/../../../../pic32c/lib/thumb/v8-m.base/nofp\liblmalloc-musl.a(lite_free.o)
 .debug_info    0x00009632       0x5b C:/Program Files/Microchip/xc32/v5.00/bin/bin/../../lib/gcc/pic32c/13.2.1/../../../../pic32c/lib/thumb/v8-m.base/nofp\libg-musl.a(__errno_location.o)
 .debug_info    0x0000968d      0x115 C:/Program Files/Microchip/xc32/v5.00/bin/bin/../../lib/gcc/pic32c/13.2.1/../../../../pic32c/lib/thumb/v8-m.base/nofp\libg-musl.a(expand_heap.o)
 .debug_info    0x000097a2      0x186 C:/Program Files/Microchip/xc32/v5.00/bin/bin/../../lib/gcc/pic32c/13.2.1/../../../../pic32c/lib/thumb/v8-m.base/nofp\libpic32c.a(sbrk.o)
 .debug_info    0x00009928      0x117 C:/Program Files/Microchip/xc32/v5.00/bin/bin/../../lib/gcc/pic32c/13.2.1/../../../../pic32c/lib/thumb/v8-m.base/nofp\libpic32c.a(pic32_data_init_clear.o)
 .debug_info    0x00009a3f      0x12c C:/Program Files/Microchip/xc32/v5.00/bin/bin/../../lib/gcc/pic32c/13.2.1/../../../../pic32c/lib/thumb/v8-m.base/nofp\libpic32c.a(pic32_data_init_copy.o)

.debug_abbrev   0x00000000     0x3582
 .debug_abbrev  0x00000000      0x1df build/default/debug/_ext/60163342/plib_adc.o
 .debug_abbrev  0x000001df      0x142 build/default/debug/_ext/1984496892/plib_clock.o
 .debug_abbrev  0x00000321      0x110 build/default/debug/_ext/1986646378/plib_evsys.o
 .debug_abbrev  0x00000431      0x24c build/default/debug/_ext/1865468468/plib_nvic.o
 .debug_abbrev  0x0000067d      0x1ee build/default/debug/_ext/1593096446/plib_nvmctrl.o
 .debug_abbrev  0x0000086b      0x106 build/default/debug/_ext/829342769/plib_pm.o
 .debug_abbrev  0x00000971      0x1ea build/default/debug/_ext/1865521619/plib_port.o
 .debug_abbrev  0x00000b5b      0x285 build/default/debug/_ext/504274921/plib_sercom3_usart.o
 .debug_abbrev  0x00000de0      0x16d build/default/debug/_ext/829342655/plib_tc0.o
 .debug_abbrev  0x00000f4d      0x13e build/default/debug/_ext/60181570/plib_tcc0.o
 .debug_abbrev  0x0000108b      0x105 build/default/debug/_ext/163028504/xc32_monitor.o
 .debug_abbrev  0x00001190      0x180 build/default/debug/_ext/1171490990/initialization.o
 .debug_abbrev  0x00001310       0xd3 build/default/debug/_ext/1171490990/interrupts.o
 .debug_abbrev  0x000013e3       0x49 build/default/debug/_ext/1171490990/exceptions.o
 .debug_abbrev  0x0000142c      0x12c build/default/debug/_ext/1171490990/startup_xc32.o
 .debug_abbrev  0x00001558      0x189 build/default/debug/_ext/1360937237/main.o
 .debug_abbrev  0x000016e1      0x156 C:/Program Files/Microchip/xc32/v5.00/bin/bin/../../lib/gcc/pic32c/13.2.1/../../../../pic32c/lib/thumb/v8-m.base/nofp\libpic32c.a(data_init.o)
 .debug_abbrev  0x00001837       0xbb C:/Program Files/Microchip/xc32/v5.00/bin/bin/../../lib/gcc/pic32c/13.2.1/../../../../pic32c/lib/thumb/v8-m.base/nofp\libc-size-musl.a(memcpy.o)
 .debug_abbrev  0x000018f2      0x133 C:/Program Files/Microchip/xc32/v5.00/bin/bin/../../lib/gcc/pic32c/13.2.1/../../../../pic32c/lib/thumb/v8-m.base/nofp\libg-musl.a(__libc_start_main.o)
 .debug_abbrev  0x00001a25       0xd4 C:/Program Files/Microchip/xc32/v5.00/bin/bin/../../lib/gcc/pic32c/13.2.1/../../../../pic32c/lib/thumb/v8-m.base/nofp\libg-musl.a(libc.o)
 .debug_abbrev  0x00001af9      0x1c9 C:/Program Files/Microchip/xc32/v5.00/bin/bin/../../lib/gcc/pic32c/13.2.1/../../../../pic32c/lib/thumb/v8-m.base/nofp\libg-musl.a(stdin.o)
 .debug_abbrev  0x00001cc2      0x144 C:/Program Files/Microchip/xc32/v5.00/bin/bin/../../lib/gcc/pic32c/13.2.1/../../../../pic32c/lib/thumb/v8-m.base/nofp\libg-musl.a(stdout.o)
 .debug_abbrev  0x00001e06       0xbf C:/Program Files/Microchip/xc32/v5.00/bin/bin/../../lib/gcc/pic32c/13.2.1/../../../../pic32c/lib/thumb/v8-m.base/nofp\libg-musl.a(setbuf.o)
 .debug_abbrev  0x00001ec5       0x62 C:/Program Files/Microchip/xc32/v5.00/bin/bin/../../lib/gcc/pic32c/13.2.1/../../../../pic32c/lib/thumb/v8-m.base/nofp\libg-musl.a(__environ.o)
 .debug_abbrev  0x00001f27      0x176 C:/Program Files/Microchip/xc32/v5.00/bin/bin/../../lib/gcc/pic32c/13.2.1/../../../../pic32c/lib/thumb/v8-m.base/nofp\libg-musl.a(__stdio_read.o)
 .debug_abbrev  0x0000209d       0xf8 C:/Program Files/Microchip/xc32/v5.00/bin/bin/../../lib/gcc/pic32c/13.2.1/../../../../pic32c/lib/thumb/v8-m.base/nofp\libg-musl.a(__towrite_rw.o)
 .debug_abbrev  0x00002195      0x152 C:/Program Files/Microchip/xc32/v5.00/bin/bin/../../lib/gcc/pic32c/13.2.1/../../../../pic32c/lib/thumb/v8-m.base/nofp\libg-musl.a(setvbuf.o)
 .debug_abbrev  0x000022e7      0x101 C:/Program Files/Microchip/xc32/v5.00/bin/bin/../../lib/gcc/pic32c/13.2.1/../../../../pic32c/lib/thumb/v8-m.base/nofp\libg-musl.a(readv.o)
 .debug_abbrev  0x000023e8       0x65 C:/Program Files/Microchip/xc32/v5.00/bin/bin/../../lib/gcc/pic32c/13.2.1/../../../../pic32c/lib/thumb/v8-m.base/nofp\libg-musl.a(__init_stdio.o)
 .debug_abbrev  0x0000244d      0x184 C:/Program Files/Microchip/xc32/v5.00/bin/bin/../../lib/gcc/pic32c/13.2.1/../../../../pic32c/lib/thumb/v8-m.base/nofp\libg-musl.a(__out.o)
 .debug_abbrev  0x000025d1      0x194 C:/Program Files/Microchip/xc32/v5.00/bin/bin/../../lib/gcc/pic32c/13.2.1/../../../../pic32c/lib/thumb/v8-m.base/nofp\libg-musl.a(__stderr.o)
 .debug_abbrev  0x00002765      0x16e C:/Program Files/Microchip/xc32/v5.00/bin/bin/../../lib/gcc/pic32c/13.2.1/../../../../pic32c/lib/thumb/v8-m.base/nofp\libg-musl.a(__stdio_close.o)
 .debug_abbrev  0x000028d3      0x1c5 C:/Program Files/Microchip/xc32/v5.00/bin/bin/../../lib/gcc/pic32c/13.2.1/../../../../pic32c/lib/thumb/v8-m.base/nofp\libg-musl.a(__stdio_write.o)
 .debug_abbrev  0x00002a98      0x194 C:/Program Files/Microchip/xc32/v5.00/bin/bin/../../lib/gcc/pic32c/13.2.1/../../../../pic32c/lib/thumb/v8-m.base/nofp\libg-musl.a(__stdout.o)
 .debug_abbrev  0x00002c2c      0x114 C:/Program Files/Microchip/xc32/v5.00/bin/bin/../../lib/gcc/pic32c/13.2.1/../../../../pic32c/lib/thumb/v8-m.base/nofp\libg-musl.a(__towrite.o)
 .debug_abbrev  0x00002d40      0x106 C:/Program Files/Microchip/xc32/v5.00/bin/bin/../../lib/gcc/pic32c/13.2.1/../../../../pic32c/lib/thumb/v8-m.base/nofp\libg-musl.a(writev.o)
 .debug_abbrev  0x00002e46       0x81 C:/Program Files/Microchip/xc32/v5.00/bin/bin/../../lib/gcc/pic32c/13.2.1/../../../../pic32c/lib/thumb/v8-m.base/nofp\libpic32c.a(close.o)
 .debug_abbrev  0x00002ec7       0x92 C:/Program Files/Microchip/xc32/v5.00/bin/bin/../../lib/gcc/pic32c/13.2.1/../../../../pic32c/lib/thumb/v8-m.base/nofp\libpic32c.a(lseek.o)
 .debug_abbrev  0x00002f59      0x13d C:/Program Files/Microchip/xc32/v5.00/bin/bin/../../lib/gcc/pic32c/13.2.1/../../../../pic32c/lib/thumb/v8-m.base/nofp\liblmalloc-musl.a(lite_malloc.o)
 .debug_abbrev  0x00003096      0x184 C:/Program Files/Microchip/xc32/v5.00/bin/bin/../../lib/gcc/pic32c/13.2.1/../../../../pic32c/lib/thumb/v8-m.base/nofp\liblmalloc-musl.a(lite_free.o)
 .debug_abbrev  0x0000321a       0x39 C:/Program Files/Microchip/xc32/v5.00/bin/bin/../../lib/gcc/pic32c/13.2.1/../../../../pic32c/lib/thumb/v8-m.base/nofp\libg-musl.a(__errno_location.o)
 .debug_abbrev  0x00003253       0xcc C:/Program Files/Microchip/xc32/v5.00/bin/bin/../../lib/gcc/pic32c/13.2.1/../../../../pic32c/lib/thumb/v8-m.base/nofp\libg-musl.a(expand_heap.o)
 .debug_abbrev  0x0000331f      0x105 C:/Program Files/Microchip/xc32/v5.00/bin/bin/../../lib/gcc/pic32c/13.2.1/../../../../pic32c/lib/thumb/v8-m.base/nofp\libpic32c.a(sbrk.o)
 .debug_abbrev  0x00003424       0xa5 C:/Program Files/Microchip/xc32/v5.00/bin/bin/../../lib/gcc/pic32c/13.2.1/../../../../pic32c/lib/thumb/v8-m.base/nofp\libpic32c.a(pic32_data_init_clear.o)
 .debug_abbrev  0x000034c9       0xb9 C:/Program Files/Microchip/xc32/v5.00/bin/bin/../../lib/gcc/pic32c/13.2.1/../../../../pic32c/lib/thumb/v8-m.base/nofp\libpic32c.a(pic32_data_init_copy.o)

.debug_loc      0x00000000     0x33cb
 .debug_loc     0x00000000      0x1d0 build/default/debug/_ext/60163342/plib_adc.o
 .debug_loc     0x000001d0       0x20 build/default/debug/_ext/1984496892/plib_clock.o
 .debug_loc     0x000001f0       0xd0 build/default/debug/_ext/1986646378/plib_evsys.o
 .debug_loc     0x000002c0      0x181 build/default/debug/_ext/1865468468/plib_nvic.o
 .debug_loc     0x00000441      0x627 build/default/debug/_ext/1593096446/plib_nvmctrl.o
 .debug_loc     0x00000a68       0x69 build/default/debug/_ext/829342769/plib_pm.o
 .debug_loc     0x00000ad1      0x2b8 build/default/debug/_ext/1865521619/plib_port.o
 .debug_loc     0x00000d89      0x6bf build/default/debug/_ext/504274921/plib_sercom3_usart.o
 .debug_loc     0x00001448       0x4e build/default/debug/_ext/829342655/plib_tc0.o
 .debug_loc     0x00001496      0x1b3 build/default/debug/_ext/60181570/plib_tcc0.o
 .debug_loc     0x00001649      0x1cd build/default/debug/_ext/163028504/xc32_monitor.o
 .debug_loc     0x00001816       0x4b build/default/debug/_ext/1171490990/initialization.o
 .debug_loc     0x00001861       0x20 build/default/debug/_ext/1171490990/startup_xc32.o
 .debug_loc     0x00001881       0xff build/default/debug/_ext/1360937237/main.o
 .debug_loc     0x00001980      0x113 C:/Program Files/Microchip/xc32/v5.00/bin/bin/../../lib/gcc/pic32c/13.2.1/../../../../pic32c/lib/thumb/v8-m.base/nofp\libpic32c.a(data_init.o)
 .debug_loc     0x00001a93      0x12d C:/Program Files/Microchip/xc32/v5.00/bin/bin/../../lib/gcc/pic32c/13.2.1/../../../../pic32c/lib/thumb/v8-m.base/nofp\libc-size-musl.a(memcpy.o)
 .debug_loc     0x00001bc0       0x5e C:/Program Files/Microchip/xc32/v5.00/bin/bin/../../lib/gcc/pic32c/13.2.1/../../../../pic32c/lib/thumb/v8-m.base/nofp\libg-musl.a(__libc_start_main.o)
 .debug_loc     0x00001c1e       0x4b C:/Program Files/Microchip/xc32/v5.00/bin/bin/../../lib/gcc/pic32c/13.2.1/../../../../pic32c/lib/thumb/v8-m.base/nofp\libg-musl.a(stdin.o)
 .debug_loc     0x00001c69       0x40 C:/Program Files/Microchip/xc32/v5.00/bin/bin/../../lib/gcc/pic32c/13.2.1/../../../../pic32c/lib/thumb/v8-m.base/nofp\libg-musl.a(stdout.o)
 .debug_loc     0x00001ca9       0x76 C:/Program Files/Microchip/xc32/v5.00/bin/bin/../../lib/gcc/pic32c/13.2.1/../../../../pic32c/lib/thumb/v8-m.base/nofp\libg-musl.a(setbuf.o)
 .debug_loc     0x00001d1f      0x18d C:/Program Files/Microchip/xc32/v5.00/bin/bin/../../lib/gcc/pic32c/13.2.1/../../../../pic32c/lib/thumb/v8-m.base/nofp\libg-musl.a(__stdio_read.o)
 .debug_loc     0x00001eac       0x22 C:/Program Files/Microchip/xc32/v5.00/bin/bin/../../lib/gcc/pic32c/13.2.1/../../../../pic32c/lib/thumb/v8-m.base/nofp\libg-musl.a(__towrite_rw.o)
 .debug_loc     0x00001ece      0x10a C:/Program Files/Microchip/xc32/v5.00/bin/bin/../../lib/gcc/pic32c/13.2.1/../../../../pic32c/lib/thumb/v8-m.base/nofp\libg-musl.a(setvbuf.o)
 .debug_loc     0x00001fd8      0x13c C:/Program Files/Microchip/xc32/v5.00/bin/bin/../../lib/gcc/pic32c/13.2.1/../../../../pic32c/lib/thumb/v8-m.base/nofp\libg-musl.a(readv.o)
 .debug_loc     0x00002114       0x20 C:/Program Files/Microchip/xc32/v5.00/bin/bin/../../lib/gcc/pic32c/13.2.1/../../../../pic32c/lib/thumb/v8-m.base/nofp\libg-musl.a(__init_stdio.o)
 .debug_loc     0x00002134      0x222 C:/Program Files/Microchip/xc32/v5.00/bin/bin/../../lib/gcc/pic32c/13.2.1/../../../../pic32c/lib/thumb/v8-m.base/nofp\libg-musl.a(__out.o)
 .debug_loc     0x00002356       0x4b C:/Program Files/Microchip/xc32/v5.00/bin/bin/../../lib/gcc/pic32c/13.2.1/../../../../pic32c/lib/thumb/v8-m.base/nofp\libg-musl.a(__stderr.o)
 .debug_loc     0x000023a1      0x1f0 C:/Program Files/Microchip/xc32/v5.00/bin/bin/../../lib/gcc/pic32c/13.2.1/../../../../pic32c/lib/thumb/v8-m.base/nofp\libg-musl.a(__stdio_close.o)
 .debug_loc     0x00002591      0x396 C:/Program Files/Microchip/xc32/v5.00/bin/bin/../../lib/gcc/pic32c/13.2.1/../../../../pic32c/lib/thumb/v8-m.base/nofp\libg-musl.a(__stdio_write.o)
 .debug_loc     0x00002927       0x4b C:/Program Files/Microchip/xc32/v5.00/bin/bin/../../lib/gcc/pic32c/13.2.1/../../../../pic32c/lib/thumb/v8-m.base/nofp\libg-musl.a(__stdout.o)
 .debug_loc     0x00002972       0x98 C:/Program Files/Microchip/xc32/v5.00/bin/bin/../../lib/gcc/pic32c/13.2.1/../../../../pic32c/lib/thumb/v8-m.base/nofp\libg-musl.a(__towrite.o)
 .debug_loc     0x00002a0a      0x13c C:/Program Files/Microchip/xc32/v5.00/bin/bin/../../lib/gcc/pic32c/13.2.1/../../../../pic32c/lib/thumb/v8-m.base/nofp\libg-musl.a(writev.o)
 .debug_loc     0x00002b46       0x2b C:/Program Files/Microchip/xc32/v5.00/bin/bin/../../lib/gcc/pic32c/13.2.1/../../../../pic32c/lib/thumb/v8-m.base/nofp\libpic32c.a(close.o)
 .debug_loc     0x00002b71       0x2b C:/Program Files/Microchip/xc32/v5.00/bin/bin/../../lib/gcc/pic32c/13.2.1/../../../../pic32c/lib/thumb/v8-m.base/nofp\libpic32c.a(lseek.o)
 .debug_loc     0x00002b9c      0x11c C:/Program Files/Microchip/xc32/v5.00/bin/bin/../../lib/gcc/pic32c/13.2.1/../../../../pic32c/lib/thumb/v8-m.base/nofp\liblmalloc-musl.a(lite_malloc.o)
 .debug_loc     0x00002cb8      0x339 C:/Program Files/Microchip/xc32/v5.00/bin/bin/../../lib/gcc/pic32c/13.2.1/../../../../pic32c/lib/thumb/v8-m.base/nofp\liblmalloc-musl.a(lite_free.o)
 .debug_loc     0x00002ff1       0x82 C:/Program Files/Microchip/xc32/v5.00/bin/bin/../../lib/gcc/pic32c/13.2.1/../../../../pic32c/lib/thumb/v8-m.base/nofp\libg-musl.a(expand_heap.o)
 .debug_loc     0x00003073       0xca C:/Program Files/Microchip/xc32/v5.00/bin/bin/../../lib/gcc/pic32c/13.2.1/../../../../pic32c/lib/thumb/v8-m.base/nofp\libpic32c.a(sbrk.o)
 .debug_loc     0x0000313d       0xf7 C:/Program Files/Microchip/xc32/v5.00/bin/bin/../../lib/gcc/pic32c/13.2.1/../../../../pic32c/lib/thumb/v8-m.base/nofp\libpic32c.a(pic32_data_init_clear.o)
 .debug_loc     0x00003234      0x197 C:/Program Files/Microchip/xc32/v5.00/bin/bin/../../lib/gcc/pic32c/13.2.1/../../../../pic32c/lib/thumb/v8-m.base/nofp\libpic32c.a(pic32_data_init_copy.o)

.debug_aranges  0x00000000      0x918
 .debug_aranges
                0x00000000       0x88 build/default/debug/_ext/60163342/plib_adc.o
 .debug_aranges
                0x00000088       0x20 build/default/debug/_ext/1984496892/plib_clock.o
 .debug_aranges
                0x000000a8       0x40 build/default/debug/_ext/1986646378/plib_evsys.o
 .debug_aranges
                0x000000e8       0x48 build/default/debug/_ext/1865468468/plib_nvic.o
 .debug_aranges
                0x00000130       0xa0 build/default/debug/_ext/1593096446/plib_nvmctrl.o
 .debug_aranges
                0x000001d0       0x40 build/default/debug/_ext/829342769/plib_pm.o
 .debug_aranges
                0x00000210       0x70 build/default/debug/_ext/1865521619/plib_port.o
 .debug_aranges
                0x00000280       0xa8 build/default/debug/_ext/504274921/plib_sercom3_usart.o
 .debug_aranges
                0x00000328       0x68 build/default/debug/_ext/829342655/plib_tc0.o
 .debug_aranges
                0x00000390       0x80 build/default/debug/_ext/60181570/plib_tcc0.o
 .debug_aranges
                0x00000410       0x28 build/default/debug/_ext/163028504/xc32_monitor.o
 .debug_aranges
                0x00000438       0x20 build/default/debug/_ext/1171490990/initialization.o
 .debug_aranges
                0x00000458       0x20 build/default/debug/_ext/1171490990/interrupts.o
 .debug_aranges
                0x00000478       0x28 build/default/debug/_ext/1171490990/exceptions.o
 .debug_aranges
                0x000004a0       0x28 build/default/debug/_ext/1171490990/startup_xc32.o
 .debug_aranges
                0x000004c8       0x28 build/default/debug/_ext/1360937237/main.o
 .debug_aranges
                0x000004f0       0x30 C:/Program Files/Microchip/xc32/v5.00/bin/bin/../../lib/gcc/pic32c/13.2.1/../../../../pic32c/lib/thumb/v8-m.base/nofp\libpic32c.a(data_init.o)
 .debug_aranges
                0x00000520       0x20 C:/Program Files/Microchip/xc32/v5.00/bin/bin/../../lib/gcc/pic32c/13.2.1/../../../../pic32c/lib/thumb/v8-m.base/nofp\libc-size-musl.a(memcpy.o)
 .debug_aranges
                0x00000540       0x28 C:/Program Files/Microchip/xc32/v5.00/bin/bin/../../lib/gcc/pic32c/13.2.1/../../../../pic32c/lib/thumb/v8-m.base/nofp\libg-musl.a(__libc_start_main.o)
 .debug_aranges
                0x00000568       0x18 C:/Program Files/Microchip/xc32/v5.00/bin/bin/../../lib/gcc/pic32c/13.2.1/../../../../pic32c/lib/thumb/v8-m.base/nofp\libg-musl.a(libc.o)
 .debug_aranges
                0x00000580       0x28 C:/Program Files/Microchip/xc32/v5.00/bin/bin/../../lib/gcc/pic32c/13.2.1/../../../../pic32c/lib/thumb/v8-m.base/nofp\libg-musl.a(stdin.o)
 .debug_aranges
                0x000005a8       0x30 C:/Program Files/Microchip/xc32/v5.00/bin/bin/../../lib/gcc/pic32c/13.2.1/../../../../pic32c/lib/thumb/v8-m.base/nofp\libg-musl.a(stdout.o)
 .debug_aranges
                0x000005d8       0x20 C:/Program Files/Microchip/xc32/v5.00/bin/bin/../../lib/gcc/pic32c/13.2.1/../../../../pic32c/lib/thumb/v8-m.base/nofp\libg-musl.a(setbuf.o)
 .debug_aranges
                0x000005f8       0x18 C:/Program Files/Microchip/xc32/v5.00/bin/bin/../../lib/gcc/pic32c/13.2.1/../../../../pic32c/lib/thumb/v8-m.base/nofp\libg-musl.a(__environ.o)
 .debug_aranges
                0x00000610       0x20 C:/Program Files/Microchip/xc32/v5.00/bin/bin/../../lib/gcc/pic32c/13.2.1/../../../../pic32c/lib/thumb/v8-m.base/nofp\libg-musl.a(__stdio_read.o)
 .debug_aranges
                0x00000630       0x20 C:/Program Files/Microchip/xc32/v5.00/bin/bin/../../lib/gcc/pic32c/13.2.1/../../../../pic32c/lib/thumb/v8-m.base/nofp\libg-musl.a(__towrite_rw.o)
 .debug_aranges
                0x00000650       0x28 C:/Program Files/Microchip/xc32/v5.00/bin/bin/../../lib/gcc/pic32c/13.2.1/../../../../pic32c/lib/thumb/v8-m.base/nofp\libg-musl.a(setvbuf.o)
 .debug_aranges
                0x00000678       0x20 C:/Program Files/Microchip/xc32/v5.00/bin/bin/../../lib/gcc/pic32c/13.2.1/../../../../pic32c/lib/thumb/v8-m.base/nofp\libg-musl.a(readv.o)
 .debug_aranges
                0x00000698       0x28 C:/Program Files/Microchip/xc32/v5.00/bin/bin/../../lib/gcc/pic32c/13.2.1/../../../../pic32c/lib/thumb/v8-m.base/nofp\libg-musl.a(__init_stdio.o)
 .debug_aranges
                0x000006c0       0x28 C:/Program Files/Microchip/xc32/v5.00/bin/bin/../../lib/gcc/pic32c/13.2.1/../../../../pic32c/lib/thumb/v8-m.base/nofp\libg-musl.a(__out.o)
 .debug_aranges
                0x000006e8       0x30 C:/Program Files/Microchip/xc32/v5.00/bin/bin/../../lib/gcc/pic32c/13.2.1/../../../../pic32c/lib/thumb/v8-m.base/nofp\libg-musl.a(__stderr.o)
 .debug_aranges
                0x00000718       0x28 C:/Program Files/Microchip/xc32/v5.00/bin/bin/../../lib/gcc/pic32c/13.2.1/../../../../pic32c/lib/thumb/v8-m.base/nofp\libg-musl.a(__stdio_close.o)
 .debug_aranges
                0x00000740       0x28 C:/Program Files/Microchip/xc32/v5.00/bin/bin/../../lib/gcc/pic32c/13.2.1/../../../../pic32c/lib/thumb/v8-m.base/nofp\libg-musl.a(__stdio_write.o)
 .debug_aranges
                0x00000768       0x30 C:/Program Files/Microchip/xc32/v5.00/bin/bin/../../lib/gcc/pic32c/13.2.1/../../../../pic32c/lib/thumb/v8-m.base/nofp\libg-musl.a(__stdout.o)
 .debug_aranges
                0x00000798       0x28 C:/Program Files/Microchip/xc32/v5.00/bin/bin/../../lib/gcc/pic32c/13.2.1/../../../../pic32c/lib/thumb/v8-m.base/nofp\libg-musl.a(__towrite.o)
 .debug_aranges
                0x000007c0       0x20 C:/Program Files/Microchip/xc32/v5.00/bin/bin/../../lib/gcc/pic32c/13.2.1/../../../../pic32c/lib/thumb/v8-m.base/nofp\libg-musl.a(writev.o)
 .debug_aranges
                0x000007e0       0x20 C:/Program Files/Microchip/xc32/v5.00/bin/bin/../../lib/gcc/pic32c/13.2.1/../../../../pic32c/lib/thumb/v8-m.base/nofp\libpic32c.a(close.o)
 .debug_aranges
                0x00000800       0x20 C:/Program Files/Microchip/xc32/v5.00/bin/bin/../../lib/gcc/pic32c/13.2.1/../../../../pic32c/lib/thumb/v8-m.base/nofp\libpic32c.a(lseek.o)
 .debug_aranges
                0x00000820       0x20 C:/Program Files/Microchip/xc32/v5.00/bin/bin/../../lib/gcc/pic32c/13.2.1/../../../../pic32c/lib/thumb/v8-m.base/nofp\liblmalloc-musl.a(lite_malloc.o)
 .debug_aranges
                0x00000840       0x30 C:/Program Files/Microchip/xc32/v5.00/bin/bin/../../lib/gcc/pic32c/13.2.1/../../../../pic32c/lib/thumb/v8-m.base/nofp\liblmalloc-musl.a(lite_free.o)
 .debug_aranges
                0x00000870       0x18 C:/Program Files/Microchip/xc32/v5.00/bin/bin/../../lib/gcc/pic32c/13.2.1/../../../../pic32c/lib/thumb/v8-m.base/nofp\libg-musl.a(__errno_location.o)
 .debug_aranges
                0x00000888       0x20 C:/Program Files/Microchip/xc32/v5.00/bin/bin/../../lib/gcc/pic32c/13.2.1/../../../../pic32c/lib/thumb/v8-m.base/nofp\libg-musl.a(expand_heap.o)
 .debug_aranges
                0x000008a8       0x30 C:/Program Files/Microchip/xc32/v5.00/bin/bin/../../lib/gcc/pic32c/13.2.1/../../../../pic32c/lib/thumb/v8-m.base/nofp\libpic32c.a(sbrk.o)
 .debug_aranges
                0x000008d8       0x20 C:/Program Files/Microchip/xc32/v5.00/bin/bin/../../lib/gcc/pic32c/13.2.1/../../../../pic32c/lib/thumb/v8-m.base/nofp\libpic32c.a(pic32_data_init_clear.o)
 .debug_aranges
                0x000008f8       0x20 C:/Program Files/Microchip/xc32/v5.00/bin/bin/../../lib/gcc/pic32c/13.2.1/../../../../pic32c/lib/thumb/v8-m.base/nofp\libpic32c.a(pic32_data_init_copy.o)

.debug_ranges   0x00000000      0x6b0
 .debug_ranges  0x00000000       0x90 build/default/debug/_ext/60163342/plib_adc.o
 .debug_ranges  0x00000090       0x10 build/default/debug/_ext/1984496892/plib_clock.o
 .debug_ranges  0x000000a0       0x30 build/default/debug/_ext/1986646378/plib_evsys.o
 .debug_ranges  0x000000d0       0x50 build/default/debug/_ext/1865468468/plib_nvic.o
 .debug_ranges  0x00000120       0x90 build/default/debug/_ext/1593096446/plib_nvmctrl.o
 .debug_ranges  0x000001b0       0x30 build/default/debug/_ext/829342769/plib_pm.o
 .debug_ranges  0x000001e0       0x60 build/default/debug/_ext/1865521619/plib_port.o
 .debug_ranges  0x00000240       0x98 build/default/debug/_ext/504274921/plib_sercom3_usart.o
 .debug_ranges  0x000002d8       0x58 build/default/debug/_ext/829342655/plib_tc0.o
 .debug_ranges  0x00000330       0x70 build/default/debug/_ext/60181570/plib_tcc0.o
 .debug_ranges  0x000003a0       0x18 build/default/debug/_ext/163028504/xc32_monitor.o
 .debug_ranges  0x000003b8       0x10 build/default/debug/_ext/1171490990/initialization.o
 .debug_ranges  0x000003c8       0x10 build/default/debug/_ext/1171490990/interrupts.o
 .debug_ranges  0x000003d8       0x18 build/default/debug/_ext/1171490990/exceptions.o
 .debug_ranges  0x000003f0       0x18 build/default/debug/_ext/1171490990/startup_xc32.o
 .debug_ranges  0x00000408       0x18 build/default/debug/_ext/1360937237/main.o
 .debug_ranges  0x00000420       0x20 C:/Program Files/Microchip/xc32/v5.00/bin/bin/../../lib/gcc/pic32c/13.2.1/../../../../pic32c/lib/thumb/v8-m.base/nofp\libpic32c.a(data_init.o)
 .debug_ranges  0x00000440       0x10 C:/Program Files/Microchip/xc32/v5.00/bin/bin/../../lib/gcc/pic32c/13.2.1/../../../../pic32c/lib/thumb/v8-m.base/nofp\libc-size-musl.a(memcpy.o)
 .debug_ranges  0x00000450       0x38 C:/Program Files/Microchip/xc32/v5.00/bin/bin/../../lib/gcc/pic32c/13.2.1/../../../../pic32c/lib/thumb/v8-m.base/nofp\libg-musl.a(__libc_start_main.o)
 .debug_ranges  0x00000488       0x18 C:/Program Files/Microchip/xc32/v5.00/bin/bin/../../lib/gcc/pic32c/13.2.1/../../../../pic32c/lib/thumb/v8-m.base/nofp\libg-musl.a(stdin.o)
 .debug_ranges  0x000004a0       0x20 C:/Program Files/Microchip/xc32/v5.00/bin/bin/../../lib/gcc/pic32c/13.2.1/../../../../pic32c/lib/thumb/v8-m.base/nofp\libg-musl.a(stdout.o)
 .debug_ranges  0x000004c0       0x10 C:/Program Files/Microchip/xc32/v5.00/bin/bin/../../lib/gcc/pic32c/13.2.1/../../../../pic32c/lib/thumb/v8-m.base/nofp\libg-musl.a(setbuf.o)
 .debug_ranges  0x000004d0       0x10 C:/Program Files/Microchip/xc32/v5.00/bin/bin/../../lib/gcc/pic32c/13.2.1/../../../../pic32c/lib/thumb/v8-m.base/nofp\libg-musl.a(__stdio_read.o)
 .debug_ranges  0x000004e0       0x10 C:/Program Files/Microchip/xc32/v5.00/bin/bin/../../lib/gcc/pic32c/13.2.1/../../../../pic32c/lib/thumb/v8-m.base/nofp\libg-musl.a(__towrite_rw.o)
 .debug_ranges  0x000004f0       0x18 C:/Program Files/Microchip/xc32/v5.00/bin/bin/../../lib/gcc/pic32c/13.2.1/../../../../pic32c/lib/thumb/v8-m.base/nofp\libg-musl.a(setvbuf.o)
 .debug_ranges  0x00000508       0x10 C:/Program Files/Microchip/xc32/v5.00/bin/bin/../../lib/gcc/pic32c/13.2.1/../../../../pic32c/lib/thumb/v8-m.base/nofp\libg-musl.a(readv.o)
 .debug_ranges  0x00000518       0x18 C:/Program Files/Microchip/xc32/v5.00/bin/bin/../../lib/gcc/pic32c/13.2.1/../../../../pic32c/lib/thumb/v8-m.base/nofp\libg-musl.a(__init_stdio.o)
 .debug_ranges  0x00000530       0x18 C:/Program Files/Microchip/xc32/v5.00/bin/bin/../../lib/gcc/pic32c/13.2.1/../../../../pic32c/lib/thumb/v8-m.base/nofp\libg-musl.a(__out.o)
 .debug_ranges  0x00000548       0x20 C:/Program Files/Microchip/xc32/v5.00/bin/bin/../../lib/gcc/pic32c/13.2.1/../../../../pic32c/lib/thumb/v8-m.base/nofp\libg-musl.a(__stderr.o)
 .debug_ranges  0x00000568       0x18 C:/Program Files/Microchip/xc32/v5.00/bin/bin/../../lib/gcc/pic32c/13.2.1/../../../../pic32c/lib/thumb/v8-m.base/nofp\libg-musl.a(__stdio_close.o)
 .debug_ranges  0x00000580       0x30 C:/Program Files/Microchip/xc32/v5.00/bin/bin/../../lib/gcc/pic32c/13.2.1/../../../../pic32c/lib/thumb/v8-m.base/nofp\libg-musl.a(__stdio_write.o)
 .debug_ranges  0x000005b0       0x20 C:/Program Files/Microchip/xc32/v5.00/bin/bin/../../lib/gcc/pic32c/13.2.1/../../../../pic32c/lib/thumb/v8-m.base/nofp\libg-musl.a(__stdout.o)
 .debug_ranges  0x000005d0       0x18 C:/Program Files/Microchip/xc32/v5.00/bin/bin/../../lib/gcc/pic32c/13.2.1/../../../../pic32c/lib/thumb/v8-m.base/nofp\libg-musl.a(__towrite.o)
 .debug_ranges  0x000005e8       0x10 C:/Program Files/Microchip/xc32/v5.00/bin/bin/../../lib/gcc/pic32c/13.2.1/../../../../pic32c/lib/thumb/v8-m.base/nofp\libg-musl.a(writev.o)
 .debug_ranges  0x000005f8       0x10 C:/Program Files/Microchip/xc32/v5.00/bin/bin/../../lib/gcc/pic32c/13.2.1/../../../../pic32c/lib/thumb/v8-m.base/nofp\libpic32c.a(close.o)
 .debug_ranges  0x00000608       0x10 C:/Program Files/Microchip/xc32/v5.00/bin/bin/../../lib/gcc/pic32c/13.2.1/../../../../pic32c/lib/thumb/v8-m.base/nofp\libpic32c.a(lseek.o)
 .debug_ranges  0x00000618       0x28 C:/Program Files/Microchip/xc32/v5.00/bin/bin/../../lib/gcc/pic32c/13.2.1/../../../../pic32c/lib/thumb/v8-m.base/nofp\liblmalloc-musl.a(lite_malloc.o)
 .debug_ranges  0x00000640       0x20 C:/Program Files/Microchip/xc32/v5.00/bin/bin/../../lib/gcc/pic32c/13.2.1/../../../../pic32c/lib/thumb/v8-m.base/nofp\liblmalloc-musl.a(lite_free.o)
 .debug_ranges  0x00000660       0x10 C:/Program Files/Microchip/xc32/v5.00/bin/bin/../../lib/gcc/pic32c/13.2.1/../../../../pic32c/lib/thumb/v8-m.base/nofp\libg-musl.a(expand_heap.o)
 .debug_ranges  0x00000670       0x20 C:/Program Files/Microchip/xc32/v5.00/bin/bin/../../lib/gcc/pic32c/13.2.1/../../../../pic32c/lib/thumb/v8-m.base/nofp\libpic32c.a(sbrk.o)
 .debug_ranges  0x00000690       0x10 C:/Program Files/Microchip/xc32/v5.00/bin/bin/../../lib/gcc/pic32c/13.2.1/../../../../pic32c/lib/thumb/v8-m.base/nofp\libpic32c.a(pic32_data_init_clear.o)
 .debug_ranges  0x000006a0       0x10 C:/Program Files/Microchip/xc32/v5.00/bin/bin/../../lib/gcc/pic32c/13.2.1/../../../../pic32c/lib/thumb/v8-m.base/nofp\libpic32c.a(pic32_data_init_copy.o)

.debug_line     0x00000000     0x603a
 .debug_line    0x00000000      0x4b0 build/default/debug/_ext/60163342/plib_adc.o
 .debug_line    0x000004b0      0x323 build/default/debug/_ext/1984496892/plib_clock.o
 .debug_line    0x000007d3      0x195 build/default/debug/_ext/1986646378/plib_evsys.o
 .debug_line    0x00000968      0x3a9 build/default/debug/_ext/1865468468/plib_nvic.o
 .debug_line    0x00000d11      0x4c1 build/default/debug/_ext/1593096446/plib_nvmctrl.o
 .debug_line    0x000011d2      0x2ad build/default/debug/_ext/829342769/plib_pm.o
 .debug_line    0x0000147f      0x30e build/default/debug/_ext/1865521619/plib_port.o
 .debug_line    0x0000178d      0x820 build/default/debug/_ext/504274921/plib_sercom3_usart.o
 .debug_line    0x00001fad      0x3bd build/default/debug/_ext/829342655/plib_tc0.o
 .debug_line    0x0000236a      0x48b build/default/debug/_ext/60181570/plib_tcc0.o
 .debug_line    0x000027f5      0x160 build/default/debug/_ext/163028504/xc32_monitor.o
 .debug_line    0x00002955      0x370 build/default/debug/_ext/1171490990/initialization.o
 .debug_line    0x00002cc5       0xce build/default/debug/_ext/1171490990/interrupts.o
 .debug_line    0x00002d93       0x77 build/default/debug/_ext/1171490990/exceptions.o
 .debug_line    0x00002e0a      0x15b build/default/debug/_ext/1171490990/startup_xc32.o
 .debug_line    0x00002f65      0x293 build/default/debug/_ext/1360937237/main.o
 .debug_line    0x000031f8      0x165 C:/Program Files/Microchip/xc32/v5.00/bin/bin/../../lib/gcc/pic32c/13.2.1/../../../../pic32c/lib/thumb/v8-m.base/nofp\libpic32c.a(data_init.o)
 .debug_line    0x0000335d      0x16c C:/Program Files/Microchip/xc32/v5.00/bin/bin/../../lib/gcc/pic32c/13.2.1/../../../../pic32c/lib/thumb/v8-m.base/nofp\libc-size-musl.a(memcpy.o)
 .debug_line    0x000034c9      0x1ce C:/Program Files/Microchip/xc32/v5.00/bin/bin/../../lib/gcc/pic32c/13.2.1/../../../../pic32c/lib/thumb/v8-m.base/nofp\libg-musl.a(__libc_start_main.o)
 .debug_line    0x00003697       0xb5 C:/Program Files/Microchip/xc32/v5.00/bin/bin/../../lib/gcc/pic32c/13.2.1/../../../../pic32c/lib/thumb/v8-m.base/nofp\libg-musl.a(libc.o)
 .debug_line    0x0000374c      0x215 C:/Program Files/Microchip/xc32/v5.00/bin/bin/../../lib/gcc/pic32c/13.2.1/../../../../pic32c/lib/thumb/v8-m.base/nofp\libg-musl.a(stdin.o)
 .debug_line    0x00003961      0x1d8 C:/Program Files/Microchip/xc32/v5.00/bin/bin/../../lib/gcc/pic32c/13.2.1/../../../../pic32c/lib/thumb/v8-m.base/nofp\libg-musl.a(stdout.o)
 .debug_line    0x00003b39      0x144 C:/Program Files/Microchip/xc32/v5.00/bin/bin/../../lib/gcc/pic32c/13.2.1/../../../../pic32c/lib/thumb/v8-m.base/nofp\libg-musl.a(setbuf.o)
 .debug_line    0x00003c7d       0xfb C:/Program Files/Microchip/xc32/v5.00/bin/bin/../../lib/gcc/pic32c/13.2.1/../../../../pic32c/lib/thumb/v8-m.base/nofp\libg-musl.a(__environ.o)
 .debug_line    0x00003d78      0x255 C:/Program Files/Microchip/xc32/v5.00/bin/bin/../../lib/gcc/pic32c/13.2.1/../../../../pic32c/lib/thumb/v8-m.base/nofp\libg-musl.a(__stdio_read.o)
 .debug_line    0x00003fcd      0x1ef C:/Program Files/Microchip/xc32/v5.00/bin/bin/../../lib/gcc/pic32c/13.2.1/../../../../pic32c/lib/thumb/v8-m.base/nofp\libg-musl.a(__towrite_rw.o)
 .debug_line    0x000041bc      0x21a C:/Program Files/Microchip/xc32/v5.00/bin/bin/../../lib/gcc/pic32c/13.2.1/../../../../pic32c/lib/thumb/v8-m.base/nofp\libg-musl.a(setvbuf.o)
 .debug_line    0x000043d6      0x177 C:/Program Files/Microchip/xc32/v5.00/bin/bin/../../lib/gcc/pic32c/13.2.1/../../../../pic32c/lib/thumb/v8-m.base/nofp\libg-musl.a(readv.o)
 .debug_line    0x0000454d       0xd0 C:/Program Files/Microchip/xc32/v5.00/bin/bin/../../lib/gcc/pic32c/13.2.1/../../../../pic32c/lib/thumb/v8-m.base/nofp\libg-musl.a(__init_stdio.o)
 .debug_line    0x0000461d      0x228 C:/Program Files/Microchip/xc32/v5.00/bin/bin/../../lib/gcc/pic32c/13.2.1/../../../../pic32c/lib/thumb/v8-m.base/nofp\libg-musl.a(__out.o)
 .debug_line    0x00004845      0x1bc C:/Program Files/Microchip/xc32/v5.00/bin/bin/../../lib/gcc/pic32c/13.2.1/../../../../pic32c/lib/thumb/v8-m.base/nofp\libg-musl.a(__stderr.o)
 .debug_line    0x00004a01      0x30c C:/Program Files/Microchip/xc32/v5.00/bin/bin/../../lib/gcc/pic32c/13.2.1/../../../../pic32c/lib/thumb/v8-m.base/nofp\libg-musl.a(__stdio_close.o)
 .debug_line    0x00004d0d      0x38d C:/Program Files/Microchip/xc32/v5.00/bin/bin/../../lib/gcc/pic32c/13.2.1/../../../../pic32c/lib/thumb/v8-m.base/nofp\libg-musl.a(__stdio_write.o)
 .debug_line    0x0000509a      0x1bc C:/Program Files/Microchip/xc32/v5.00/bin/bin/../../lib/gcc/pic32c/13.2.1/../../../../pic32c/lib/thumb/v8-m.base/nofp\libg-musl.a(__stdout.o)
 .debug_line    0x00005256      0x184 C:/Program Files/Microchip/xc32/v5.00/bin/bin/../../lib/gcc/pic32c/13.2.1/../../../../pic32c/lib/thumb/v8-m.base/nofp\libg-musl.a(__towrite.o)
 .debug_line    0x000053da      0x178 C:/Program Files/Microchip/xc32/v5.00/bin/bin/../../lib/gcc/pic32c/13.2.1/../../../../pic32c/lib/thumb/v8-m.base/nofp\libg-musl.a(writev.o)
 .debug_line    0x00005552       0x71 C:/Program Files/Microchip/xc32/v5.00/bin/bin/../../lib/gcc/pic32c/13.2.1/../../../../pic32c/lib/thumb/v8-m.base/nofp\libpic32c.a(close.o)
 .debug_line    0x000055c3       0x6b C:/Program Files/Microchip/xc32/v5.00/bin/bin/../../lib/gcc/pic32c/13.2.1/../../../../pic32c/lib/thumb/v8-m.base/nofp\libpic32c.a(lseek.o)
 .debug_line    0x0000562e      0x1dc C:/Program Files/Microchip/xc32/v5.00/bin/bin/../../lib/gcc/pic32c/13.2.1/../../../../pic32c/lib/thumb/v8-m.base/nofp\liblmalloc-musl.a(lite_malloc.o)
 .debug_line    0x0000580a      0x299 C:/Program Files/Microchip/xc32/v5.00/bin/bin/../../lib/gcc/pic32c/13.2.1/../../../../pic32c/lib/thumb/v8-m.base/nofp\liblmalloc-musl.a(lite_free.o)
 .debug_line    0x00005aa3       0x9a C:/Program Files/Microchip/xc32/v5.00/bin/bin/../../lib/gcc/pic32c/13.2.1/../../../../pic32c/lib/thumb/v8-m.base/nofp\libg-musl.a(__errno_location.o)
 .debug_line    0x00005b3d       0xf0 C:/Program Files/Microchip/xc32/v5.00/bin/bin/../../lib/gcc/pic32c/13.2.1/../../../../pic32c/lib/thumb/v8-m.base/nofp\libg-musl.a(expand_heap.o)
 .debug_line    0x00005c2d      0x1b9 C:/Program Files/Microchip/xc32/v5.00/bin/bin/../../lib/gcc/pic32c/13.2.1/../../../../pic32c/lib/thumb/v8-m.base/nofp\libpic32c.a(sbrk.o)
 .debug_line    0x00005de6      0x11e C:/Program Files/Microchip/xc32/v5.00/bin/bin/../../lib/gcc/pic32c/13.2.1/../../../../pic32c/lib/thumb/v8-m.base/nofp\libpic32c.a(pic32_data_init_clear.o)
 .debug_line    0x00005f04      0x136 C:/Program Files/Microchip/xc32/v5.00/bin/bin/../../lib/gcc/pic32c/13.2.1/../../../../pic32c/lib/thumb/v8-m.base/nofp\libpic32c.a(pic32_data_init_copy.o)

.debug_str      0x00000000     0x4b40
 .debug_str     0x00000000     0x4b40 build/default/debug/_ext/60163342/plib_adc.o
                                0x9cc (size before relaxing)
 .debug_str     0x00004b40      0x6f2 build/default/debug/_ext/1984496892/plib_clock.o
 .debug_str     0x00004b40      0x47d build/default/debug/_ext/1986646378/plib_evsys.o
 .debug_str     0x00004b40      0x906 build/default/debug/_ext/1865468468/plib_nvic.o
 .debug_str     0x00004b40      0x6a3 build/default/debug/_ext/1593096446/plib_nvmctrl.o
 .debug_str     0x00004b40      0x3d9 build/default/debug/_ext/829342769/plib_pm.o
 .debug_str     0x00004b40      0xa26 build/default/debug/_ext/1865521619/plib_port.o
 .debug_str     0x00004b40      0x92f build/default/debug/_ext/504274921/plib_sercom3_usart.o
 .debug_str     0x00004b40      0x57f build/default/debug/_ext/829342655/plib_tc0.o
 .debug_str     0x00004b40      0x5a1 build/default/debug/_ext/60181570/plib_tcc0.o
 .debug_str     0x00004b40      0x31e build/default/debug/_ext/163028504/xc32_monitor.o
 .debug_str     0x00004b40      0x519 build/default/debug/_ext/1171490990/initialization.o
 .debug_str     0x00004b40      0x9f7 build/default/debug/_ext/1171490990/interrupts.o
 .debug_str     0x00004b40      0x2e3 build/default/debug/_ext/1171490990/exceptions.o
 .debug_str     0x00004b40      0x354 build/default/debug/_ext/1171490990/startup_xc32.o
 .debug_str     0x00004b40      0x413 build/default/debug/_ext/1360937237/main.o
 .debug_str     0x00004b40      0x2f8 C:/Program Files/Microchip/xc32/v5.00/bin/bin/../../lib/gcc/pic32c/13.2.1/../../../../pic32c/lib/thumb/v8-m.base/nofp\libpic32c.a(data_init.o)
 .debug_str     0x00004b40      0x241 C:/Program Files/Microchip/xc32/v5.00/bin/bin/../../lib/gcc/pic32c/13.2.1/../../../../pic32c/lib/thumb/v8-m.base/nofp\libc-size-musl.a(memcpy.o)
 .debug_str     0x00004b40      0x3e6 C:/Program Files/Microchip/xc32/v5.00/bin/bin/../../lib/gcc/pic32c/13.2.1/../../../../pic32c/lib/thumb/v8-m.base/nofp\libg-musl.a(__libc_start_main.o)
 .debug_str     0x00004b40      0x351 C:/Program Files/Microchip/xc32/v5.00/bin/bin/../../lib/gcc/pic32c/13.2.1/../../../../pic32c/lib/thumb/v8-m.base/nofp\libg-musl.a(libc.o)
 .debug_str     0x00004b40      0x39d C:/Program Files/Microchip/xc32/v5.00/bin/bin/../../lib/gcc/pic32c/13.2.1/../../../../pic32c/lib/thumb/v8-m.base/nofp\libg-musl.a(stdin.o)
 .debug_str     0x00004b40      0x324 C:/Program Files/Microchip/xc32/v5.00/bin/bin/../../lib/gcc/pic32c/13.2.1/../../../../pic32c/lib/thumb/v8-m.base/nofp\libg-musl.a(stdout.o)
 .debug_str     0x00004b40      0x257 C:/Program Files/Microchip/xc32/v5.00/bin/bin/../../lib/gcc/pic32c/13.2.1/../../../../pic32c/lib/thumb/v8-m.base/nofp\libg-musl.a(setbuf.o)
 .debug_str     0x00004b40      0x251 C:/Program Files/Microchip/xc32/v5.00/bin/bin/../../lib/gcc/pic32c/13.2.1/../../../../pic32c/lib/thumb/v8-m.base/nofp\libg-musl.a(__environ.o)
 .debug_str     0x00004b40      0x37e C:/Program Files/Microchip/xc32/v5.00/bin/bin/../../lib/gcc/pic32c/13.2.1/../../../../pic32c/lib/thumb/v8-m.base/nofp\libg-musl.a(__stdio_read.o)
 .debug_str     0x00004b40      0x359 C:/Program Files/Microchip/xc32/v5.00/bin/bin/../../lib/gcc/pic32c/13.2.1/../../../../pic32c/lib/thumb/v8-m.base/nofp\libg-musl.a(__towrite_rw.o)
 .debug_str     0x00004b40      0x345 C:/Program Files/Microchip/xc32/v5.00/bin/bin/../../lib/gcc/pic32c/13.2.1/../../../../pic32c/lib/thumb/v8-m.base/nofp\libg-musl.a(setvbuf.o)
 .debug_str     0x00004b40      0x27f C:/Program Files/Microchip/xc32/v5.00/bin/bin/../../lib/gcc/pic32c/13.2.1/../../../../pic32c/lib/thumb/v8-m.base/nofp\libg-musl.a(readv.o)
 .debug_str     0x00004b40      0x2b6 C:/Program Files/Microchip/xc32/v5.00/bin/bin/../../lib/gcc/pic32c/13.2.1/../../../../pic32c/lib/thumb/v8-m.base/nofp\libg-musl.a(__init_stdio.o)
 .debug_str     0x00004b40      0x2fe C:/Program Files/Microchip/xc32/v5.00/bin/bin/../../lib/gcc/pic32c/13.2.1/../../../../pic32c/lib/thumb/v8-m.base/nofp\libg-musl.a(__out.o)
 .debug_str     0x00004b40      0x3b3 C:/Program Files/Microchip/xc32/v5.00/bin/bin/../../lib/gcc/pic32c/13.2.1/../../../../pic32c/lib/thumb/v8-m.base/nofp\libg-musl.a(__stderr.o)
 .debug_str     0x00004b40      0x379 C:/Program Files/Microchip/xc32/v5.00/bin/bin/../../lib/gcc/pic32c/13.2.1/../../../../pic32c/lib/thumb/v8-m.base/nofp\libg-musl.a(__stdio_close.o)
 .debug_str     0x00004b40      0x362 C:/Program Files/Microchip/xc32/v5.00/bin/bin/../../lib/gcc/pic32c/13.2.1/../../../../pic32c/lib/thumb/v8-m.base/nofp\libg-musl.a(__stdio_write.o)
 .debug_str     0x00004b40      0x3b3 C:/Program Files/Microchip/xc32/v5.00/bin/bin/../../lib/gcc/pic32c/13.2.1/../../../../pic32c/lib/thumb/v8-m.base/nofp\libg-musl.a(__stdout.o)
 .debug_str     0x00004b40      0x305 C:/Program Files/Microchip/xc32/v5.00/bin/bin/../../lib/gcc/pic32c/13.2.1/../../../../pic32c/lib/thumb/v8-m.base/nofp\libg-musl.a(__towrite.o)
 .debug_str     0x00004b40      0x282 C:/Program Files/Microchip/xc32/v5.00/bin/bin/../../lib/gcc/pic32c/13.2.1/../../../../pic32c/lib/thumb/v8-m.base/nofp\libg-musl.a(writev.o)
 .debug_str     0x00004b40      0x218 C:/Program Files/Microchip/xc32/v5.00/bin/bin/../../lib/gcc/pic32c/13.2.1/../../../../pic32c/lib/thumb/v8-m.base/nofp\libpic32c.a(close.o)
 .debug_str     0x00004b40      0x263 C:/Program Files/Microchip/xc32/v5.00/bin/bin/../../lib/gcc/pic32c/13.2.1/../../../../pic32c/lib/thumb/v8-m.base/nofp\libpic32c.a(lseek.o)
 .debug_str     0x00004b40      0x31b C:/Program Files/Microchip/xc32/v5.00/bin/bin/../../lib/gcc/pic32c/13.2.1/../../../../pic32c/lib/thumb/v8-m.base/nofp\liblmalloc-musl.a(lite_malloc.o)
 .debug_str     0x00004b40      0x31d C:/Program Files/Microchip/xc32/v5.00/bin/bin/../../lib/gcc/pic32c/13.2.1/../../../../pic32c/lib/thumb/v8-m.base/nofp\liblmalloc-musl.a(lite_free.o)
 .debug_str     0x00004b40      0x245 C:/Program Files/Microchip/xc32/v5.00/bin/bin/../../lib/gcc/pic32c/13.2.1/../../../../pic32c/lib/thumb/v8-m.base/nofp\libg-musl.a(__errno_location.o)
 .debug_str     0x00004b40      0x2c1 C:/Program Files/Microchip/xc32/v5.00/bin/bin/../../lib/gcc/pic32c/13.2.1/../../../../pic32c/lib/thumb/v8-m.base/nofp\libg-musl.a(expand_heap.o)
 .debug_str     0x00004b40      0x2c5 C:/Program Files/Microchip/xc32/v5.00/bin/bin/../../lib/gcc/pic32c/13.2.1/../../../../pic32c/lib/thumb/v8-m.base/nofp\libpic32c.a(sbrk.o)
 .debug_str     0x00004b40      0x289 C:/Program Files/Microchip/xc32/v5.00/bin/bin/../../lib/gcc/pic32c/13.2.1/../../../../pic32c/lib/thumb/v8-m.base/nofp\libpic32c.a(pic32_data_init_clear.o)
 .debug_str     0x00004b40      0x290 C:/Program Files/Microchip/xc32/v5.00/bin/bin/../../lib/gcc/pic32c/13.2.1/../../../../pic32c/lib/thumb/v8-m.base/nofp\libpic32c.a(pic32_data_init_copy.o)

.debug_frame    0x00000000      0xe8c
 .debug_frame   0x00000000       0xf8 build/default/debug/_ext/60163342/plib_adc.o
 .debug_frame   0x000000f8       0x20 build/default/debug/_ext/1984496892/plib_clock.o
 .debug_frame   0x00000118       0x60 build/default/debug/_ext/1986646378/plib_evsys.o
 .debug_frame   0x00000178       0x7c build/default/debug/_ext/1865468468/plib_nvic.o
 .debug_frame   0x000001f4      0x15c build/default/debug/_ext/1593096446/plib_nvmctrl.o
 .debug_frame   0x00000350       0x60 build/default/debug/_ext/829342769/plib_pm.o
 .debug_frame   0x000003b0       0xd8 build/default/debug/_ext/1865521619/plib_port.o
 .debug_frame   0x00000488      0x168 build/default/debug/_ext/504274921/plib_sercom3_usart.o
 .debug_frame   0x000005f0       0xb0 build/default/debug/_ext/829342655/plib_tc0.o
 .debug_frame   0x000006a0       0xe8 build/default/debug/_ext/60181570/plib_tcc0.o
 .debug_frame   0x00000788       0x44 build/default/debug/_ext/163028504/xc32_monitor.o
 .debug_frame   0x000007cc       0x28 build/default/debug/_ext/1171490990/initialization.o
 .debug_frame   0x000007f4       0x20 build/default/debug/_ext/1171490990/interrupts.o
 .debug_frame   0x00000814       0x30 build/default/debug/_ext/1171490990/exceptions.o
 .debug_frame   0x00000844       0x38 build/default/debug/_ext/1171490990/startup_xc32.o
 .debug_frame   0x0000087c       0x44 build/default/debug/_ext/1360937237/main.o
 .debug_frame   0x000008c0       0x48 C:/Program Files/Microchip/xc32/v5.00/bin/bin/../../lib/gcc/pic32c/13.2.1/../../../../pic32c/lib/thumb/v8-m.base/nofp\libpic32c.a(data_init.o)
 .debug_frame   0x00000908       0x28 C:/Program Files/Microchip/xc32/v5.00/bin/bin/../../lib/gcc/pic32c/13.2.1/../../../../pic32c/lib/thumb/v8-m.base/nofp\libc-size-musl.a(memcpy.o)
 .debug_frame   0x00000930       0x38 C:/Program Files/Microchip/xc32/v5.00/bin/bin/../../lib/gcc/pic32c/13.2.1/../../../../pic32c/lib/thumb/v8-m.base/nofp\libg-musl.a(__libc_start_main.o)
 .debug_frame   0x00000968       0x38 C:/Program Files/Microchip/xc32/v5.00/bin/bin/../../lib/gcc/pic32c/13.2.1/../../../../pic32c/lib/thumb/v8-m.base/nofp\libg-musl.a(stdin.o)
 .debug_frame   0x000009a0       0x50 C:/Program Files/Microchip/xc32/v5.00/bin/bin/../../lib/gcc/pic32c/13.2.1/../../../../pic32c/lib/thumb/v8-m.base/nofp\libg-musl.a(stdout.o)
 .debug_frame   0x000009f0       0x28 C:/Program Files/Microchip/xc32/v5.00/bin/bin/../../lib/gcc/pic32c/13.2.1/../../../../pic32c/lib/thumb/v8-m.base/nofp\libg-musl.a(setbuf.o)
 .debug_frame   0x00000a18       0x34 C:/Program Files/Microchip/xc32/v5.00/bin/bin/../../lib/gcc/pic32c/13.2.1/../../../../pic32c/lib/thumb/v8-m.base/nofp\libg-musl.a(__stdio_read.o)
 .debug_frame   0x00000a4c       0x20 C:/Program Files/Microchip/xc32/v5.00/bin/bin/../../lib/gcc/pic32c/13.2.1/../../../../pic32c/lib/thumb/v8-m.base/nofp\libg-musl.a(__towrite_rw.o)
 .debug_frame   0x00000a6c       0x44 C:/Program Files/Microchip/xc32/v5.00/bin/bin/../../lib/gcc/pic32c/13.2.1/../../../../pic32c/lib/thumb/v8-m.base/nofp\libg-musl.a(setvbuf.o)
 .debug_frame   0x00000ab0       0x34 C:/Program Files/Microchip/xc32/v5.00/bin/bin/../../lib/gcc/pic32c/13.2.1/../../../../pic32c/lib/thumb/v8-m.base/nofp\libg-musl.a(readv.o)
 .debug_frame   0x00000ae4       0x38 C:/Program Files/Microchip/xc32/v5.00/bin/bin/../../lib/gcc/pic32c/13.2.1/../../../../pic32c/lib/thumb/v8-m.base/nofp\libg-musl.a(__init_stdio.o)
 .debug_frame   0x00000b1c       0x44 C:/Program Files/Microchip/xc32/v5.00/bin/bin/../../lib/gcc/pic32c/13.2.1/../../../../pic32c/lib/thumb/v8-m.base/nofp\libg-musl.a(__out.o)
 .debug_frame   0x00000b60       0x48 C:/Program Files/Microchip/xc32/v5.00/bin/bin/../../lib/gcc/pic32c/13.2.1/../../../../pic32c/lib/thumb/v8-m.base/nofp\libg-musl.a(__stderr.o)
 .debug_frame   0x00000ba8       0x48 C:/Program Files/Microchip/xc32/v5.00/bin/bin/../../lib/gcc/pic32c/13.2.1/../../../../pic32c/lib/thumb/v8-m.base/nofp\libg-musl.a(__stdio_close.o)
 .debug_frame   0x00000bf0       0x50 C:/Program Files/Microchip/xc32/v5.00/bin/bin/../../lib/gcc/pic32c/13.2.1/../../../../pic32c/lib/thumb/v8-m.base/nofp\libg-musl.a(__stdio_write.o)
 .debug_frame   0x00000c40       0x48 C:/Program Files/Microchip/xc32/v5.00/bin/bin/../../lib/gcc/pic32c/13.2.1/../../../../pic32c/lib/thumb/v8-m.base/nofp\libg-musl.a(__stdout.o)
 .debug_frame   0x00000c88       0x38 C:/Program Files/Microchip/xc32/v5.00/bin/bin/../../lib/gcc/pic32c/13.2.1/../../../../pic32c/lib/thumb/v8-m.base/nofp\libg-musl.a(__towrite.o)
 .debug_frame   0x00000cc0       0x34 C:/Program Files/Microchip/xc32/v5.00/bin/bin/../../lib/gcc/pic32c/13.2.1/../../../../pic32c/lib/thumb/v8-m.base/nofp\libg-musl.a(writev.o)
 .debug_frame   0x00000cf4       0x20 C:/Program Files/Microchip/xc32/v5.00/bin/bin/../../lib/gcc/pic32c/13.2.1/../../../../pic32c/lib/thumb/v8-m.base/nofp\libpic32c.a(close.o)
 .debug_frame   0x00000d14       0x20 C:/Program Files/Microchip/xc32/v5.00/bin/bin/../../lib/gcc/pic32c/13.2.1/../../../../pic32c/lib/thumb/v8-m.base/nofp\libpic32c.a(lseek.o)
 .debug_frame   0x00000d34       0x30 C:/Program Files/Microchip/xc32/v5.00/bin/bin/../../lib/gcc/pic32c/13.2.1/../../../../pic32c/lib/thumb/v8-m.base/nofp\liblmalloc-musl.a(lite_malloc.o)
 .debug_frame   0x00000d64       0x64 C:/Program Files/Microchip/xc32/v5.00/bin/bin/../../lib/gcc/pic32c/13.2.1/../../../../pic32c/lib/thumb/v8-m.base/nofp\liblmalloc-musl.a(lite_free.o)
 .debug_frame   0x00000dc8       0x28 C:/Program Files/Microchip/xc32/v5.00/bin/bin/../../lib/gcc/pic32c/13.2.1/../../../../pic32c/lib/thumb/v8-m.base/nofp\libg-musl.a(expand_heap.o)
 .debug_frame   0x00000df0       0x54 C:/Program Files/Microchip/xc32/v5.00/bin/bin/../../lib/gcc/pic32c/13.2.1/../../../../pic32c/lib/thumb/v8-m.base/nofp\libpic32c.a(sbrk.o)
 .debug_frame   0x00000e44       0x20 C:/Program Files/Microchip/xc32/v5.00/bin/bin/../../lib/gcc/pic32c/13.2.1/../../../../pic32c/lib/thumb/v8-m.base/nofp\libpic32c.a(pic32_data_init_clear.o)
 .debug_frame   0x00000e64       0x28 C:/Program Files/Microchip/xc32/v5.00/bin/bin/../../lib/gcc/pic32c/13.2.1/../../../../pic32c/lib/thumb/v8-m.base/nofp\libpic32c.a(pic32_data_init_copy.o)

.note.GNU-stack
                0x00000000        0x0
 .note.GNU-stack
                0x00000000        0x0 C:/Program Files/Microchip/xc32/v5.00/bin/bin/../../lib/gcc/pic32c/13.2.1/../../../../pic32c/lib/thumb/v8-m.base/nofp\libc-size-musl.a(memcpy.o)
 .note.GNU-stack
                0x00000000        0x0 C:/Program Files/Microchip/xc32/v5.00/bin/bin/../../lib/gcc/pic32c/13.2.1/../../../../pic32c/lib/thumb/v8-m.base/nofp\libg-musl.a(__libc_start_main.o)
 .note.GNU-stack
                0x00000000        0x0 C:/Program Files/Microchip/xc32/v5.00/bin/bin/../../lib/gcc/pic32c/13.2.1/../../../../pic32c/lib/thumb/v8-m.base/nofp\libg-musl.a(libc.o)
 .note.GNU-stack
                0x00000000        0x0 C:/Program Files/Microchip/xc32/v5.00/bin/bin/../../lib/gcc/pic32c/13.2.1/../../../../pic32c/lib/thumb/v8-m.base/nofp\libg-musl.a(stdin.o)
 .note.GNU-stack
                0x00000000        0x0 C:/Program Files/Microchip/xc32/v5.00/bin/bin/../../lib/gcc/pic32c/13.2.1/../../../../pic32c/lib/thumb/v8-m.base/nofp\libg-musl.a(stdout.o)
 .note.GNU-stack
                0x00000000        0x0 C:/Program Files/Microchip/xc32/v5.00/bin/bin/../../lib/gcc/pic32c/13.2.1/../../../../pic32c/lib/thumb/v8-m.base/nofp\libg-musl.a(setbuf.o)
 .note.GNU-stack
                0x00000000        0x0 C:/Program Files/Microchip/xc32/v5.00/bin/bin/../../lib/gcc/pic32c/13.2.1/../../../../pic32c/lib/thumb/v8-m.base/nofp\libg-musl.a(__environ.o)
 .note.GNU-stack
                0x00000000        0x0 C:/Program Files/Microchip/xc32/v5.00/bin/bin/../../lib/gcc/pic32c/13.2.1/../../../../pic32c/lib/thumb/v8-m.base/nofp\libg-musl.a(__stdio_read.o)
 .note.GNU-stack
                0x00000000        0x0 C:/Program Files/Microchip/xc32/v5.00/bin/bin/../../lib/gcc/pic32c/13.2.1/../../../../pic32c/lib/thumb/v8-m.base/nofp\libg-musl.a(__towrite_rw.o)
 .note.GNU-stack
                0x00000000        0x0 C:/Program Files/Microchip/xc32/v5.00/bin/bin/../../lib/gcc/pic32c/13.2.1/../../../../pic32c/lib/thumb/v8-m.base/nofp\libg-musl.a(setvbuf.o)
 .note.GNU-stack
                0x00000000        0x0 C:/Program Files/Microchip/xc32/v5.00/bin/bin/../../lib/gcc/pic32c/13.2.1/../../../../pic32c/lib/thumb/v8-m.base/nofp\libg-musl.a(readv.o)
 .note.GNU-stack
                0x00000000        0x0 C:/Program Files/Microchip/xc32/v5.00/bin/bin/../../lib/gcc/pic32c/13.2.1/../../../../pic32c/lib/thumb/v8-m.base/nofp\libg-musl.a(__init_stdio.o)
 .note.GNU-stack
                0x00000000        0x0 C:/Program Files/Microchip/xc32/v5.00/bin/bin/../../lib/gcc/pic32c/13.2.1/../../../../pic32c/lib/thumb/v8-m.base/nofp\libg-musl.a(__out.o)
 .note.GNU-stack
                0x00000000        0x0 C:/Program Files/Microchip/xc32/v5.00/bin/bin/../../lib/gcc/pic32c/13.2.1/../../../../pic32c/lib/thumb/v8-m.base/nofp\libg-musl.a(__stderr.o)
 .note.GNU-stack
                0x00000000        0x0 C:/Program Files/Microchip/xc32/v5.00/bin/bin/../../lib/gcc/pic32c/13.2.1/../../../../pic32c/lib/thumb/v8-m.base/nofp\libg-musl.a(__stdio_close.o)
 .note.GNU-stack
                0x00000000        0x0 C:/Program Files/Microchip/xc32/v5.00/bin/bin/../../lib/gcc/pic32c/13.2.1/../../../../pic32c/lib/thumb/v8-m.base/nofp\libg-musl.a(__stdio_write.o)
 .note.GNU-stack
                0x00000000        0x0 C:/Program Files/Microchip/xc32/v5.00/bin/bin/../../lib/gcc/pic32c/13.2.1/../../../../pic32c/lib/thumb/v8-m.base/nofp\libg-musl.a(__stdout.o)
 .note.GNU-stack
                0x00000000        0x0 C:/Program Files/Microchip/xc32/v5.00/bin/bin/../../lib/gcc/pic32c/13.2.1/../../../../pic32c/lib/thumb/v8-m.base/nofp\libg-musl.a(__towrite.o)
 .note.GNU-stack
                0x00000000        0x0 C:/Program Files/Microchip/xc32/v5.00/bin/bin/../../lib/gcc/pic32c/13.2.1/../../../../pic32c/lib/thumb/v8-m.base/nofp\libg-musl.a(writev.o)
 .note.GNU-stack
                0x00000000        0x0 C:/Program Files/Microchip/xc32/v5.00/bin/bin/../../lib/gcc/pic32c/13.2.1/../../../../pic32c/lib/thumb/v8-m.base/nofp\liblmalloc-musl.a(lite_malloc.o)
 .note.GNU-stack
                0x00000000        0x0 C:/Program Files/Microchip/xc32/v5.00/bin/bin/../../lib/gcc/pic32c/13.2.1/../../../../pic32c/lib/thumb/v8-m.base/nofp\liblmalloc-musl.a(lite_free.o)
 .note.GNU-stack
                0x00000000        0x0 C:/Program Files/Microchip/xc32/v5.00/bin/bin/../../lib/gcc/pic32c/13.2.1/../../../../pic32c/lib/thumb/v8-m.base/nofp\libg-musl.a(__errno_location.o)
 .note.GNU-stack
                0x00000000        0x0 C:/Program Files/Microchip/xc32/v5.00/bin/bin/../../lib/gcc/pic32c/13.2.1/../../../../pic32c/lib/thumb/v8-m.base/nofp\libg-musl.a(expand_heap.o)

.vfp11_veneer%z1

.v4_bx%z2

.iplt%z3

.rel.iplt%z4

.igot.plt%z5

.bss%1          0x20000000      0x408