Archive member included to satisfy reference by file (symbol)

C:/Program Files/Microchip/xc32/v5.00/bin/bin/../../lib/gcc/pic32c/13.2.1/../../../../pic32c/lib/thumb/v8-m.base/nofp\libpic32c.a(data_init.o)
                              build/default/debug/_ext/1171490990/startup_xc32.o (__pic32c_data_initialization)
C:/Program Files/Microchip/xc32/v5.00/bin/bin/../../lib/gcc/pic32c/13.2.1/../../../../pic32c/lib/thumb/v8-m.base/nofp\libc-size-musl.a(memcpy.o)
                              build/default/debug/_ext/1593096446/plib_nvmctrl.o (memcpy)
C:/Program Files/Microchip/xc32/v5.00/bin/bin/../../lib/gcc/pic32c/13.2.1/../../../../pic32c/lib/thumb/v8-m.base/nofp\libg-musl.a(__libc_start_main.o)
                              build/default/debug/_ext/1171490990/startup_xc32.o (__libc_init_array)
C:/Program Files/Microchip/xc32/v5.00/bin/bin/../../lib/gcc/pic32c/13.2.1/../../../../pic32c/lib/thumb/v8-m.base/nofp\libg-musl.a(libc.o)
                              C:/Program Files/Microchip/xc32/v5.00/bin/bin/../../lib/gcc/pic32c/13.2.1/../../../../pic32c/lib/thumb/v8-m.base/nofp\libg-musl.a(__libc_start_main.o) (__progname_full)
C:/Program Files/Microchip/xc32/v5.00/bin/bin/../../lib/gcc/pic32c/13.2.1/../../../../pic32c/lib/thumb/v8-m.base/nofp\libg-musl.a(__environ.o)
                              C:/Program Files/Microchip/xc32/v5.00/bin/bin/../../lib/gcc/pic32c/13.2.1/../../../../pic32c/lib/thumb/v8-m.base/nofp\libg-musl.a(__libc_start_main.o) (__environ)
C:/Program Files/Microchip/xc32/v5.00/bin/bin/../../lib/gcc/pic32c/13.2.1/../../../../pic32c/lib/thumb/v8-m.base/nofp\libpic32c.a(pic32_data_init_clear.o)
                              (__dinit_clear_needed)
C:/Program Files/Microchip/xc32/v5.00/bin/bin/../../lib/gcc/pic32c/13.2.1/../../../../pic32c/lib/thumb/v8-m.base/nofp\libpic32c.a(pic32_data_init_copy.o)
                              (__dinit_copy_needed)

Microchip PIC32 Memory-Usage Report

ROM Program-Memory Usage
section                    address  length [bytes]      (dec)  Description
-------                 ----------  -------------------------  -----------
.vectors                         0          0x15c         348   
.text                        0x15c           0x20          32  App's exec code 
.text.CLOCK_Initialize       0x17c           0xc4         196   
.text.TCC0_PWMInitializ      0x240           0x62          98   
.text.EVSYS_Initialize       0x2a2            0x2           2   
.text.__libc_start_init      0x2a4           0x5c          92   
.text.Reset_Handler          0x300           0x56          86   
.text.Dummy_App_Func         0x356            0x2           2   
.text                        0x358           0x40          64  App's exec code 
.text.PM_Initialize          0x398           0x38          56   
.text.__pic32c_data_ini      0x3d0           0x34          52   
.dinit                       0x404           0x30          48   
.text.SYS_Initialize         0x434           0x2c          44   
.text.TCC0_PWMStart          0x460           0x20          32   
.text.__dinit_copy           0x480           0x1e          30   
.text.PORT_Initialize        0x49e           0x16          22   
.rodata                      0x4b4           0x14          20  Read-only const 
.text.NVMCTRL_Initializ      0x4c8           0x12          18   
.text.__dinit_clear          0x4da           0x12          18   
.text.main                   0x4ec            0xe          14   
.text.NVIC_Initialize        0x4fa            0x8           8   
.text.Dummy_Handler          0x502            0x4           4   
.text.NonMaskableInt_Ha      0x506            0x4           4   
.text.HardFault_Handler      0x50a            0x4           4   
.text.__dummy_decompres      0x50e            0x4           4   
.text.__dummy_init_tls       0x512            0x2           2   
.text.__dummy                0x514            0x2           2   
      Total ROM used  :       0x516        1302  0.2% of 0x80000
        --------------------------------------------------------------------------
         Total Program Memory used  :       0x516        1302  0.2% of 0x80000
        --------------------------------------------------------------------------


RAM Data-Memory Usage
section                    address  length [bytes]      (dec)  Description
-------                 ----------  -------------------------  -----------
.bss                    0x20000000           0x50          80  Uninitialized data 
.bss                    0x20000050           0x1c          28  Uninitialized data 
.bss                    0x2000006c            0x4           4  Uninitialized data 
.bss                    0x20000070            0x4           4  Uninitialized data 
         Total RAM used  :        0x74         116  0.2% of 0x10000
        --------------------------------------------------------------------------
            Total Data Memory used  :        0x74         116  0.2% of 0x10000
        --------------------------------------------------------------------------


Dynamic Data-Memory Reservation
section                    address  length [bytes]      (dec)  Description
-------                 ----------  -------------------------  -----------
heap                    0x20000078          0x200         512  Reserved for heap 
stack                   0x20000290         0xfd60       64864  Reserved for stack 

        --------------------------------------------------------------------------

Microchip PIC32 Memory-Usage Report By Module

        text        data         bss         dec         hex    basename                   filename
--------------------------------------------------------------------------------
         352           0           0         352         160    interrupts.o           build/default/debug/_ext/1171490990/interrupts.o
         196           0           0         196          c4    plib_clock.o           build/default/debug/_ext/1984496892/plib_clock.o
         130           0           0         130          82    plib_tcc0.o            build/default/debug/_ext/60181570/plib_tcc0.o
          64           8          28         100          64    crtbegin.o             C:/Program Files/Microchip/xc32/v5.00/bin/bin/../../lib/gcc/pic32c/13.2.1/thumb/v8-m.base/nofp/crtbegin.o
          94           0           0          94          5e    __libc_start_main.o    libg-musl.a
          88           0           0          88          58    startup_xc32.o         build/default/debug/_ext/1171490990/startup_xc32.o
          78           0           4          82          52    data_init.o            libpic32c.a
           0           0          80          80          50    libc.o                 libg-musl.a
          72           0           0          72          48    initialization.o       build/default/debug/_ext/1171490990/initialization.o
          56           0           0          56          38    plib_pm.o              build/default/debug/_ext/829342769/plib_pm.o
          48           0           0          48          30    data_init              data_init
          30           0           0          30          1e    pic32_data_init_copy.o libpic32c.a
          22           0           0          22          16    plib_port.o            build/default/debug/_ext/1865521619/plib_port.o
          18           0           0          18          12    pic32_data_init_clear.olibpic32c.a
          18           0           0          18          12    plib_nvmctrl.o         build/default/debug/_ext/1593096446/plib_nvmctrl.o
          16           0           0          16          10    crtn.o                 C:/Program Files/Microchip/xc32/v5.00/bin/bin/../../lib/gcc/pic32c/13.2.1/thumb/v8-m.base/nofp/crtn.o
          14           0           0          14           e    main.o                 build/default/debug/_ext/1360937237/main.o
           8           0           0           8           8    exceptions.o           build/default/debug/_ext/1171490990/exceptions.o
           8           0           0           8           8    crti.o                 C:/Program Files/Microchip/xc32/v5.00/bin/bin/../../lib/gcc/pic32c/13.2.1/thumb/v8-m.base/nofp/crti.o
           8           0           0           8           8    plib_nvic.o            build/default/debug/_ext/1865468468/plib_nvic.o
           0           0           4           4           4    __environ.o            libg-musl.a
           2           0           0           2           2    plib_evsys.o           build/default/debug/_ext/1986646378/plib_evsys.o
--------------------------------------------------------------------------------
        1322           8         116        1446         5a6    dist/default/debug/PWM_20KHz.X.debug.elf


Discarded input sections

 .text          0x00000000        0x0 C:/Program Files/Microchip/xc32/v5.00/bin/bin/../../lib/gcc/pic32c/13.2.1/thumb/v8-m.base/nofp/crti.o
 .data          0x00000000        0x0 C:/Program Files/Microchip/xc32/v5.00/bin/bin/../../lib/gcc/pic32c/13.2.1/thumb/v8-m.base/nofp/crti.o
 .bss           0x00000000        0x0 C:/Program Files/Microchip/xc32/v5.00/bin/bin/../../lib/gcc/pic32c/13.2.1/thumb/v8-m.base/nofp/crti.o
 .xc_stack_usage.hdr
                0x00000000        0xe C:/Program Files/Microchip/xc32/v5.00/bin/bin/../../lib/gcc/pic32c/13.2.1/thumb/v8-m.base/nofp/crti.o
 .xc_stack_usage
                0x00000000       0x26 C:/Program Files/Microchip/xc32/v5.00/bin/bin/../../lib/gcc/pic32c/13.2.1/thumb/v8-m.base/nofp/crti.o
 .data          0x00000000        0x4 C:/Program Files/Microchip/xc32/v5.00/bin/bin/../../lib/gcc/pic32c/13.2.1/thumb/v8-m.base/nofp/crtbegin.o
 .rodata        0x00000000       0x24 C:/Program Files/Microchip/xc32/v5.00/bin/bin/../../lib/gcc/pic32c/13.2.1/thumb/v8-m.base/nofp/crtbegin.o
 .xc_stack_usage
                0x00000000       0x3c C:/Program Files/Microchip/xc32/v5.00/bin/bin/../../lib/gcc/pic32c/13.2.1/thumb/v8-m.base/nofp/crtbegin.o
 .xc_stack_usage.hdr
                0x00000000        0xe C:/Program Files/Microchip/xc32/v5.00/bin/bin/../../lib/gcc/pic32c/13.2.1/thumb/v8-m.base/nofp/crtbegin.o
 .text          0x00000000        0x0 build/default/debug/_ext/1593096446/plib_nvmctrl.o
 .data          0x00000000        0x0 build/default/debug/_ext/1593096446/plib_nvmctrl.o
 .bss           0x00000000        0x0 build/default/debug/_ext/1593096446/plib_nvmctrl.o
 .text.NVMCTRL_CacheInvalidate
                0x00000000       0x14 build/default/debug/_ext/1593096446/plib_nvmctrl.o
 .text.NVMCTRL_Read
                0x00000000       0x10 build/default/debug/_ext/1593096446/plib_nvmctrl.o
 .text.NVMCTRL_PageWrite
                0x00000000       0x4c build/default/debug/_ext/1593096446/plib_nvmctrl.o
 .text.NVMCTRL_RowErase
                0x00000000       0x38 build/default/debug/_ext/1593096446/plib_nvmctrl.o
 .text.NVMCTRL_PageBufferWrite
                0x00000000       0x42 build/default/debug/_ext/1593096446/plib_nvmctrl.o
 .text.NVMCTRL_PageBufferCommit
                0x00000000       0x1c build/default/debug/_ext/1593096446/plib_nvmctrl.o
 .text.NVMCTRL_USER_ROW_PageWrite
                0x00000000       0x1e build/default/debug/_ext/1593096446/plib_nvmctrl.o
 .text.NVMCTRL_USER_ROW_RowErase
                0x00000000       0x22 build/default/debug/_ext/1593096446/plib_nvmctrl.o
 .text.NVMCTRL_BOCOR_ROW_PageWrite
                0x00000000       0x1e build/default/debug/_ext/1593096446/plib_nvmctrl.o
 .text.NVMCTRL_BOCOR_ROW_RowErase
                0x00000000       0x22 build/default/debug/_ext/1593096446/plib_nvmctrl.o
 .text.NVMCTRL_ErrorGet
                0x00000000       0x28 build/default/debug/_ext/1593096446/plib_nvmctrl.o
 .text.NVMCTRL_IsBusy
                0x00000000       0x16 build/default/debug/_ext/1593096446/plib_nvmctrl.o
 .text.NVMCTRL_RegionLock
                0x00000000       0x16 build/default/debug/_ext/1593096446/plib_nvmctrl.o
 .text.NVMCTRL_RegionUnlock
                0x00000000       0x16 build/default/debug/_ext/1593096446/plib_nvmctrl.o
 .text.NVMCTRL_SecureRegionLock
                0x00000000       0x16 build/default/debug/_ext/1593096446/plib_nvmctrl.o
 .text.NVMCTRL_SecureRegionUnlock
                0x00000000       0x16 build/default/debug/_ext/1593096446/plib_nvmctrl.o
 .text          0x00000000        0x0 build/default/debug/_ext/1986646378/plib_evsys.o
 .data          0x00000000        0x0 build/default/debug/_ext/1986646378/plib_evsys.o
 .bss           0x00000000        0x0 build/default/debug/_ext/1986646378/plib_evsys.o
 .text          0x00000000        0x0 build/default/debug/_ext/60181570/plib_tcc0.o
 .data          0x00000000        0x0 build/default/debug/_ext/60181570/plib_tcc0.o
 .bss           0x00000000        0x0 build/default/debug/_ext/60181570/plib_tcc0.o
 .text.TCC0_PWMStop
                0x00000000       0x20 build/default/debug/_ext/60181570/plib_tcc0.o
 .text.TCC0_PWM24bitPeriodSet
                0x00000000       0x24 build/default/debug/_ext/60181570/plib_tcc0.o
 .text.TCC0_PWM24bitPeriodGet
                0x00000000       0x20 build/default/debug/_ext/60181570/plib_tcc0.o
 .text.TCC0_PWMDeadTimeSet
                0x00000000       0x22 build/default/debug/_ext/60181570/plib_tcc0.o
 .text.TCC0_PWMPatternSet
                0x00000000       0x26 build/default/debug/_ext/60181570/plib_tcc0.o
 .text.TCC0_PWM24bitCounterGet
                0x00000000       0x3c build/default/debug/_ext/60181570/plib_tcc0.o
 .text.TCC0_PWM24bitCounterSet
                0x00000000       0x20 build/default/debug/_ext/60181570/plib_tcc0.o
 .text.TCC0_PWMForceUpdate
                0x00000000       0x22 build/default/debug/_ext/60181570/plib_tcc0.o
 .text.TCC0_PWMPeriodInterruptEnable
                0x00000000        0xe build/default/debug/_ext/60181570/plib_tcc0.o
 .text.TCC0_PWMPeriodInterruptDisable
                0x00000000        0xe build/default/debug/_ext/60181570/plib_tcc0.o
 .text.TCC0_PWMInterruptStatusGet
                0x00000000       0x10 build/default/debug/_ext/60181570/plib_tcc0.o
 .text          0x00000000        0x0 build/default/debug/_ext/829342769/plib_pm.o
 .data          0x00000000        0x0 build/default/debug/_ext/829342769/plib_pm.o
 .bss           0x00000000        0x0 build/default/debug/_ext/829342769/plib_pm.o
 .text.PM_IdleModeEnter
                0x00000000       0x1e build/default/debug/_ext/829342769/plib_pm.o
 .text.PM_StandbyModeEnter
                0x00000000       0x1e build/default/debug/_ext/829342769/plib_pm.o
 .text.PM_OffModeEnter
                0x00000000       0x20 build/default/debug/_ext/829342769/plib_pm.o
 .text.PM_ConfigurePerformanceLevel
                0x00000000       0x50 build/default/debug/_ext/829342769/plib_pm.o
 .text          0x00000000        0x0 build/default/debug/_ext/1360937237/main.o
 .data          0x00000000        0x0 build/default/debug/_ext/1360937237/main.o
 .bss           0x00000000        0x0 build/default/debug/_ext/1360937237/main.o
 .text          0x00000000        0x0 build/default/debug/_ext/1171490990/initialization.o
 .data          0x00000000        0x0 build/default/debug/_ext/1171490990/initialization.o
 .bss           0x00000000        0x0 build/default/debug/_ext/1171490990/initialization.o
 .text          0x00000000        0x0 build/default/debug/_ext/1171490990/interrupts.o
 .data          0x00000000        0x0 build/default/debug/_ext/1171490990/interrupts.o
 .bss           0x00000000        0x0 build/default/debug/_ext/1171490990/interrupts.o
 .text          0x00000000        0x0 build/default/debug/_ext/1171490990/exceptions.o
 .data          0x00000000        0x0 build/default/debug/_ext/1171490990/exceptions.o
 .bss           0x00000000        0x0 build/default/debug/_ext/1171490990/exceptions.o
 .text          0x00000000        0x0 build/default/debug/_ext/163028504/xc32_monitor.o
 .data          0x00000000        0x0 build/default/debug/_ext/163028504/xc32_monitor.o
 .bss           0x00000000        0x0 build/default/debug/_ext/163028504/xc32_monitor.o
 .text.read     0x00000000        0x6 build/default/debug/_ext/163028504/xc32_monitor.o
 .text.write    0x00000000        0x6 build/default/debug/_ext/163028504/xc32_monitor.o
 .debug_info    0x00000000       0xf5 build/default/debug/_ext/163028504/xc32_monitor.o
 .debug_abbrev  0x00000000       0xb2 build/default/debug/_ext/163028504/xc32_monitor.o
 .debug_loc     0x00000000       0x56 build/default/debug/_ext/163028504/xc32_monitor.o
 .debug_aranges
                0x00000000       0x28 build/default/debug/_ext/163028504/xc32_monitor.o
 .debug_ranges  0x00000000       0x18 build/default/debug/_ext/163028504/xc32_monitor.o
 .debug_line    0x00000000       0xd9 build/default/debug/_ext/163028504/xc32_monitor.o
 .debug_str     0x00000000      0x28e build/default/debug/_ext/163028504/xc32_monitor.o
 .comment       0x00000000       0x36 build/default/debug/_ext/163028504/xc32_monitor.o
 .debug_frame   0x00000000       0x30 build/default/debug/_ext/163028504/xc32_monitor.o
 .ARM.attributes
                0x00000000       0x30 build/default/debug/_ext/163028504/xc32_monitor.o
 .text          0x00000000        0x0 build/default/debug/_ext/1865521619/plib_port.o
 .data          0x00000000        0x0 build/default/debug/_ext/1865521619/plib_port.o
 .bss           0x00000000        0x0 build/default/debug/_ext/1865521619/plib_port.o
 .text.PORT_GroupRead
                0x00000000        0x4 build/default/debug/_ext/1865521619/plib_port.o
 .text.PORT_GroupWrite
                0x00000000        0xc build/default/debug/_ext/1865521619/plib_port.o
 .text.PORT_GroupLatchRead
                0x00000000        0x4 build/default/debug/_ext/1865521619/plib_port.o
 .text.PORT_GroupSet
                0x00000000        0x4 build/default/debug/_ext/1865521619/plib_port.o
 .text.PORT_GroupClear
                0x00000000        0x4 build/default/debug/_ext/1865521619/plib_port.o
 .text.PORT_GroupToggle
                0x00000000        0x4 build/default/debug/_ext/1865521619/plib_port.o
 .text.PORT_GroupInputEnable
                0x00000000       0x2a build/default/debug/_ext/1865521619/plib_port.o
 .text.PORT_GroupOutputEnable
                0x00000000        0x4 build/default/debug/_ext/1865521619/plib_port.o
 .text.PORT_PinPeripheralFunctionConfig
                0x00000000       0x4a build/default/debug/_ext/1865521619/plib_port.o
 .text.PORT_PinGPIOConfig
                0x00000000       0x20 build/default/debug/_ext/1865521619/plib_port.o
 .text          0x00000000        0x0 build/default/debug/_ext/1984496892/plib_clock.o
 .data          0x00000000        0x0 build/default/debug/_ext/1984496892/plib_clock.o
 .bss           0x00000000        0x0 build/default/debug/_ext/1984496892/plib_clock.o
 .text          0x00000000        0x0 build/default/debug/_ext/1865468468/plib_nvic.o
 .data          0x00000000        0x0 build/default/debug/_ext/1865468468/plib_nvic.o
 .bss           0x00000000        0x0 build/default/debug/_ext/1865468468/plib_nvic.o
 .text.NVIC_INT_Enable
                0x00000000        0x8 build/default/debug/_ext/1865468468/plib_nvic.o
 .text.NVIC_INT_Disable
                0x00000000       0x12 build/default/debug/_ext/1865468468/plib_nvic.o
 .text.NVIC_INT_Restore
                0x00000000       0x12 build/default/debug/_ext/1865468468/plib_nvic.o
 .text.NVIC_INT_SourceDisable
                0x00000000       0x40 build/default/debug/_ext/1865468468/plib_nvic.o
 .text.NVIC_INT_SourceRestore
                0x00000000       0x1e build/default/debug/_ext/1865468468/plib_nvic.o
 .text          0x00000000        0x0 build/default/debug/_ext/1171490990/startup_xc32.o
 .data          0x00000000        0x0 build/default/debug/_ext/1171490990/startup_xc32.o
 .bss           0x00000000        0x0 build/default/debug/_ext/1171490990/startup_xc32.o
 .text          0x00000000        0x0 build/default/debug/_ext/1171490990/libc_syscalls.o
 .data          0x00000000        0x0 build/default/debug/_ext/1171490990/libc_syscalls.o
 .bss           0x00000000        0x0 build/default/debug/_ext/1171490990/libc_syscalls.o
 .text._exit    0x00000000        0x4 build/default/debug/_ext/1171490990/libc_syscalls.o
 .debug_info    0x00000000       0xa4 build/default/debug/_ext/1171490990/libc_syscalls.o
 .debug_abbrev  0x00000000       0x5a build/default/debug/_ext/1171490990/libc_syscalls.o
 .debug_aranges
                0x00000000       0x20 build/default/debug/_ext/1171490990/libc_syscalls.o
 .debug_ranges  0x00000000       0x10 build/default/debug/_ext/1171490990/libc_syscalls.o
 .debug_line    0x00000000       0x5f build/default/debug/_ext/1171490990/libc_syscalls.o
 .debug_str     0x00000000      0x2c2 build/default/debug/_ext/1171490990/libc_syscalls.o
 .comment       0x00000000       0x36 build/default/debug/_ext/1171490990/libc_syscalls.o
 .debug_frame   0x00000000       0x20 build/default/debug/_ext/1171490990/libc_syscalls.o
 .ARM.attributes
                0x00000000       0x30 build/default/debug/_ext/1171490990/libc_syscalls.o
 .text          0x00000000        0x0 C:/Program Files/Microchip/xc32/v5.00/bin/bin/../../lib/gcc/pic32c/13.2.1/../../../../pic32c/lib/thumb/v8-m.base/nofp\libpic32c.a(data_init.o)
 .data          0x00000000        0x0 C:/Program Files/Microchip/xc32/v5.00/bin/bin/../../lib/gcc/pic32c/13.2.1/../../../../pic32c/lib/thumb/v8-m.base/nofp\libpic32c.a(data_init.o)
 .xc_stack_usage
                0x00000000       0x68 C:/Program Files/Microchip/xc32/v5.00/bin/bin/../../lib/gcc/pic32c/13.2.1/../../../../pic32c/lib/thumb/v8-m.base/nofp\libpic32c.a(data_init.o)
 .xc_stack_usage.hdr
                0x00000000        0xe C:/Program Files/Microchip/xc32/v5.00/bin/bin/../../lib/gcc/pic32c/13.2.1/../../../../pic32c/lib/thumb/v8-m.base/nofp\libpic32c.a(data_init.o)
 .text          0x00000000        0x0 C:/Program Files/Microchip/xc32/v5.00/bin/bin/../../lib/gcc/pic32c/13.2.1/../../../../pic32c/lib/thumb/v8-m.base/nofp\libc-size-musl.a(memcpy.o)
 .data          0x00000000        0x0 C:/Program Files/Microchip/xc32/v5.00/bin/bin/../../lib/gcc/pic32c/13.2.1/../../../../pic32c/lib/thumb/v8-m.base/nofp\libc-size-musl.a(memcpy.o)
 .bss           0x00000000        0x0 C:/Program Files/Microchip/xc32/v5.00/bin/bin/../../lib/gcc/pic32c/13.2.1/../../../../pic32c/lib/thumb/v8-m.base/nofp\libc-size-musl.a(memcpy.o)
 .xc_stack_usage
                0x00000000       0x14 C:/Program Files/Microchip/xc32/v5.00/bin/bin/../../lib/gcc/pic32c/13.2.1/../../../../pic32c/lib/thumb/v8-m.base/nofp\libc-size-musl.a(memcpy.o)
 .text.memcpy   0x00000000       0x14 C:/Program Files/Microchip/xc32/v5.00/bin/bin/../../lib/gcc/pic32c/13.2.1/../../../../pic32c/lib/thumb/v8-m.base/nofp\libc-size-musl.a(memcpy.o)
 .xc_stack_usage.hdr
                0x00000000        0xe C:/Program Files/Microchip/xc32/v5.00/bin/bin/../../lib/gcc/pic32c/13.2.1/../../../../pic32c/lib/thumb/v8-m.base/nofp\libc-size-musl.a(memcpy.o)
 .debug_info    0x00000000       0xed C:/Program Files/Microchip/xc32/v5.00/bin/bin/../../lib/gcc/pic32c/13.2.1/../../../../pic32c/lib/thumb/v8-m.base/nofp\libc-size-musl.a(memcpy.o)
 .debug_abbrev  0x00000000       0xbb C:/Program Files/Microchip/xc32/v5.00/bin/bin/../../lib/gcc/pic32c/13.2.1/../../../../pic32c/lib/thumb/v8-m.base/nofp\libc-size-musl.a(memcpy.o)
 .debug_loc     0x00000000      0x12d C:/Program Files/Microchip/xc32/v5.00/bin/bin/../../lib/gcc/pic32c/13.2.1/../../../../pic32c/lib/thumb/v8-m.base/nofp\libc-size-musl.a(memcpy.o)
 .debug_aranges
                0x00000000       0x20 C:/Program Files/Microchip/xc32/v5.00/bin/bin/../../lib/gcc/pic32c/13.2.1/../../../../pic32c/lib/thumb/v8-m.base/nofp\libc-size-musl.a(memcpy.o)
 .debug_ranges  0x00000000       0x10 C:/Program Files/Microchip/xc32/v5.00/bin/bin/../../lib/gcc/pic32c/13.2.1/../../../../pic32c/lib/thumb/v8-m.base/nofp\libc-size-musl.a(memcpy.o)
 .debug_line    0x00000000      0x16c C:/Program Files/Microchip/xc32/v5.00/bin/bin/../../lib/gcc/pic32c/13.2.1/../../../../pic32c/lib/thumb/v8-m.base/nofp\libc-size-musl.a(memcpy.o)
 .debug_str     0x00000000      0x241 C:/Program Files/Microchip/xc32/v5.00/bin/bin/../../lib/gcc/pic32c/13.2.1/../../../../pic32c/lib/thumb/v8-m.base/nofp\libc-size-musl.a(memcpy.o)
 .comment       0x00000000       0x36 C:/Program Files/Microchip/xc32/v5.00/bin/bin/../../lib/gcc/pic32c/13.2.1/../../../../pic32c/lib/thumb/v8-m.base/nofp\libc-size-musl.a(memcpy.o)
 .note.GNU-stack
                0x00000000        0x0 C:/Program Files/Microchip/xc32/v5.00/bin/bin/../../lib/gcc/pic32c/13.2.1/../../../../pic32c/lib/thumb/v8-m.base/nofp\libc-size-musl.a(memcpy.o)
 .debug_frame   0x00000000       0x28 C:/Program Files/Microchip/xc32/v5.00/bin/bin/../../lib/gcc/pic32c/13.2.1/../../../../pic32c/lib/thumb/v8-m.base/nofp\libc-size-musl.a(memcpy.o)
 .ARM.attributes
                0x00000000       0x32 C:/Program Files/Microchip/xc32/v5.00/bin/bin/../../lib/gcc/pic32c/13.2.1/../../../../pic32c/lib/thumb/v8-m.base/nofp\libc-size-musl.a(memcpy.o)
 .text          0x00000000        0x0 C:/Program Files/Microchip/xc32/v5.00/bin/bin/../../lib/gcc/pic32c/13.2.1/../../../../pic32c/lib/thumb/v8-m.base/nofp\libg-musl.a(__libc_start_main.o)
 .data          0x00000000        0x0 C:/Program Files/Microchip/xc32/v5.00/bin/bin/../../lib/gcc/pic32c/13.2.1/../../../../pic32c/lib/thumb/v8-m.base/nofp\libg-musl.a(__libc_start_main.o)
 .bss           0x00000000        0x0 C:/Program Files/Microchip/xc32/v5.00/bin/bin/../../lib/gcc/pic32c/13.2.1/../../../../pic32c/lib/thumb/v8-m.base/nofp\libg-musl.a(__libc_start_main.o)
 .xc_stack_usage
                0x00000000       0x34 C:/Program Files/Microchip/xc32/v5.00/bin/bin/../../lib/gcc/pic32c/13.2.1/../../../../pic32c/lib/thumb/v8-m.base/nofp\libg-musl.a(__libc_start_main.o)
 .xc_stack_usage.hdr
                0x00000000        0xe C:/Program Files/Microchip/xc32/v5.00/bin/bin/../../lib/gcc/pic32c/13.2.1/../../../../pic32c/lib/thumb/v8-m.base/nofp\libg-musl.a(__libc_start_main.o)
 .text          0x00000000        0x0 C:/Program Files/Microchip/xc32/v5.00/bin/bin/../../lib/gcc/pic32c/13.2.1/../../../../pic32c/lib/thumb/v8-m.base/nofp\libg-musl.a(libc.o)
 .data          0x00000000        0x0 C:/Program Files/Microchip/xc32/v5.00/bin/bin/../../lib/gcc/pic32c/13.2.1/../../../../pic32c/lib/thumb/v8-m.base/nofp\libg-musl.a(libc.o)
 .xc_stack_usage.hdr
                0x00000000        0xe C:/Program Files/Microchip/xc32/v5.00/bin/bin/../../lib/gcc/pic32c/13.2.1/../../../../pic32c/lib/thumb/v8-m.base/nofp\libg-musl.a(libc.o)
 .text          0x00000000        0x0 C:/Program Files/Microchip/xc32/v5.00/bin/bin/../../lib/gcc/pic32c/13.2.1/../../../../pic32c/lib/thumb/v8-m.base/nofp\libg-musl.a(__environ.o)
 .data          0x00000000        0x0 C:/Program Files/Microchip/xc32/v5.00/bin/bin/../../lib/gcc/pic32c/13.2.1/../../../../pic32c/lib/thumb/v8-m.base/nofp\libg-musl.a(__environ.o)
 .xc_stack_usage.hdr
                0x00000000        0xe C:/Program Files/Microchip/xc32/v5.00/bin/bin/../../lib/gcc/pic32c/13.2.1/../../../../pic32c/lib/thumb/v8-m.base/nofp\libg-musl.a(__environ.o)
 .text          0x00000000        0x0 C:/Program Files/Microchip/xc32/v5.00/bin/bin/../../lib/gcc/pic32c/13.2.1/thumb/v8-m.base/nofp/crtend.o
 .data          0x00000000        0x0 C:/Program Files/Microchip/xc32/v5.00/bin/bin/../../lib/gcc/pic32c/13.2.1/thumb/v8-m.base/nofp/crtend.o
 .bss           0x00000000        0x0 C:/Program Files/Microchip/xc32/v5.00/bin/bin/../../lib/gcc/pic32c/13.2.1/thumb/v8-m.base/nofp/crtend.o
 .rodata        0x00000000       0x24 C:/Program Files/Microchip/xc32/v5.00/bin/bin/../../lib/gcc/pic32c/13.2.1/thumb/v8-m.base/nofp/crtend.o
 .eh_frame      0x00000000        0x4 C:/Program Files/Microchip/xc32/v5.00/bin/bin/../../lib/gcc/pic32c/13.2.1/thumb/v8-m.base/nofp/crtend.o
 .xc_stack_usage.hdr
                0x00000000        0xe C:/Program Files/Microchip/xc32/v5.00/bin/bin/../../lib/gcc/pic32c/13.2.1/thumb/v8-m.base/nofp/crtend.o
 .comment       0x00000000       0x36 C:/Program Files/Microchip/xc32/v5.00/bin/bin/../../lib/gcc/pic32c/13.2.1/thumb/v8-m.base/nofp/crtend.o
 .ARM.attributes
                0x00000000       0x30 C:/Program Files/Microchip/xc32/v5.00/bin/bin/../../lib/gcc/pic32c/13.2.1/thumb/v8-m.base/nofp/crtend.o
 .text          0x00000000        0x0 C:/Program Files/Microchip/xc32/v5.00/bin/bin/../../lib/gcc/pic32c/13.2.1/thumb/v8-m.base/nofp/crtn.o
 .data          0x00000000        0x0 C:/Program Files/Microchip/xc32/v5.00/bin/bin/../../lib/gcc/pic32c/13.2.1/thumb/v8-m.base/nofp/crtn.o
 .bss           0x00000000        0x0 C:/Program Files/Microchip/xc32/v5.00/bin/bin/../../lib/gcc/pic32c/13.2.1/thumb/v8-m.base/nofp/crtn.o
 .xc_stack_usage.hdr
                0x00000000        0xe C:/Program Files/Microchip/xc32/v5.00/bin/bin/../../lib/gcc/pic32c/13.2.1/thumb/v8-m.base/nofp/crtn.o
 .text          0x00000000        0x0 C:/Program Files/Microchip/xc32/v5.00/bin/bin/../../lib/gcc/pic32c/13.2.1/../../../../pic32c/lib/thumb/v8-m.base/nofp\libpic32c.a(pic32_data_init_clear.o)
 .data          0x00000000        0x0 C:/Program Files/Microchip/xc32/v5.00/bin/bin/../../lib/gcc/pic32c/13.2.1/../../../../pic32c/lib/thumb/v8-m.base/nofp\libpic32c.a(pic32_data_init_clear.o)
 .bss           0x00000000        0x0 C:/Program Files/Microchip/xc32/v5.00/bin/bin/../../lib/gcc/pic32c/13.2.1/../../../../pic32c/lib/thumb/v8-m.base/nofp\libpic32c.a(pic32_data_init_clear.o)
 .xc_stack_usage
                0x00000000       0x1b C:/Program Files/Microchip/xc32/v5.00/bin/bin/../../lib/gcc/pic32c/13.2.1/../../../../pic32c/lib/thumb/v8-m.base/nofp\libpic32c.a(pic32_data_init_clear.o)
 .xc_stack_usage.hdr
                0x00000000        0xe C:/Program Files/Microchip/xc32/v5.00/bin/bin/../../lib/gcc/pic32c/13.2.1/../../../../pic32c/lib/thumb/v8-m.base/nofp\libpic32c.a(pic32_data_init_clear.o)
 .text          0x00000000        0x0 C:/Program Files/Microchip/xc32/v5.00/bin/bin/../../lib/gcc/pic32c/13.2.1/../../../../pic32c/lib/thumb/v8-m.base/nofp\libpic32c.a(pic32_data_init_copy.o)
 .data          0x00000000        0x0 C:/Program Files/Microchip/xc32/v5.00/bin/bin/../../lib/gcc/pic32c/13.2.1/../../../../pic32c/lib/thumb/v8-m.base/nofp\libpic32c.a(pic32_data_init_copy.o)
 .bss           0x00000000        0x0 C:/Program Files/Microchip/xc32/v5.00/bin/bin/../../lib/gcc/pic32c/13.2.1/../../../../pic32c/lib/thumb/v8-m.base/nofp\libpic32c.a(pic32_data_init_copy.o)
 .xc_stack_usage
                0x00000000       0x1a C:/Program Files/Microchip/xc32/v5.00/bin/bin/../../lib/gcc/pic32c/13.2.1/../../../../pic32c/lib/thumb/v8-m.base/nofp\libpic32c.a(pic32_data_init_copy.o)
 .xc_stack_usage.hdr
                0x00000000        0xe C:/Program Files/Microchip/xc32/v5.00/bin/bin/../../lib/gcc/pic32c/13.2.1/../../../../pic32c/lib/thumb/v8-m.base/nofp\libpic32c.a(pic32_data_init_copy.o)

Memory Configuration

Name             Origin             Length             Attributes
rom              0x00000000         0x00080000         xrl
ram              0x20000000         0x00010000         xw!r
config_00804000  0x00804000         0x00000004
config_00804004  0x00804004         0x00000004
*default*        0x00000000         0xffffffff

Linker script and memory map

LOAD C:/Program Files/Microchip/xc32/v5.00/bin/bin/../../lib/gcc/pic32c/13.2.1/thumb/v8-m.base/nofp/crti.o
LOAD C:/Program Files/Microchip/xc32/v5.00/bin/bin/../../lib/gcc/pic32c/13.2.1/thumb/v8-m.base/nofp/crtbegin.o
LOAD build/default/debug/_ext/1593096446/plib_nvmctrl.o
LOAD build/default/debug/_ext/1986646378/plib_evsys.o
LOAD build/default/debug/_ext/60181570/plib_tcc0.o
LOAD build/default/debug/_ext/829342769/plib_pm.o
LOAD build/default/debug/_ext/1360937237/main.o
LOAD build/default/debug/_ext/1171490990/initialization.o
LOAD build/default/debug/_ext/1171490990/interrupts.o
LOAD build/default/debug/_ext/1171490990/exceptions.o
LOAD build/default/debug/_ext/163028504/xc32_monitor.o
LOAD build/default/debug/_ext/1865521619/plib_port.o
LOAD build/default/debug/_ext/1984496892/plib_clock.o
LOAD build/default/debug/_ext/1865468468/plib_nvic.o
LOAD build/default/debug/_ext/1171490990/startup_xc32.o
LOAD build/default/debug/_ext/1171490990/libc_syscalls.o
                0x00000001                        __MPLAB_BUILD = 0x1
                0x00080000                        __rom_end = (ORIGIN (rom) + LENGTH (rom))
                0x20010000                        __ram_end = (ORIGIN (ram) + LENGTH (ram))

.config_00804000
                0x00804000        0x4
 *(.config_00804000)
 .config_00804000
                0x00804000        0x4 build/default/debug/_ext/1171490990/initialization.o
                0x00804000                __config_00804000

.config_00804004
                0x00804004        0x4
 *(.config_00804004)
 .config_00804004
                0x00804004        0x4 build/default/debug/_ext/1171490990/initialization.o
                0x00804004                __config_00804004

.vectors        0x00000000      0x15c
                0x00000000                        . = ALIGN (0x4)
                0x00000000                        _sfixed = .
 *(.vectors .vectors.* .vectors_default .vectors_default.*)
 .vectors       0x00000000      0x15c build/default/debug/_ext/1171490990/interrupts.o
                0x00000000                exception_table
 *(.isr_vector)
 *(.reset*)
 *(.after_vectors)

.text           0x0000015c       0x20
                0x0000015c                        . = ALIGN (0x4)
 *(.glue_7t)
 .glue_7t       0x0000015c        0x0 linker stubs
 *(.glue_7)
 .glue_7        0x0000015c        0x0 linker stubs
 *(.gnu.linkonce.r.*)
 *(.ARM.extab* .gnu.linkonce.armextab.*)
                0x0000015c                        . = ALIGN (0x4)
 *(.init)
 .init          0x0000015c        0x4 C:/Program Files/Microchip/xc32/v5.00/bin/bin/../../lib/gcc/pic32c/13.2.1/thumb/v8-m.base/nofp/crti.o
                0x0000015c                _init
 .init          0x00000160        0x8 C:/Program Files/Microchip/xc32/v5.00/bin/bin/../../lib/gcc/pic32c/13.2.1/thumb/v8-m.base/nofp/crtn.o
                0x00000168                        . = ALIGN (0x4)
                0x00000168                        __preinit_array_start = .
 *(.preinit_array)
                0x00000168                        __preinit_array_end = .
                0x00000168                        . = ALIGN (0x4)
                0x00000168                        __init_array_start = .
 *(SORT_BY_NAME(.init_array.*))
 *(.init_array)
 .init_array    0x00000168        0x4 C:/Program Files/Microchip/xc32/v5.00/bin/bin/../../lib/gcc/pic32c/13.2.1/thumb/v8-m.base/nofp/crtbegin.o
                0x0000016c                        __init_array_end = .
                0x0000016c                        . = ALIGN (0x4)
 *crtbegin.o(.ctors)
 *(EXCLUDE_FILE(*crtend.o) .ctors)
 *(SORT_BY_NAME(.ctors.*))
 *crtend.o(.ctors)
                0x0000016c                        . = ALIGN (0x4)
 *(.fini)
 .fini          0x0000016c        0x4 C:/Program Files/Microchip/xc32/v5.00/bin/bin/../../lib/gcc/pic32c/13.2.1/thumb/v8-m.base/nofp/crti.o
                0x0000016c                _fini
 .fini          0x00000170        0x8 C:/Program Files/Microchip/xc32/v5.00/bin/bin/../../lib/gcc/pic32c/13.2.1/thumb/v8-m.base/nofp/crtn.o
                0x00000178                        . = ALIGN (0x4)
                0x00000178                        __fini_array_start = .
 *(.fini_array)
 .fini_array    0x00000178        0x4 C:/Program Files/Microchip/xc32/v5.00/bin/bin/../../lib/gcc/pic32c/13.2.1/thumb/v8-m.base/nofp/crtbegin.o
 *(SORT_BY_NAME(.fini_array.*))
                0x0000017c                        __fini_array_end = .
 *crtbegin.o(.dtors)
 *(EXCLUDE_FILE(*crtend.o) .dtors)
 *(SORT_BY_NAME(.dtors.*))
 *crtend.o(.dtors)
                0x0000017c                        . = ALIGN (0x4)
                0x0000017c                        _efixed = .
                [!provide]                        PROVIDE (__exidx_start = .)

.ARM.exidx
 *(.ARM.exidx* .gnu.linkonce.armexidx.*)
                [!provide]                        PROVIDE (__exidx_end = .)
                0x0000017c                        . = ALIGN (0x4)
                0x0000017c                        _etext = .

.bss            0x20000000        0x0
                0x20000000                        . = ALIGN (0x4)
                0x20000000                        __bss_start__ = .
                0x20000000                        _sbss = .
                0x20000000                        _szero = .
 *(COMMON)
                0x20000000                        . = ALIGN (0x4)
                0x20000000                        __bss_end__ = .
                0x20000000                        _ebss = .
                0x20000000                        _ezero = .
                0x20000000                        . = ALIGN (0x4)
                0x20000000                        _end = .
                0x2000ffff                        _ram_end_ = ((ORIGIN (ram) + LENGTH (ram)) - 0x1)
                0x00000001                        __ICD2RAM = 0x1
                0x00000001                        __MPLAB_DEBUG = 0x1
                0x00000001                        __DEBUG = 0x1
                0x00000200                        _min_heap_size = 0x200
START GROUP
LOAD C:/Program Files/Microchip/xc32/v5.00/bin/bin/../../lib/gcc/pic32c/13.2.1/../../../../pic32c/lib/thumb/v8-m.base/nofp\libpic32c.a
LOAD C:/Program Files/Microchip/xc32/v5.00/bin/bin/../../lib/gcc/pic32c/13.2.1/../../../../pic32c/lib/thumb/v8-m.base/nofp\libc-size-musl.a
LOAD C:/Program Files/Microchip/xc32/v5.00/bin/bin/../../lib/gcc/pic32c/13.2.1/../../../../pic32c/lib/thumb/v8-m.base/nofp\liblmalloc-musl.a
LOAD C:/Program Files/Microchip/xc32/v5.00/bin/bin/../../lib/gcc/pic32c/13.2.1/../../../../pic32c/lib/thumb/v8-m.base/nofp\libg-musl.a
LOAD C:/Program Files/Microchip/xc32/v5.00/bin/bin/../../lib/gcc/pic32c/13.2.1/../../../../pic32c/lib/thumb/v8-m.base/nofp\libc-musl.a
LOAD C:/Program Files/Microchip/xc32/v5.00/bin/bin/../../lib/gcc/pic32c/13.2.1/../../../../pic32c/lib/thumb/v8-m.base/nofp\libm-fast-emfloat.a
LOAD C:/Program Files/Microchip/xc32/v5.00/bin/bin/../../lib/gcc/pic32c/13.2.1/../../../../pic32c/lib/thumb/v8-m.base/nofp\libm-musl.a
END GROUP
LOAD C:/Program Files/Microchip/xc32/v5.00/bin/bin/../../lib/gcc/pic32c/13.2.1/thumb/v8-m.base/nofp\libgcc.a
LOAD C:/Program Files/Microchip/xc32/v5.00/bin/bin/../../lib/gcc/pic32c/13.2.1/thumb/v8-m.base/nofp/crtend.o
LOAD C:/Program Files/Microchip/xc32/v5.00/bin/bin/../../lib/gcc/pic32c/13.2.1/thumb/v8-m.base/nofp/crtn.o
OUTPUT(dist/default/debug/PWM_20KHz.X.debug.elf elf32-littlearm)
LOAD linker stubs
LOAD data_init

.note           0x00000000      0x3a8
 .note          0x00000000       0x18 C:/Program Files/Microchip/xc32/v5.00/bin/bin/../../lib/gcc/pic32c/13.2.1/thumb/v8-m.base/nofp/crti.o
 .note          0x00000018       0x18 C:/Program Files/Microchip/xc32/v5.00/bin/bin/../../lib/gcc/pic32c/13.2.1/thumb/v8-m.base/nofp/crtbegin.o
 .note          0x00000030       0x18 build/default/debug/_ext/1593096446/plib_nvmctrl.o
 .note          0x00000048       0x18 build/default/debug/_ext/1986646378/plib_evsys.o
 .note          0x00000060       0x18 build/default/debug/_ext/60181570/plib_tcc0.o
 .note          0x00000078       0x18 build/default/debug/_ext/829342769/plib_pm.o
 .note          0x00000090       0x18 build/default/debug/_ext/1360937237/main.o
 .note          0x000000a8      0x168 build/default/debug/_ext/1171490990/initialization.o
 .note          0x00000210       0x18 build/default/debug/_ext/1171490990/interrupts.o
 .note          0x00000228       0x18 build/default/debug/_ext/1171490990/exceptions.o
 .note          0x00000240       0x18 build/default/debug/_ext/163028504/xc32_monitor.o
 .note          0x00000258       0x18 build/default/debug/_ext/1865521619/plib_port.o
 .note          0x00000270       0x18 build/default/debug/_ext/1984496892/plib_clock.o
 .note          0x00000288       0x18 build/default/debug/_ext/1865468468/plib_nvic.o
 .note          0x000002a0       0x18 build/default/debug/_ext/1171490990/startup_xc32.o
 .note          0x000002b8       0x18 build/default/debug/_ext/1171490990/libc_syscalls.o
 .note          0x000002d0       0x18 C:/Program Files/Microchip/xc32/v5.00/bin/bin/../../lib/gcc/pic32c/13.2.1/../../../../pic32c/lib/thumb/v8-m.base/nofp\libpic32c.a(data_init.o)
 .note          0x000002e8       0x18 C:/Program Files/Microchip/xc32/v5.00/bin/bin/../../lib/gcc/pic32c/13.2.1/../../../../pic32c/lib/thumb/v8-m.base/nofp\libc-size-musl.a(memcpy.o)
 .note          0x00000300       0x18 C:/Program Files/Microchip/xc32/v5.00/bin/bin/../../lib/gcc/pic32c/13.2.1/../../../../pic32c/lib/thumb/v8-m.base/nofp\libg-musl.a(__libc_start_main.o)
 .note          0x00000318       0x18 C:/Program Files/Microchip/xc32/v5.00/bin/bin/../../lib/gcc/pic32c/13.2.1/../../../../pic32c/lib/thumb/v8-m.base/nofp\libg-musl.a(libc.o)
 .note          0x00000330       0x18 C:/Program Files/Microchip/xc32/v5.00/bin/bin/../../lib/gcc/pic32c/13.2.1/../../../../pic32c/lib/thumb/v8-m.base/nofp\libg-musl.a(__environ.o)
 .note          0x00000348       0x18 C:/Program Files/Microchip/xc32/v5.00/bin/bin/../../lib/gcc/pic32c/13.2.1/thumb/v8-m.base/nofp/crtend.o
 .note          0x00000360       0x18 C:/Program Files/Microchip/xc32/v5.00/bin/bin/../../lib/gcc/pic32c/13.2.1/thumb/v8-m.base/nofp/crtn.o
 .note          0x00000378       0x18 C:/Program Files/Microchip/xc32/v5.00/bin/bin/../../lib/gcc/pic32c/13.2.1/../../../../pic32c/lib/thumb/v8-m.base/nofp\libpic32c.a(pic32_data_init_clear.o)
 .note          0x00000390       0x18 C:/Program Files/Microchip/xc32/v5.00/bin/bin/../../lib/gcc/pic32c/13.2.1/../../../../pic32c/lib/thumb/v8-m.base/nofp\libpic32c.a(pic32_data_init_copy.o)

.ARM.attributes
                0x00000000       0x30
 .ARM.attributes
                0x00000000       0x22 C:/Program Files/Microchip/xc32/v5.00/bin/bin/../../lib/gcc/pic32c/13.2.1/thumb/v8-m.base/nofp/crti.o
 .ARM.attributes
                0x00000022       0x30 C:/Program Files/Microchip/xc32/v5.00/bin/bin/../../lib/gcc/pic32c/13.2.1/thumb/v8-m.base/nofp/crtbegin.o
 .ARM.attributes
                0x00000052       0x30 build/default/debug/_ext/1593096446/plib_nvmctrl.o
 .ARM.attributes
                0x00000082       0x30 build/default/debug/_ext/1986646378/plib_evsys.o
 .ARM.attributes
                0x000000b2       0x30 build/default/debug/_ext/60181570/plib_tcc0.o
 .ARM.attributes
                0x000000e2       0x30 build/default/debug/_ext/829342769/plib_pm.o
 .ARM.attributes
                0x00000112       0x30 build/default/debug/_ext/1360937237/main.o
 .ARM.attributes
                0x00000142       0x30 build/default/debug/_ext/1171490990/initialization.o
 .ARM.attributes
                0x00000172       0x30 build/default/debug/_ext/1171490990/interrupts.o
 .ARM.attributes
                0x000001a2       0x30 build/default/debug/_ext/1171490990/exceptions.o
 .ARM.attributes
                0x000001d2       0x30 build/default/debug/_ext/1865521619/plib_port.o
 .ARM.attributes
                0x00000202       0x30 build/default/debug/_ext/1984496892/plib_clock.o
 .ARM.attributes
                0x00000232       0x30 build/default/debug/_ext/1865468468/plib_nvic.o
 .ARM.attributes
                0x00000262       0x30 build/default/debug/_ext/1171490990/startup_xc32.o
 .ARM.attributes
                0x00000292       0x30 C:/Program Files/Microchip/xc32/v5.00/bin/bin/../../lib/gcc/pic32c/13.2.1/../../../../pic32c/lib/thumb/v8-m.base/nofp\libpic32c.a(data_init.o)
 .ARM.attributes
                0x000002c2       0x32 C:/Program Files/Microchip/xc32/v5.00/bin/bin/../../lib/gcc/pic32c/13.2.1/../../../../pic32c/lib/thumb/v8-m.base/nofp\libg-musl.a(__libc_start_main.o)
 .ARM.attributes
                0x000002f4       0x32 C:/Program Files/Microchip/xc32/v5.00/bin/bin/../../lib/gcc/pic32c/13.2.1/../../../../pic32c/lib/thumb/v8-m.base/nofp\libg-musl.a(libc.o)
 .ARM.attributes
                0x00000326       0x32 C:/Program Files/Microchip/xc32/v5.00/bin/bin/../../lib/gcc/pic32c/13.2.1/../../../../pic32c/lib/thumb/v8-m.base/nofp\libg-musl.a(__environ.o)
 .ARM.attributes
                0x00000358       0x22 C:/Program Files/Microchip/xc32/v5.00/bin/bin/../../lib/gcc/pic32c/13.2.1/thumb/v8-m.base/nofp/crtn.o
 .ARM.attributes
                0x0000037a       0x30 C:/Program Files/Microchip/xc32/v5.00/bin/bin/../../lib/gcc/pic32c/13.2.1/../../../../pic32c/lib/thumb/v8-m.base/nofp\libpic32c.a(pic32_data_init_clear.o)
 .ARM.attributes
                0x000003aa       0x30 C:/Program Files/Microchip/xc32/v5.00/bin/bin/../../lib/gcc/pic32c/13.2.1/../../../../pic32c/lib/thumb/v8-m.base/nofp\libpic32c.a(pic32_data_init_copy.o)

.comment        0x00000000       0x35
 .comment       0x00000000       0x35 C:/Program Files/Microchip/xc32/v5.00/bin/bin/../../lib/gcc/pic32c/13.2.1/thumb/v8-m.base/nofp/crtbegin.o
                                 0x36 (size before relaxing)
 .comment       0x00000035       0x36 build/default/debug/_ext/1593096446/plib_nvmctrl.o
 .comment       0x00000035       0x36 build/default/debug/_ext/1986646378/plib_evsys.o
 .comment       0x00000035       0x36 build/default/debug/_ext/60181570/plib_tcc0.o
 .comment       0x00000035       0x36 build/default/debug/_ext/829342769/plib_pm.o
 .comment       0x00000035       0x36 build/default/debug/_ext/1360937237/main.o
 .comment       0x00000035       0x36 build/default/debug/_ext/1171490990/initialization.o
 .comment       0x00000035       0x36 build/default/debug/_ext/1171490990/interrupts.o
 .comment       0x00000035       0x36 build/default/debug/_ext/1171490990/exceptions.o
 .comment       0x00000035       0x36 build/default/debug/_ext/1865521619/plib_port.o
 .comment       0x00000035       0x36 build/default/debug/_ext/1984496892/plib_clock.o
 .comment       0x00000035       0x36 build/default/debug/_ext/1865468468/plib_nvic.o
 .comment       0x00000035       0x36 build/default/debug/_ext/1171490990/startup_xc32.o
 .comment       0x00000035       0x36 C:/Program Files/Microchip/xc32/v5.00/bin/bin/../../lib/gcc/pic32c/13.2.1/../../../../pic32c/lib/thumb/v8-m.base/nofp\libpic32c.a(data_init.o)
 .comment       0x00000035       0x36 C:/Program Files/Microchip/xc32/v5.00/bin/bin/../../lib/gcc/pic32c/13.2.1/../../../../pic32c/lib/thumb/v8-m.base/nofp\libg-musl.a(__libc_start_main.o)
 .comment       0x00000035       0x36 C:/Program Files/Microchip/xc32/v5.00/bin/bin/../../lib/gcc/pic32c/13.2.1/../../../../pic32c/lib/thumb/v8-m.base/nofp\libg-musl.a(libc.o)
 .comment       0x00000035       0x36 C:/Program Files/Microchip/xc32/v5.00/bin/bin/../../lib/gcc/pic32c/13.2.1/../../../../pic32c/lib/thumb/v8-m.base/nofp\libg-musl.a(__environ.o)
 .comment       0x00000035       0x36 C:/Program Files/Microchip/xc32/v5.00/bin/bin/../../lib/gcc/pic32c/13.2.1/../../../../pic32c/lib/thumb/v8-m.base/nofp\libpic32c.a(pic32_data_init_clear.o)
 .comment       0x00000035       0x36 C:/Program Files/Microchip/xc32/v5.00/bin/bin/../../lib/gcc/pic32c/13.2.1/../../../../pic32c/lib/thumb/v8-m.base/nofp\libpic32c.a(pic32_data_init_copy.o)

.debug_info     0x00000000     0x3da5
 .debug_info    0x00000000      0x807 build/default/debug/_ext/1593096446/plib_nvmctrl.o
 .debug_info    0x00000807       0x9b build/default/debug/_ext/1986646378/plib_evsys.o
 .debug_info    0x000008a2      0x52a build/default/debug/_ext/60181570/plib_tcc0.o
 .debug_info    0x00000dcc      0x236 build/default/debug/_ext/829342769/plib_pm.o
 .debug_info    0x00001002       0xdf build/default/debug/_ext/1360937237/main.o
 .debug_info    0x000010e1      0x383 build/default/debug/_ext/1171490990/initialization.o
 .debug_info    0x00001464      0x696 build/default/debug/_ext/1171490990/interrupts.o
 .debug_info    0x00001afa       0xb3 build/default/debug/_ext/1171490990/exceptions.o
 .debug_info    0x00001bad      0x78d build/default/debug/_ext/1865521619/plib_port.o
 .debug_info    0x0000233a      0x6b7 build/default/debug/_ext/1984496892/plib_clock.o
 .debug_info    0x000029f1      0x757 build/default/debug/_ext/1865468468/plib_nvic.o
 .debug_info    0x00003148      0x200 build/default/debug/_ext/1171490990/startup_xc32.o
 .debug_info    0x00003348      0x212 C:/Program Files/Microchip/xc32/v5.00/bin/bin/../../lib/gcc/pic32c/13.2.1/../../../../pic32c/lib/thumb/v8-m.base/nofp\libpic32c.a(data_init.o)
 .debug_info    0x0000355a      0x2fb C:/Program Files/Microchip/xc32/v5.00/bin/bin/../../lib/gcc/pic32c/13.2.1/../../../../pic32c/lib/thumb/v8-m.base/nofp\libg-musl.a(__libc_start_main.o)
 .debug_info    0x00003855      0x276 C:/Program Files/Microchip/xc32/v5.00/bin/bin/../../lib/gcc/pic32c/13.2.1/../../../../pic32c/lib/thumb/v8-m.base/nofp\libg-musl.a(libc.o)
 .debug_info    0x00003acb       0x97 C:/Program Files/Microchip/xc32/v5.00/bin/bin/../../lib/gcc/pic32c/13.2.1/../../../../pic32c/lib/thumb/v8-m.base/nofp\libg-musl.a(__environ.o)
 .debug_info    0x00003b62      0x117 C:/Program Files/Microchip/xc32/v5.00/bin/bin/../../lib/gcc/pic32c/13.2.1/../../../../pic32c/lib/thumb/v8-m.base/nofp\libpic32c.a(pic32_data_init_clear.o)
 .debug_info    0x00003c79      0x12c C:/Program Files/Microchip/xc32/v5.00/bin/bin/../../lib/gcc/pic32c/13.2.1/../../../../pic32c/lib/thumb/v8-m.base/nofp\libpic32c.a(pic32_data_init_copy.o)

.debug_abbrev   0x00000000     0x12fe
 .debug_abbrev  0x00000000      0x1ee build/default/debug/_ext/1593096446/plib_nvmctrl.o
 .debug_abbrev  0x000001ee       0x46 build/default/debug/_ext/1986646378/plib_evsys.o
 .debug_abbrev  0x00000234      0x13e build/default/debug/_ext/60181570/plib_tcc0.o
 .debug_abbrev  0x00000372      0x106 build/default/debug/_ext/829342769/plib_pm.o
 .debug_abbrev  0x00000478       0xa2 build/default/debug/_ext/1360937237/main.o
 .debug_abbrev  0x0000051a       0xf0 build/default/debug/_ext/1171490990/initialization.o
 .debug_abbrev  0x0000060a       0xd3 build/default/debug/_ext/1171490990/interrupts.o
 .debug_abbrev  0x000006dd       0x49 build/default/debug/_ext/1171490990/exceptions.o
 .debug_abbrev  0x00000726      0x206 build/default/debug/_ext/1865521619/plib_port.o
 .debug_abbrev  0x0000092c      0x142 build/default/debug/_ext/1984496892/plib_clock.o
 .debug_abbrev  0x00000a6e      0x247 build/default/debug/_ext/1865468468/plib_nvic.o
 .debug_abbrev  0x00000cb5      0x12c build/default/debug/_ext/1171490990/startup_xc32.o
 .debug_abbrev  0x00000de1      0x156 C:/Program Files/Microchip/xc32/v5.00/bin/bin/../../lib/gcc/pic32c/13.2.1/../../../../pic32c/lib/thumb/v8-m.base/nofp\libpic32c.a(data_init.o)
 .debug_abbrev  0x00000f37      0x133 C:/Program Files/Microchip/xc32/v5.00/bin/bin/../../lib/gcc/pic32c/13.2.1/../../../../pic32c/lib/thumb/v8-m.base/nofp\libg-musl.a(__libc_start_main.o)
 .debug_abbrev  0x0000106a       0xd4 C:/Program Files/Microchip/xc32/v5.00/bin/bin/../../lib/gcc/pic32c/13.2.1/../../../../pic32c/lib/thumb/v8-m.base/nofp\libg-musl.a(libc.o)
 .debug_abbrev  0x0000113e       0x62 C:/Program Files/Microchip/xc32/v5.00/bin/bin/../../lib/gcc/pic32c/13.2.1/../../../../pic32c/lib/thumb/v8-m.base/nofp\libg-musl.a(__environ.o)
 .debug_abbrev  0x000011a0       0xa5 C:/Program Files/Microchip/xc32/v5.00/bin/bin/../../lib/gcc/pic32c/13.2.1/../../../../pic32c/lib/thumb/v8-m.base/nofp\libpic32c.a(pic32_data_init_clear.o)
 .debug_abbrev  0x00001245       0xb9 C:/Program Files/Microchip/xc32/v5.00/bin/bin/../../lib/gcc/pic32c/13.2.1/../../../../pic32c/lib/thumb/v8-m.base/nofp\libpic32c.a(pic32_data_init_copy.o)

.debug_loc      0x00000000     0x10bf
 .debug_loc     0x00000000      0x627 build/default/debug/_ext/1593096446/plib_nvmctrl.o
 .debug_loc     0x00000627      0x1b3 build/default/debug/_ext/60181570/plib_tcc0.o
 .debug_loc     0x000007da       0x69 build/default/debug/_ext/829342769/plib_pm.o
 .debug_loc     0x00000843       0x20 build/default/debug/_ext/1360937237/main.o
 .debug_loc     0x00000863       0x4b build/default/debug/_ext/1171490990/initialization.o
 .debug_loc     0x000008ae      0x2b8 build/default/debug/_ext/1865521619/plib_port.o
 .debug_loc     0x00000b66       0x20 build/default/debug/_ext/1984496892/plib_clock.o
 .debug_loc     0x00000b86      0x11a build/default/debug/_ext/1865468468/plib_nvic.o
 .debug_loc     0x00000ca0       0x20 build/default/debug/_ext/1171490990/startup_xc32.o
 .debug_loc     0x00000cc0      0x113 C:/Program Files/Microchip/xc32/v5.00/bin/bin/../../lib/gcc/pic32c/13.2.1/../../../../pic32c/lib/thumb/v8-m.base/nofp\libpic32c.a(data_init.o)
 .debug_loc     0x00000dd3       0x5e C:/Program Files/Microchip/xc32/v5.00/bin/bin/../../lib/gcc/pic32c/13.2.1/../../../../pic32c/lib/thumb/v8-m.base/nofp\libg-musl.a(__libc_start_main.o)
 .debug_loc     0x00000e31       0xf7 C:/Program Files/Microchip/xc32/v5.00/bin/bin/../../lib/gcc/pic32c/13.2.1/../../../../pic32c/lib/thumb/v8-m.base/nofp\libpic32c.a(pic32_data_init_clear.o)
 .debug_loc     0x00000f28      0x197 C:/Program Files/Microchip/xc32/v5.00/bin/bin/../../lib/gcc/pic32c/13.2.1/../../../../pic32c/lib/thumb/v8-m.base/nofp\libpic32c.a(pic32_data_init_copy.o)

.debug_aranges  0x00000000      0x3d0
 .debug_aranges
                0x00000000       0xa0 build/default/debug/_ext/1593096446/plib_nvmctrl.o
 .debug_aranges
                0x000000a0       0x20 build/default/debug/_ext/1986646378/plib_evsys.o
 .debug_aranges
                0x000000c0       0x80 build/default/debug/_ext/60181570/plib_tcc0.o
 .debug_aranges
                0x00000140       0x40 build/default/debug/_ext/829342769/plib_pm.o
 .debug_aranges
                0x00000180       0x20 build/default/debug/_ext/1360937237/main.o
 .debug_aranges
                0x000001a0       0x20 build/default/debug/_ext/1171490990/initialization.o
 .debug_aranges
                0x000001c0       0x20 build/default/debug/_ext/1171490990/interrupts.o
 .debug_aranges
                0x000001e0       0x28 build/default/debug/_ext/1171490990/exceptions.o
 .debug_aranges
                0x00000208       0x70 build/default/debug/_ext/1865521619/plib_port.o
 .debug_aranges
                0x00000278       0x20 build/default/debug/_ext/1984496892/plib_clock.o
 .debug_aranges
                0x00000298       0x48 build/default/debug/_ext/1865468468/plib_nvic.o
 .debug_aranges
                0x000002e0       0x28 build/default/debug/_ext/1171490990/startup_xc32.o
 .debug_aranges
                0x00000308       0x30 C:/Program Files/Microchip/xc32/v5.00/bin/bin/../../lib/gcc/pic32c/13.2.1/../../../../pic32c/lib/thumb/v8-m.base/nofp\libpic32c.a(data_init.o)
 .debug_aranges
                0x00000338       0x28 C:/Program Files/Microchip/xc32/v5.00/bin/bin/../../lib/gcc/pic32c/13.2.1/../../../../pic32c/lib/thumb/v8-m.base/nofp\libg-musl.a(__libc_start_main.o)
 .debug_aranges
                0x00000360       0x18 C:/Program Files/Microchip/xc32/v5.00/bin/bin/../../lib/gcc/pic32c/13.2.1/../../../../pic32c/lib/thumb/v8-m.base/nofp\libg-musl.a(libc.o)
 .debug_aranges
                0x00000378       0x18 C:/Program Files/Microchip/xc32/v5.00/bin/bin/../../lib/gcc/pic32c/13.2.1/../../../../pic32c/lib/thumb/v8-m.base/nofp\libg-musl.a(__environ.o)
 .debug_aranges
                0x00000390       0x20 C:/Program Files/Microchip/xc32/v5.00/bin/bin/../../lib/gcc/pic32c/13.2.1/../../../../pic32c/lib/thumb/v8-m.base/nofp\libpic32c.a(pic32_data_init_clear.o)
 .debug_aranges
                0x000003b0       0x20 C:/Program Files/Microchip/xc32/v5.00/bin/bin/../../lib/gcc/pic32c/13.2.1/../../../../pic32c/lib/thumb/v8-m.base/nofp\libpic32c.a(pic32_data_init_copy.o)

.debug_ranges   0x00000000      0x2d8
 .debug_ranges  0x00000000       0x90 build/default/debug/_ext/1593096446/plib_nvmctrl.o
 .debug_ranges  0x00000090       0x10 build/default/debug/_ext/1986646378/plib_evsys.o
 .debug_ranges  0x000000a0       0x70 build/default/debug/_ext/60181570/plib_tcc0.o
 .debug_ranges  0x00000110       0x30 build/default/debug/_ext/829342769/plib_pm.o
 .debug_ranges  0x00000140       0x10 build/default/debug/_ext/1360937237/main.o
 .debug_ranges  0x00000150       0x10 build/default/debug/_ext/1171490990/initialization.o
 .debug_ranges  0x00000160       0x10 build/default/debug/_ext/1171490990/interrupts.o
 .debug_ranges  0x00000170       0x18 build/default/debug/_ext/1171490990/exceptions.o
 .debug_ranges  0x00000188       0x60 build/default/debug/_ext/1865521619/plib_port.o
 .debug_ranges  0x000001e8       0x10 build/default/debug/_ext/1984496892/plib_clock.o
 .debug_ranges  0x000001f8       0x50 build/default/debug/_ext/1865468468/plib_nvic.o
 .debug_ranges  0x00000248       0x18 build/default/debug/_ext/1171490990/startup_xc32.o
 .debug_ranges  0x00000260       0x20 C:/Program Files/Microchip/xc32/v5.00/bin/bin/../../lib/gcc/pic32c/13.2.1/../../../../pic32c/lib/thumb/v8-m.base/nofp\libpic32c.a(data_init.o)
 .debug_ranges  0x00000280       0x38 C:/Program Files/Microchip/xc32/v5.00/bin/bin/../../lib/gcc/pic32c/13.2.1/../../../../pic32c/lib/thumb/v8-m.base/nofp\libg-musl.a(__libc_start_main.o)
 .debug_ranges  0x000002b8       0x10 C:/Program Files/Microchip/xc32/v5.00/bin/bin/../../lib/gcc/pic32c/13.2.1/../../../../pic32c/lib/thumb/v8-m.base/nofp\libpic32c.a(pic32_data_init_clear.o)
 .debug_ranges  0x000002c8       0x10 C:/Program Files/Microchip/xc32/v5.00/bin/bin/../../lib/gcc/pic32c/13.2.1/../../../../pic32c/lib/thumb/v8-m.base/nofp\libpic32c.a(pic32_data_init_copy.o)

.debug_line     0x00000000     0x2238
 .debug_line    0x00000000      0x4c1 build/default/debug/_ext/1593096446/plib_nvmctrl.o
 .debug_line    0x000004c1       0x66 build/default/debug/_ext/1986646378/plib_evsys.o
 .debug_line    0x00000527      0x48b build/default/debug/_ext/60181570/plib_tcc0.o
 .debug_line    0x000009b2      0x2ad build/default/debug/_ext/829342769/plib_pm.o
 .debug_line    0x00000c5f       0xa5 build/default/debug/_ext/1360937237/main.o
 .debug_line    0x00000d04      0x271 build/default/debug/_ext/1171490990/initialization.o
 .debug_line    0x00000f75       0xce build/default/debug/_ext/1171490990/interrupts.o
 .debug_line    0x00001043       0x77 build/default/debug/_ext/1171490990/exceptions.o
 .debug_line    0x000010ba      0x2d0 build/default/debug/_ext/1865521619/plib_port.o
 .debug_line    0x0000138a      0x26b build/default/debug/_ext/1984496892/plib_clock.o
 .debug_line    0x000015f5      0x386 build/default/debug/_ext/1865468468/plib_nvic.o
 .debug_line    0x0000197b      0x186 build/default/debug/_ext/1171490990/startup_xc32.o
 .debug_line    0x00001b01      0x165 C:/Program Files/Microchip/xc32/v5.00/bin/bin/../../lib/gcc/pic32c/13.2.1/../../../../pic32c/lib/thumb/v8-m.base/nofp\libpic32c.a(data_init.o)
 .debug_line    0x00001c66      0x1ce C:/Program Files/Microchip/xc32/v5.00/bin/bin/../../lib/gcc/pic32c/13.2.1/../../../../pic32c/lib/thumb/v8-m.base/nofp\libg-musl.a(__libc_start_main.o)
 .debug_line    0x00001e34       0xb5 C:/Program Files/Microchip/xc32/v5.00/bin/bin/../../lib/gcc/pic32c/13.2.1/../../../../pic32c/lib/thumb/v8-m.base/nofp\libg-musl.a(libc.o)
 .debug_line    0x00001ee9       0xfb C:/Program Files/Microchip/xc32/v5.00/bin/bin/../../lib/gcc/pic32c/13.2.1/../../../../pic32c/lib/thumb/v8-m.base/nofp\libg-musl.a(__environ.o)
 .debug_line    0x00001fe4      0x11e C:/Program Files/Microchip/xc32/v5.00/bin/bin/../../lib/gcc/pic32c/13.2.1/../../../../pic32c/lib/thumb/v8-m.base/nofp\libpic32c.a(pic32_data_init_clear.o)
 .debug_line    0x00002102      0x136 C:/Program Files/Microchip/xc32/v5.00/bin/bin/../../lib/gcc/pic32c/13.2.1/../../../../pic32c/lib/thumb/v8-m.base/nofp\libpic32c.a(pic32_data_init_copy.o)

.debug_str      0x00000000     0x2acf
 .debug_str     0x00000000     0x2acf build/default/debug/_ext/1593096446/plib_nvmctrl.o
                                0x6ad (size before relaxing)
 .debug_str     0x00002acf      0x2e0 build/default/debug/_ext/1986646378/plib_evsys.o
 .debug_str     0x00002acf      0x5ab build/default/debug/_ext/60181570/plib_tcc0.o
 .debug_str     0x00002acf      0x3e3 build/default/debug/_ext/829342769/plib_pm.o
 .debug_str     0x00002acf      0x2cb build/default/debug/_ext/1360937237/main.o
 .debug_str     0x00002acf      0x4a9 build/default/debug/_ext/1171490990/initialization.o
 .debug_str     0x00002acf      0x9df build/default/debug/_ext/1171490990/interrupts.o
 .debug_str     0x00002acf      0x2e7 build/default/debug/_ext/1171490990/exceptions.o
 .debug_str     0x00002acf      0xa30 build/default/debug/_ext/1865521619/plib_port.o
 .debug_str     0x00002acf      0x6fc build/default/debug/_ext/1984496892/plib_clock.o
 .debug_str     0x00002acf      0x8c0 build/default/debug/_ext/1865468468/plib_nvic.o
 .debug_str     0x00002acf      0x35e build/default/debug/_ext/1171490990/startup_xc32.o
 .debug_str     0x00002acf      0x2f8 C:/Program Files/Microchip/xc32/v5.00/bin/bin/../../lib/gcc/pic32c/13.2.1/../../../../pic32c/lib/thumb/v8-m.base/nofp\libpic32c.a(data_init.o)
 .debug_str     0x00002acf      0x3e6 C:/Program Files/Microchip/xc32/v5.00/bin/bin/../../lib/gcc/pic32c/13.2.1/../../../../pic32c/lib/thumb/v8-m.base/nofp\libg-musl.a(__libc_start_main.o)
 .debug_str     0x00002acf      0x351 C:/Program Files/Microchip/xc32/v5.00/bin/bin/../../lib/gcc/pic32c/13.2.1/../../../../pic32c/lib/thumb/v8-m.base/nofp\libg-musl.a(libc.o)
 .debug_str     0x00002acf      0x251 C:/Program Files/Microchip/xc32/v5.00/bin/bin/../../lib/gcc/pic32c/13.2.1/../../../../pic32c/lib/thumb/v8-m.base/nofp\libg-musl.a(__environ.o)
 .debug_str     0x00002acf      0x289 C:/Program Files/Microchip/xc32/v5.00/bin/bin/../../lib/gcc/pic32c/13.2.1/../../../../pic32c/lib/thumb/v8-m.base/nofp\libpic32c.a(pic32_data_init_clear.o)
 .debug_str     0x00002acf      0x290 C:/Program Files/Microchip/xc32/v5.00/bin/bin/../../lib/gcc/pic32c/13.2.1/../../../../pic32c/lib/thumb/v8-m.base/nofp\libpic32c.a(pic32_data_init_copy.o)

.debug_frame    0x00000000      0x5d8
 .debug_frame   0x00000000      0x15c build/default/debug/_ext/1593096446/plib_nvmctrl.o
 .debug_frame   0x0000015c       0x20 build/default/debug/_ext/1986646378/plib_evsys.o
 .debug_frame   0x0000017c       0xe8 build/default/debug/_ext/60181570/plib_tcc0.o
 .debug_frame   0x00000264       0x60 build/default/debug/_ext/829342769/plib_pm.o
 .debug_frame   0x000002c4       0x28 build/default/debug/_ext/1360937237/main.o
 .debug_frame   0x000002ec       0x28 build/default/debug/_ext/1171490990/initialization.o
 .debug_frame   0x00000314       0x20 build/default/debug/_ext/1171490990/interrupts.o
 .debug_frame   0x00000334       0x30 build/default/debug/_ext/1171490990/exceptions.o
 .debug_frame   0x00000364       0xd8 build/default/debug/_ext/1865521619/plib_port.o
 .debug_frame   0x0000043c       0x20 build/default/debug/_ext/1984496892/plib_clock.o
 .debug_frame   0x0000045c       0x7c build/default/debug/_ext/1865468468/plib_nvic.o
 .debug_frame   0x000004d8       0x38 build/default/debug/_ext/1171490990/startup_xc32.o
 .debug_frame   0x00000510       0x48 C:/Program Files/Microchip/xc32/v5.00/bin/bin/../../lib/gcc/pic32c/13.2.1/../../../../pic32c/lib/thumb/v8-m.base/nofp\libpic32c.a(data_init.o)
 .debug_frame   0x00000558       0x38 C:/Program Files/Microchip/xc32/v5.00/bin/bin/../../lib/gcc/pic32c/13.2.1/../../../../pic32c/lib/thumb/v8-m.base/nofp\libg-musl.a(__libc_start_main.o)
 .debug_frame   0x00000590       0x20 C:/Program Files/Microchip/xc32/v5.00/bin/bin/../../lib/gcc/pic32c/13.2.1/../../../../pic32c/lib/thumb/v8-m.base/nofp\libpic32c.a(pic32_data_init_clear.o)
 .debug_frame   0x000005b0       0x28 C:/Program Files/Microchip/xc32/v5.00/bin/bin/../../lib/gcc/pic32c/13.2.1/../../../../pic32c/lib/thumb/v8-m.base/nofp\libpic32c.a(pic32_data_init_copy.o)

.note.GNU-stack
                0x00000000        0x0
 .note.GNU-stack
                0x00000000        0x0 C:/Program Files/Microchip/xc32/v5.00/bin/bin/../../lib/gcc/pic32c/13.2.1/../../../../pic32c/lib/thumb/v8-m.base/nofp\libg-musl.a(__libc_start_main.o)
 .note.GNU-stack
                0x00000000        0x0 C:/Program Files/Microchip/xc32/v5.00/bin/bin/../../lib/gcc/pic32c/13.2.1/../../../../pic32c/lib/thumb/v8-m.base/nofp\libg-musl.a(libc.o)
 .note.GNU-stack
                0x00000000        0x0 C:/Program Files/Microchip/xc32/v5.00/bin/bin/../../lib/gcc/pic32c/13.2.1/../../../../pic32c/lib/thumb/v8-m.base/nofp\libg-musl.a(__environ.o)

.vfp11_veneer%z1

.v4_bx%z2

.iplt%z3

.rel.iplt%z4

.igot.plt%z5

.bss%1          0x20000000       0x50
 .bss           0x20000000       0x50 C:/Program Files/Microchip/xc32/v5.00/bin/bin/../../lib/gcc/pic32c/13.2.1/../../../../pic32c/lib/thumb/v8-m.base/nofp\libg-musl.a(libc.o)
                0x20000000                __progname_full
                0x20000000                program_invocation_name
                0x20000004                program_invocation_short_name
                0x20000004                __progname
                0x20000008                __sysinfo
                0x2000000c                __hwcap
                0x20000010                __libc

.bss%2          0x20000050       0x1c
 .bss           0x20000050       0x1c C:/Program Files/Microchip/xc32/v5.00/bin/bin/../../lib/gcc/pic32c/13.2.1/thumb/v8-m.base/nofp/crtbegin.o

.bss%3          0x2000006c        0x4
 .bss           0x2000006c        0x4 C:/Program Files/Microchip/xc32/v5.00/bin/bin/../../lib/gcc/pic32c/13.2.1/../../../../pic32c/lib/thumb/v8-m.base/nofp\libpic32c.a(data_init.o)

.bss%4          0x20000070        0x4
 .bss           0x20000070        0x4 C:/Program Files/Microchip/xc32/v5.00/bin/bin/../../lib/gcc/pic32c/13.2.1/../../../../pic32c/lib/thumb/v8-m.base/nofp\libg-musl.a(__environ.o)
                0x20000070                __environ
                0x20000070                environ
                0x20000070                ___environ
                0x20000070                _environ

.eh_frame%z6    0x00000000        0x0
 .eh_frame      0x00000000        0x0 C:/Program Files/Microchip/xc32/v5.00/bin/bin/../../lib/gcc/pic32c/13.2.1/thumb/v8-m.base/nofp/crtbegin.o

.config_0080C004%5
                0x0080c004        0x4
 .config_0080C004
                0x0080c004        0x4 build/default/debug/_ext/1171490990/initialization.o
                0x0080c004                __config_0080C004

.config_0080C040%6
                0x0080c040        0x4
 .config_0080C040
                0x0080c040        0x4 build/default/debug/_ext/1171490990/initialization.o
                0x0080c040                __config_0080C040

.config_0080C044%7
                0x0080c044        0x4
 .config_0080C044
                0x0080c044        0x4 build/default/debug/_ext/1171490990/initialization.o
                0x0080c044                __config_0080C044

.config_0080C048%8
                0x0080c048        0x4
 .config_0080C048
                0x0080c048        0x4 build/default/debug/_ext/1171490990/initialization.o
                0x0080c048                __config_0080C048

.config_0080C04C%9
                0x0080c04c        0x4
 .config_0080C04C
                0x0080c04c        0x4 build/default/debug/_ext/1171490990/initialization.o
                0x0080c04c                __config_0080C04C

.text.CLOCK_Initialize%10
                0x0000017c       0xc4
 .text.CLOCK_Initialize
                0x0000017c       0xc4 build/default/debug/_ext/1984496892/plib_clock.o
                0x0000017c                CLOCK_Initialize

.text.TCC0_PWMInitialize%11
                0x00000240       0x62
 .text.TCC0_PWMInitialize
                0x00000240       0x62 build/default/debug/_ext/60181570/plib_tcc0.o
                0x00000240                TCC0_PWMInitialize

.text.__libc_start_init%12
                0x000002a4       0x5c
 .text.__libc_start_init
                0x000002a4       0x5c C:/Program Files/Microchip/xc32/v5.00/bin/bin/../../lib/gcc/pic32c/13.2.1/../../../../pic32c/lib/thumb/v8-m.base/nofp\libg-musl.a(__libc_start_main.o)
                0x000002a4                __libc_init_array

.text.Reset_Handler%13
                0x00000300       0x56
 .text.Reset_Handler
                0x00000300       0x56 build/default/debug/_ext/1171490990/startup_xc32.o
                0x00000300                Reset_Handler

.text%14        0x00000358       0x40
 .text          0x00000358       0x40 C:/Program Files/Microchip/xc32/v5.00/bin/bin/../../lib/gcc/pic32c/13.2.1/thumb/v8-m.base/nofp/crtbegin.o

.text.PM_Initialize%15
                0x00000398       0x38
 .text.PM_Initialize
                0x00000398       0x38 build/default/debug/_ext/829342769/plib_pm.o
                0x00000398                PM_Initialize

.text.__pic32c_data_initialization%16
                0x000003d0       0x34
 .text.__pic32c_data_initialization
                0x000003d0       0x34 C:/Program Files/Microchip/xc32/v5.00/bin/bin/../../lib/gcc/pic32c/13.2.1/../../../../pic32c/lib/thumb/v8-m.base/nofp\libpic32c.a(data_init.o)
                0x000003d0                __pic32c_data_initialization

.dinit%17       0x00000404       0x30
 .dinit         0x00000404       0x30 data_init

.text.SYS_Initialize%18
                0x00000434       0x2c
 .text.SYS_Initialize
                0x00000434       0x2c build/default/debug/_ext/1171490990/initialization.o
                0x00000434                SYS_Initialize

.text.TCC0_PWMStart%19
                0x00000460       0x20
 .text.TCC0_PWMStart
                0x00000460       0x20 build/default/debug/_ext/60181570/plib_tcc0.o
                0x00000460                TCC0_PWMStart

.text.__dinit_copy%20
                0x00000480       0x1e
 .text.__dinit_copy
                0x00000480       0x1e C:/Program Files/Microchip/xc32/v5.00/bin/bin/../../lib/gcc/pic32c/13.2.1/../../../../pic32c/lib/thumb/v8-m.base/nofp\libpic32c.a(pic32_data_init_copy.o)
                0x00000480                __dinit_copy_needed
                0x00000480                __dinit_copy

.text.PORT_Initialize%21
                0x0000049e       0x16
 .text.PORT_Initialize
                0x0000049e       0x16 build/default/debug/_ext/1865521619/plib_port.o
                0x0000049e                PORT_Initialize

.rodata%22      0x000004b4       0x14
 .rodata        0x000004b4       0x14 C:/Program Files/Microchip/xc32/v5.00/bin/bin/../../lib/gcc/pic32c/13.2.1/../../../../pic32c/lib/thumb/v8-m.base/nofp\libpic32c.a(data_init.o)

.text.NVMCTRL_Initialize%23
                0x000004c8       0x12
 .text.NVMCTRL_Initialize
                0x000004c8       0x12 build/default/debug/_ext/1593096446/plib_nvmctrl.o
                0x000004c8                NVMCTRL_Initialize

.text.__dinit_clear%24
                0x000004da       0x12
 .text.__dinit_clear
                0x000004da       0x12 C:/Program Files/Microchip/xc32/v5.00/bin/bin/../../lib/gcc/pic32c/13.2.1/../../../../pic32c/lib/thumb/v8-m.base/nofp\libpic32c.a(pic32_data_init_clear.o)
                0x000004da                __dinit_clear
                0x000004da                __dinit_clear_needed

.text.main%25   0x000004ec        0xe
 .text.main     0x000004ec        0xe build/default/debug/_ext/1360937237/main.o
                0x000004ec                main

.text.NVIC_Initialize%26
                0x000004fa        0x8
 .text.NVIC_Initialize
                0x000004fa        0x8 build/default/debug/_ext/1865468468/plib_nvic.o
                0x000004fa                NVIC_Initialize

.text.Dummy_Handler%27
                0x00000502        0x4
 .text.Dummy_Handler
                0x00000502        0x4 build/default/debug/_ext/1171490990/interrupts.o
                0x00000502                SVCall_Handler
                0x00000502                SERCOM0_2_Handler
                0x00000502                EVSYS_0_Handler
                0x00000502                TRNG_Handler
                0x00000502                ADC_RESRDY_Handler
                0x00000502                TC2_Handler
                0x00000502                AC_Handler
                0x00000502                DMAC_OTHER_Handler
                0x00000502                EIC_EXTINT_5_Handler
                0x00000502                SERCOM3_1_Handler
                0x00000502                SysTick_Handler
                0x00000502                SERCOM4_OTHER_Handler
                0x00000502                SERCOM3_2_Handler
                0x00000502                EIC_EXTINT_6_Handler
                0x00000502                PendSV_Handler
                0x00000502                EVSYS_3_Handler
                0x00000502                TCC1_Handler
                0x00000502                EIC_EXTINT_4_Handler
                0x00000502                EIC_EXTINT_7_Handler
                0x00000502                SERCOM0_OTHER_Handler
                0x00000502                TCC0_Handler
                0x00000502                SERCOM0_0_Handler
                0x00000502                RTC_Handler
                0x00000502                SERCOM4_0_Handler
                0x00000502                SERCOM1_OTHER_Handler
                0x00000502                EVSYS_1_Handler
                0x00000502                DMAC_0_Handler
                0x00000502                WDT_Handler
                0x00000502                TRAM_Handler
                0x00000502                EIC_EXTINT_1_Handler
                0x00000502                SERCOM5_0_Handler
                0x00000502                TC1_Handler
                0x00000502                EIC_EXTINT_0_Handler
                0x00000502                DAC_UNDERRUN_Handler
                0x00000502                DAC_EMPTY_Handler
                0x00000502                PAC_Handler
                0x00000502                USB_Handler
                0x00000502                SERCOM4_1_Handler
                0x00000502                Dummy_Handler
                0x00000502                SERCOM5_1_Handler
                0x00000502                DMAC_2_Handler
                0x00000502                SERCOM0_1_Handler
                0x00000502                SERCOM5_OTHER_Handler
                0x00000502                DMAC_1_Handler
                0x00000502                TCC3_Handler
                0x00000502                TCC2_Handler
                0x00000502                EIC_EXTINT_2_Handler
                0x00000502                SERCOM1_1_Handler
                0x00000502                EVSYS_7_Handler
                0x00000502                I2S_Handler
                0x00000502                NVMCTRL_Handler
                0x00000502                SYSTEM_Handler
                0x00000502                SERCOM1_0_Handler
                0x00000502                SERCOM2_1_Handler
                0x00000502                SERCOM1_2_Handler
                0x00000502                SERCOM3_0_Handler
                0x00000502                SERCOM4_2_Handler
                0x00000502                EVSYS_4_Handler
                0x00000502                SERCOM5_2_Handler
                0x00000502                SERCOM2_2_Handler
                0x00000502                EIC_EXTINT_3_Handler
                0x00000502                SERCOM3_OTHER_Handler
                0x00000502                PTC_Handler
                0x00000502                EVSYS_6_Handler
                0x00000502                EVSYS_5_Handler
                0x00000502                EVSYS_2_Handler
                0x00000502                SERCOM2_OTHER_Handler
                0x00000502                FREQM_Handler
                0x00000502                TC0_Handler
                0x00000502                EIC_OTHER_Handler
                0x00000502                ADC_OTHER_Handler
                0x00000502                DMAC_3_Handler
                0x00000502                SERCOM2_0_Handler

.text.NonMaskableInt_Handler%28
                0x00000506        0x4
 .text.NonMaskableInt_Handler
                0x00000506        0x4 build/default/debug/_ext/1171490990/exceptions.o
                0x00000506                NonMaskableInt_Handler

.text.HardFault_Handler%29
                0x0000050a        0x4
 .text.HardFault_Handler
                0x0000050a        0x4 build/default/debug/_ext/1171490990/exceptions.o
                0x0000050a                HardFault_Handler

.text.__dummy_decompress%30
                0x0000050e        0x4
 .text.__dummy_decompress
                0x0000050e        0x4 C:/Program Files/Microchip/xc32/v5.00/bin/bin/../../lib/gcc/pic32c/13.2.1/../../../../pic32c/lib/thumb/v8-m.base/nofp\libpic32c.a(data_init.o)
                0x0000050e                __dinit_decompress
                0x0000050e                __dinit_copy_val_data
                0x0000050e                __dinit_copy_emb

.text.EVSYS_Initialize%31
                0x000002a2        0x2
 .text.EVSYS_Initialize
                0x000002a2        0x2 build/default/debug/_ext/1986646378/plib_evsys.o
                0x000002a2                EVSYS_Initialize

.text.Dummy_App_Func%32
                0x00000356        0x2
 .text.Dummy_App_Func
                0x00000356        0x2 build/default/debug/_ext/1171490990/startup_xc32.o
                0x00000356                _on_reset
                0x00000356                _on_bootstrap
                0x00000356                __xc32_on_reset
                0x00000356                Dummy_App_Func
                0x00000356                __xc32_on_bootstrap

.text.__dummy_init_tls%33
                0x00000512        0x2
 .text.__dummy_init_tls
                0x00000512        0x2 C:/Program Files/Microchip/xc32/v5.00/bin/bin/../../lib/gcc/pic32c/13.2.1/../../../../pic32c/lib/thumb/v8-m.base/nofp\libpic32c.a(data_init.o)
                0x00000512                xc32_init_tls

.text.__dummy%34
                0x00000514        0x2
 .text.__dummy  0x00000514        0x2 C:/Program Files/Microchip/xc32/v5.00/bin/bin/../../lib/gcc/pic32c/13.2.1/../../../../pic32c/lib/thumb/v8-m.base/nofp\libg-musl.a(__libc_start_main.o)
                0x00000514                __init_stdio
                0x00000514                __init_host
