Archive member included to satisfy reference by file (symbol)

C:/Program Files/Microchip/xc32/v5.00/bin/bin/../../lib/gcc/pic32c/13.2.1/../../../../pic32c/lib/thumb/v8-m.base/nofp\libpic32c.a(data_init.o)
                              build/default/debug/_ext/1171490990/startup_xc32.o (__pic32c_data_initialization)
C:/Program Files/Microchip/xc32/v5.00/bin/bin/../../lib/gcc/pic32c/13.2.1/../../../../pic32c/lib/thumb/v8-m.base/nofp\libc-size-musl.a(memcpy.o)
                              build/default/debug/_ext/1593096446/plib_nvmctrl.o (memcpy)
C:/Program Files/Microchip/xc32/v5.00/bin/bin/../../lib/gcc/pic32c/13.2.1/../../../../pic32c/lib/thumb/v8-m.base/nofp\libg-musl.a(__libc_start_main.o)
                              build/default/debug/_ext/1171490990/startup_xc32.o (__libc_init_array)
C:/Program Files/Microchip/xc32/v5.00/bin/bin/../../lib/gcc/pic32c/13.2.1/../../../../pic32c/lib/thumb/v8-m.base/nofp\libg-musl.a(libc.o)
                              C:/Program Files/Microchip/xc32/v5.00/bin/bin/../../lib/gcc/pic32c/13.2.1/../../../../pic32c/lib/thumb/v8-m.base/nofp\libg-musl.a(__libc_start_main.o) (__progname_full)
C:/Program Files/Microchip/xc32/v5.00/bin/bin/../../lib/gcc/pic32c/13.2.1/../../../../pic32c/lib/thumb/v8-m.base/nofp\libg-musl.a(__environ.o)
                              C:/Program Files/Microchip/xc32/v5.00/bin/bin/../../lib/gcc/pic32c/13.2.1/../../../../pic32c/lib/thumb/v8-m.base/nofp\libg-musl.a(__libc_start_main.o) (__environ)
C:/Program Files/Microchip/xc32/v5.00/bin/bin/../../lib/gcc/pic32c/13.2.1/../../../../pic32c/lib/thumb/v8-m.base/nofp\libpic32c.a(pic32_data_init_clear.o)
                              (__dinit_clear_needed)
C:/Program Files/Microchip/xc32/v5.00/bin/bin/../../lib/gcc/pic32c/13.2.1/../../../../pic32c/lib/thumb/v8-m.base/nofp\libpic32c.a(pic32_data_init_copy.o)
                              (__dinit_copy_needed)

Microchip PIC32 Memory-Usage Report

ROM Program-Memory Usage
section                    address  length [bytes]      (dec)  Description
-------                 ----------  -------------------------  -----------
.vectors                         0          0x15c         348   
.text                        0x15c           0x20          32  App's exec code 
.text.CLOCK_Initialize       0x17c          0x13c         316   
.text.main                   0x2b8          0x122         290   
.text.Dummy_App_Func         0x3da            0x2           2   
.dinit                       0x3dc           0xc0         192   
.text.ADC_Initialize         0x49c           0x6a         106   
.text.TCC0_PWMInitializ      0x506           0x64         100   
.text.__dummy_init_tls       0x56a            0x2           2   
.text.__libc_start_init      0x56c           0x5c          92   
.text.TC0_TimerInitiali      0x5c8           0x5a          90   
.text.Reset_Handler          0x622           0x56          86   
.text                        0x678           0x40          64  App's exec code 
.text.TC0_TimerInterrup      0x6b8           0x3c          60   
.text.PM_Initialize          0x6f4           0x38          56   
.text.SYS_Initialize         0x72c           0x34          52   
.text.__pic32c_data_ini      0x760           0x34          52   
.text.PORT_Initialize        0x794           0x2a          42   
.text.NVIC_Initialize        0x7be           0x28          40   
.text.ADC_ConversionSta      0x7e6           0x22          34   
.text.ADC_Enable             0x808           0x20          32   
.text.TC0_TimerStart         0x828           0x20          32   
.text.TCC0_PWMStart          0x848           0x20          32   
.text.EVSYS_Initialize       0x868           0x1e          30   
.text.__dinit_copy           0x886           0x1e          30   
.rodata                      0x8a4           0x14          20  Read-only const 
.text.NVMCTRL_Initializ      0x8b8           0x12          18   
.text.__dinit_clear          0x8ca           0x12          18   
.text.ADC_ConversionRes      0x8dc            0xe          14   
.text.Dummy_Handler          0x8ea            0x4           4   
.text.NonMaskableInt_Ha      0x8ee            0x4           4   
.text.HardFault_Handler      0x8f2            0x4           4   
.text.__dummy_decompres      0x8f6            0x4           4   
.text.__dummy                0x8fa            0x2           2   
      Total ROM used  :       0x8fc        2300  0.4% of 0x80000
        --------------------------------------------------------------------------
         Total Program Memory used  :       0x8fc        2300  0.4% of 0x80000
        --------------------------------------------------------------------------


RAM Data-Memory Usage
section                    address  length [bytes]      (dec)  Description
-------                 ----------  -------------------------  -----------
.bss                    0x20000000           0x50          80  Uninitialized data 
.bss.result_cos         0x20000050           0x28          40   
.bss.result_sin         0x20000078           0x28          40   
.bss                    0x200000a0           0x1c          28  Uninitialized data 
.bss.adc_shifted        0x200000bc           0x14          20   
.bss.adc_count_arr      0x200000d0           0x14          20   
.bss.TC0_CallbackObject 0x200000e4            0x8           8   
.bss                    0x200000ec            0x4           4  Uninitialized data 
.bss                    0x200000f0            0x4           4  Uninitialized data 
.bss.adc_count          0x200000f4            0x2           2   
.bss.prev.0             0x200000f6            0x1           1   
.bss.adc_Index          0x200000f7            0x1           1   
.data.cosine_LUT        0x200000f8           0x14          20   
.data.sine_LUT          0x2000010c           0x14          20   
         Total RAM used  :       0x120         288  0.4% of 0x10000
        --------------------------------------------------------------------------
            Total Data Memory used  :       0x120         288  0.4% of 0x10000
        --------------------------------------------------------------------------


Dynamic Data-Memory Reservation
section                    address  length [bytes]      (dec)  Description
-------                 ----------  -------------------------  -----------
heap                    0x20000128          0x200         512  Reserved for heap 
stack                   0x20000340         0xfcb8       64696  Reserved for stack 

        --------------------------------------------------------------------------

Microchip PIC32 Memory-Usage Report By Module

        text        data         bss         dec         hex    basename                   filename
--------------------------------------------------------------------------------
         290          40         124         454         1c6    main.o                 build/default/debug/_ext/1360937237/main.o
         352           0           0         352         160    interrupts.o           build/default/debug/_ext/1171490990/interrupts.o
         316           0           0         316         13c    plib_clock.o           build/default/debug/_ext/1984496892/plib_clock.o
         192           0           0         192          c0    data_init              data_init
         182           0           8         190          be    plib_tc0.o             build/default/debug/_ext/829342655/plib_tc0.o
         186           0           0         186          ba    plib_adc.o             build/default/debug/_ext/60163342/plib_adc.o
         132           0           0         132          84    plib_tcc0.o            build/default/debug/_ext/60181570/plib_tcc0.o
          64           8          28         100          64    crtbegin.o             C:/Program Files/Microchip/xc32/v5.00/bin/bin/../../lib/gcc/pic32c/13.2.1/thumb/v8-m.base/nofp/crtbegin.o
          94           0           0          94          5e    __libc_start_main.o    libg-musl.a
          88           0           0          88          58    startup_xc32.o         build/default/debug/_ext/1171490990/startup_xc32.o
          78           0           4          82          52    data_init.o            libpic32c.a
          80           0           0          80          50    initialization.o       build/default/debug/_ext/1171490990/initialization.o
           0           0          80          80          50    libc.o                 libg-musl.a
          56           0           0          56          38    plib_pm.o              build/default/debug/_ext/829342769/plib_pm.o
          42           0           0          42          2a    plib_port.o            build/default/debug/_ext/1865521619/plib_port.o
          40           0           0          40          28    plib_nvic.o            build/default/debug/_ext/1865468468/plib_nvic.o
          30           0           0          30          1e    plib_evsys.o           build/default/debug/_ext/1986646378/plib_evsys.o
          30           0           0          30          1e    pic32_data_init_copy.o libpic32c.a
          18           0           0          18          12    plib_nvmctrl.o         build/default/debug/_ext/1593096446/plib_nvmctrl.o
          18           0           0          18          12    pic32_data_init_clear.olibpic32c.a
          16           0           0          16          10    crtn.o                 C:/Program Files/Microchip/xc32/v5.00/bin/bin/../../lib/gcc/pic32c/13.2.1/thumb/v8-m.base/nofp/crtn.o
           8           0           0           8           8    crti.o                 C:/Program Files/Microchip/xc32/v5.00/bin/bin/../../lib/gcc/pic32c/13.2.1/thumb/v8-m.base/nofp/crti.o
           8           0           0           8           8    exceptions.o           build/default/debug/_ext/1171490990/exceptions.o
           0           0           4           4           4    __environ.o            libg-musl.a
--------------------------------------------------------------------------------
        2320          48         248        2616         a38    dist/default/debug/PWM_EVSYS_Sine.X.debug.elf


Discarded input sections

 .text          0x00000000        0x0 C:/Program Files/Microchip/xc32/v5.00/bin/bin/../../lib/gcc/pic32c/13.2.1/thumb/v8-m.base/nofp/crti.o
 .data          0x00000000        0x0 C:/Program Files/Microchip/xc32/v5.00/bin/bin/../../lib/gcc/pic32c/13.2.1/thumb/v8-m.base/nofp/crti.o
 .bss           0x00000000        0x0 C:/Program Files/Microchip/xc32/v5.00/bin/bin/../../lib/gcc/pic32c/13.2.1/thumb/v8-m.base/nofp/crti.o
 .xc_stack_usage.hdr
                0x00000000        0xe C:/Program Files/Microchip/xc32/v5.00/bin/bin/../../lib/gcc/pic32c/13.2.1/thumb/v8-m.base/nofp/crti.o
 .xc_stack_usage
                0x00000000       0x26 C:/Program Files/Microchip/xc32/v5.00/bin/bin/../../lib/gcc/pic32c/13.2.1/thumb/v8-m.base/nofp/crti.o
 .data          0x00000000        0x4 C:/Program Files/Microchip/xc32/v5.00/bin/bin/../../lib/gcc/pic32c/13.2.1/thumb/v8-m.base/nofp/crtbegin.o
 .rodata        0x00000000       0x24 C:/Program Files/Microchip/xc32/v5.00/bin/bin/../../lib/gcc/pic32c/13.2.1/thumb/v8-m.base/nofp/crtbegin.o
 .xc_stack_usage
                0x00000000       0x3c C:/Program Files/Microchip/xc32/v5.00/bin/bin/../../lib/gcc/pic32c/13.2.1/thumb/v8-m.base/nofp/crtbegin.o
 .xc_stack_usage.hdr
                0x00000000        0xe C:/Program Files/Microchip/xc32/v5.00/bin/bin/../../lib/gcc/pic32c/13.2.1/thumb/v8-m.base/nofp/crtbegin.o
 .text          0x00000000        0x0 build/default/debug/_ext/60163342/plib_adc.o
 .data          0x00000000        0x0 build/default/debug/_ext/60163342/plib_adc.o
 .bss           0x00000000        0x0 build/default/debug/_ext/60163342/plib_adc.o
 .text.ADC_Disable
                0x00000000       0x20 build/default/debug/_ext/60163342/plib_adc.o
 .text.ADC_ChannelSelect
                0x00000000       0x1e build/default/debug/_ext/60163342/plib_adc.o
 .text.ADC_ConversionStart
                0x00000000       0x22 build/default/debug/_ext/60163342/plib_adc.o
 .text.ADC_ConversionSequenceIsFinished
                0x00000000       0x12 build/default/debug/_ext/60163342/plib_adc.o
 .text.ADC_ComparisonWindowSet
                0x00000000       0x2e build/default/debug/_ext/60163342/plib_adc.o
 .text.ADC_WindowModeSet
                0x00000000       0x2c build/default/debug/_ext/60163342/plib_adc.o
 .text.ADC_InterruptsClear
                0x00000000        0xe build/default/debug/_ext/60163342/plib_adc.o
 .text.ADC_InterruptsEnable
                0x00000000        0xe build/default/debug/_ext/60163342/plib_adc.o
 .text.ADC_InterruptsDisable
                0x00000000        0xe build/default/debug/_ext/60163342/plib_adc.o
 .text          0x00000000        0x0 build/default/debug/_ext/1984496892/plib_clock.o
 .data          0x00000000        0x0 build/default/debug/_ext/1984496892/plib_clock.o
 .bss           0x00000000        0x0 build/default/debug/_ext/1984496892/plib_clock.o
 .text          0x00000000        0x0 build/default/debug/_ext/1986646378/plib_evsys.o
 .data          0x00000000        0x0 build/default/debug/_ext/1986646378/plib_evsys.o
 .bss           0x00000000        0x0 build/default/debug/_ext/1986646378/plib_evsys.o
 .text.EVSYS_GeneratorEnable
                0x00000000       0x18 build/default/debug/_ext/1986646378/plib_evsys.o
 .text.EVSYS_GeneratorDisable
                0x00000000       0x14 build/default/debug/_ext/1986646378/plib_evsys.o
 .text.EVSYS_UserEnable
                0x00000000       0x14 build/default/debug/_ext/1986646378/plib_evsys.o
 .text.EVSYS_UserDisable
                0x00000000       0x10 build/default/debug/_ext/1986646378/plib_evsys.o
 .text          0x00000000        0x0 build/default/debug/_ext/1865468468/plib_nvic.o
 .data          0x00000000        0x0 build/default/debug/_ext/1865468468/plib_nvic.o
 .bss           0x00000000        0x0 build/default/debug/_ext/1865468468/plib_nvic.o
 .text.NVIC_INT_Enable
                0x00000000        0x8 build/default/debug/_ext/1865468468/plib_nvic.o
 .text.NVIC_INT_Disable
                0x00000000       0x12 build/default/debug/_ext/1865468468/plib_nvic.o
 .text.NVIC_INT_Restore
                0x00000000       0x12 build/default/debug/_ext/1865468468/plib_nvic.o
 .text.NVIC_INT_SourceDisable
                0x00000000       0x40 build/default/debug/_ext/1865468468/plib_nvic.o
 .text.NVIC_INT_SourceRestore
                0x00000000       0x20 build/default/debug/_ext/1865468468/plib_nvic.o
 .text          0x00000000        0x0 build/default/debug/_ext/1593096446/plib_nvmctrl.o
 .data          0x00000000        0x0 build/default/debug/_ext/1593096446/plib_nvmctrl.o
 .bss           0x00000000        0x0 build/default/debug/_ext/1593096446/plib_nvmctrl.o
 .text.NVMCTRL_CacheInvalidate
                0x00000000       0x14 build/default/debug/_ext/1593096446/plib_nvmctrl.o
 .text.NVMCTRL_Read
                0x00000000       0x10 build/default/debug/_ext/1593096446/plib_nvmctrl.o
 .text.NVMCTRL_PageWrite
                0x00000000       0x4c build/default/debug/_ext/1593096446/plib_nvmctrl.o
 .text.NVMCTRL_RowErase
                0x00000000       0x38 build/default/debug/_ext/1593096446/plib_nvmctrl.o
 .text.NVMCTRL_PageBufferWrite
                0x00000000       0x42 build/default/debug/_ext/1593096446/plib_nvmctrl.o
 .text.NVMCTRL_PageBufferCommit
                0x00000000       0x1c build/default/debug/_ext/1593096446/plib_nvmctrl.o
 .text.NVMCTRL_USER_ROW_PageWrite
                0x00000000       0x1e build/default/debug/_ext/1593096446/plib_nvmctrl.o
 .text.NVMCTRL_USER_ROW_RowErase
                0x00000000       0x22 build/default/debug/_ext/1593096446/plib_nvmctrl.o
 .text.NVMCTRL_BOCOR_ROW_PageWrite
                0x00000000       0x1e build/default/debug/_ext/1593096446/plib_nvmctrl.o
 .text.NVMCTRL_BOCOR_ROW_RowErase
                0x00000000       0x22 build/default/debug/_ext/1593096446/plib_nvmctrl.o
 .text.NVMCTRL_ErrorGet
                0x00000000       0x28 build/default/debug/_ext/1593096446/plib_nvmctrl.o
 .text.NVMCTRL_IsBusy
                0x00000000       0x16 build/default/debug/_ext/1593096446/plib_nvmctrl.o
 .text.NVMCTRL_RegionLock
                0x00000000       0x16 build/default/debug/_ext/1593096446/plib_nvmctrl.o
 .text.NVMCTRL_RegionUnlock
                0x00000000       0x16 build/default/debug/_ext/1593096446/plib_nvmctrl.o
 .text.NVMCTRL_SecureRegionLock
                0x00000000       0x16 build/default/debug/_ext/1593096446/plib_nvmctrl.o
 .text.NVMCTRL_SecureRegionUnlock
                0x00000000       0x16 build/default/debug/_ext/1593096446/plib_nvmctrl.o
 .text          0x00000000        0x0 build/default/debug/_ext/829342769/plib_pm.o
 .data          0x00000000        0x0 build/default/debug/_ext/829342769/plib_pm.o
 .bss           0x00000000        0x0 build/default/debug/_ext/829342769/plib_pm.o
 .text.PM_IdleModeEnter
                0x00000000       0x1e build/default/debug/_ext/829342769/plib_pm.o
 .text.PM_StandbyModeEnter
                0x00000000       0x1e build/default/debug/_ext/829342769/plib_pm.o
 .text.PM_OffModeEnter
                0x00000000       0x20 build/default/debug/_ext/829342769/plib_pm.o
 .text.PM_ConfigurePerformanceLevel
                0x00000000       0x50 build/default/debug/_ext/829342769/plib_pm.o
 .text          0x00000000        0x0 build/default/debug/_ext/1865521619/plib_port.o
 .data          0x00000000        0x0 build/default/debug/_ext/1865521619/plib_port.o
 .bss           0x00000000        0x0 build/default/debug/_ext/1865521619/plib_port.o
 .text.PORT_GroupRead
                0x00000000        0x4 build/default/debug/_ext/1865521619/plib_port.o
 .text.PORT_GroupWrite
                0x00000000        0xc build/default/debug/_ext/1865521619/plib_port.o
 .text.PORT_GroupLatchRead
                0x00000000        0x4 build/default/debug/_ext/1865521619/plib_port.o
 .text.PORT_GroupSet
                0x00000000        0x4 build/default/debug/_ext/1865521619/plib_port.o
 .text.PORT_GroupClear
                0x00000000        0x4 build/default/debug/_ext/1865521619/plib_port.o
 .text.PORT_GroupToggle
                0x00000000        0x4 build/default/debug/_ext/1865521619/plib_port.o
 .text.PORT_GroupInputEnable
                0x00000000       0x2a build/default/debug/_ext/1865521619/plib_port.o
 .text.PORT_GroupOutputEnable
                0x00000000        0x4 build/default/debug/_ext/1865521619/plib_port.o
 .text.PORT_PinPeripheralFunctionConfig
                0x00000000       0x4a build/default/debug/_ext/1865521619/plib_port.o
 .text.PORT_PinGPIOConfig
                0x00000000       0x20 build/default/debug/_ext/1865521619/plib_port.o
 .text          0x00000000        0x0 build/default/debug/_ext/829342655/plib_tc0.o
 .data          0x00000000        0x0 build/default/debug/_ext/829342655/plib_tc0.o
 .bss           0x00000000        0x0 build/default/debug/_ext/829342655/plib_tc0.o
 .text.TC0_TimerStop
                0x00000000       0x20 build/default/debug/_ext/829342655/plib_tc0.o
 .text.TC0_TimerFrequencyGet
                0x00000000        0xa build/default/debug/_ext/829342655/plib_tc0.o
 .text.TC0_TimerCommandSet
                0x00000000       0x1e build/default/debug/_ext/829342655/plib_tc0.o
 .text.TC0_Timer16bitCounterGet
                0x00000000       0x3e build/default/debug/_ext/829342655/plib_tc0.o
 .text.TC0_Timer16bitCounterSet
                0x00000000       0x1c build/default/debug/_ext/829342655/plib_tc0.o
 .text.TC0_Timer16bitPeriodSet
                0x00000000       0x1c build/default/debug/_ext/829342655/plib_tc0.o
 .text.TC0_Timer16bitPeriodGet
                0x00000000        0xe build/default/debug/_ext/829342655/plib_tc0.o
 .text.TC0_TimerCallbackRegister
                0x00000000        0xe build/default/debug/_ext/829342655/plib_tc0.o
 .text          0x00000000        0x0 build/default/debug/_ext/60181570/plib_tcc0.o
 .data          0x00000000        0x0 build/default/debug/_ext/60181570/plib_tcc0.o
 .bss           0x00000000        0x0 build/default/debug/_ext/60181570/plib_tcc0.o
 .text.TCC0_PWMStop
                0x00000000       0x20 build/default/debug/_ext/60181570/plib_tcc0.o
 .text.TCC0_PWM24bitPeriodSet
                0x00000000       0x24 build/default/debug/_ext/60181570/plib_tcc0.o
 .text.TCC0_PWM24bitPeriodGet
                0x00000000       0x20 build/default/debug/_ext/60181570/plib_tcc0.o
 .text.TCC0_PWMDeadTimeSet
                0x00000000       0x22 build/default/debug/_ext/60181570/plib_tcc0.o
 .text.TCC0_PWMPatternSet
                0x00000000       0x26 build/default/debug/_ext/60181570/plib_tcc0.o
 .text.TCC0_PWM24bitCounterGet
                0x00000000       0x3c build/default/debug/_ext/60181570/plib_tcc0.o
 .text.TCC0_PWM24bitCounterSet
                0x00000000       0x20 build/default/debug/_ext/60181570/plib_tcc0.o
 .text.TCC0_PWMForceUpdate
                0x00000000       0x22 build/default/debug/_ext/60181570/plib_tcc0.o
 .text.TCC0_PWMPeriodInterruptEnable
                0x00000000        0xe build/default/debug/_ext/60181570/plib_tcc0.o
 .text.TCC0_PWMPeriodInterruptDisable
                0x00000000        0xe build/default/debug/_ext/60181570/plib_tcc0.o
 .text.TCC0_PWMInterruptStatusGet
                0x00000000       0x10 build/default/debug/_ext/60181570/plib_tcc0.o
 .text          0x00000000        0x0 build/default/debug/_ext/163028504/xc32_monitor.o
 .data          0x00000000        0x0 build/default/debug/_ext/163028504/xc32_monitor.o
 .bss           0x00000000        0x0 build/default/debug/_ext/163028504/xc32_monitor.o
 .text.read     0x00000000        0x6 build/default/debug/_ext/163028504/xc32_monitor.o
 .text.write    0x00000000        0x6 build/default/debug/_ext/163028504/xc32_monitor.o
 .debug_info    0x00000000       0xf5 build/default/debug/_ext/163028504/xc32_monitor.o
 .debug_abbrev  0x00000000       0xb2 build/default/debug/_ext/163028504/xc32_monitor.o
 .debug_loc     0x00000000       0x56 build/default/debug/_ext/163028504/xc32_monitor.o
 .debug_aranges
                0x00000000       0x28 build/default/debug/_ext/163028504/xc32_monitor.o
 .debug_ranges  0x00000000       0x18 build/default/debug/_ext/163028504/xc32_monitor.o
 .debug_line    0x00000000       0xd9 build/default/debug/_ext/163028504/xc32_monitor.o
 .debug_str     0x00000000      0x297 build/default/debug/_ext/163028504/xc32_monitor.o
 .comment       0x00000000       0x36 build/default/debug/_ext/163028504/xc32_monitor.o
 .debug_frame   0x00000000       0x30 build/default/debug/_ext/163028504/xc32_monitor.o
 .ARM.attributes
                0x00000000       0x30 build/default/debug/_ext/163028504/xc32_monitor.o
 .text          0x00000000        0x0 build/default/debug/_ext/1171490990/initialization.o
 .data          0x00000000        0x0 build/default/debug/_ext/1171490990/initialization.o
 .bss           0x00000000        0x0 build/default/debug/_ext/1171490990/initialization.o
 .text          0x00000000        0x0 build/default/debug/_ext/1171490990/interrupts.o
 .data          0x00000000        0x0 build/default/debug/_ext/1171490990/interrupts.o
 .bss           0x00000000        0x0 build/default/debug/_ext/1171490990/interrupts.o
 .text          0x00000000        0x0 build/default/debug/_ext/1171490990/exceptions.o
 .data          0x00000000        0x0 build/default/debug/_ext/1171490990/exceptions.o
 .bss           0x00000000        0x0 build/default/debug/_ext/1171490990/exceptions.o
 .text          0x00000000        0x0 build/default/debug/_ext/1171490990/startup_xc32.o
 .data          0x00000000        0x0 build/default/debug/_ext/1171490990/startup_xc32.o
 .bss           0x00000000        0x0 build/default/debug/_ext/1171490990/startup_xc32.o
 .text          0x00000000        0x0 build/default/debug/_ext/1171490990/libc_syscalls.o
 .data          0x00000000        0x0 build/default/debug/_ext/1171490990/libc_syscalls.o
 .bss           0x00000000        0x0 build/default/debug/_ext/1171490990/libc_syscalls.o
 .text._exit    0x00000000        0x4 build/default/debug/_ext/1171490990/libc_syscalls.o
 .debug_info    0x00000000       0xa4 build/default/debug/_ext/1171490990/libc_syscalls.o
 .debug_abbrev  0x00000000       0x5a build/default/debug/_ext/1171490990/libc_syscalls.o
 .debug_aranges
                0x00000000       0x20 build/default/debug/_ext/1171490990/libc_syscalls.o
 .debug_ranges  0x00000000       0x10 build/default/debug/_ext/1171490990/libc_syscalls.o
 .debug_line    0x00000000       0x5f build/default/debug/_ext/1171490990/libc_syscalls.o
 .debug_str     0x00000000      0x2cb build/default/debug/_ext/1171490990/libc_syscalls.o
 .comment       0x00000000       0x36 build/default/debug/_ext/1171490990/libc_syscalls.o
 .debug_frame   0x00000000       0x20 build/default/debug/_ext/1171490990/libc_syscalls.o
 .ARM.attributes
                0x00000000       0x30 build/default/debug/_ext/1171490990/libc_syscalls.o
 .text          0x00000000        0x0 build/default/debug/_ext/1360937237/main.o
 .data          0x00000000        0x0 build/default/debug/_ext/1360937237/main.o
 .bss           0x00000000        0x0 build/default/debug/_ext/1360937237/main.o
 .bss.input_voltage
                0x00000000        0x4 build/default/debug/_ext/1360937237/main.o
 .text          0x00000000        0x0 C:/Program Files/Microchip/xc32/v5.00/bin/bin/../../lib/gcc/pic32c/13.2.1/../../../../pic32c/lib/thumb/v8-m.base/nofp\libpic32c.a(data_init.o)
 .data          0x00000000        0x0 C:/Program Files/Microchip/xc32/v5.00/bin/bin/../../lib/gcc/pic32c/13.2.1/../../../../pic32c/lib/thumb/v8-m.base/nofp\libpic32c.a(data_init.o)
 .xc_stack_usage
                0x00000000       0x68 C:/Program Files/Microchip/xc32/v5.00/bin/bin/../../lib/gcc/pic32c/13.2.1/../../../../pic32c/lib/thumb/v8-m.base/nofp\libpic32c.a(data_init.o)
 .xc_stack_usage.hdr
                0x00000000        0xe C:/Program Files/Microchip/xc32/v5.00/bin/bin/../../lib/gcc/pic32c/13.2.1/../../../../pic32c/lib/thumb/v8-m.base/nofp\libpic32c.a(data_init.o)
 .text          0x00000000        0x0 C:/Program Files/Microchip/xc32/v5.00/bin/bin/../../lib/gcc/pic32c/13.2.1/../../../../pic32c/lib/thumb/v8-m.base/nofp\libc-size-musl.a(memcpy.o)
 .data          0x00000000        0x0 C:/Program Files/Microchip/xc32/v5.00/bin/bin/../../lib/gcc/pic32c/13.2.1/../../../../pic32c/lib/thumb/v8-m.base/nofp\libc-size-musl.a(memcpy.o)
 .bss           0x00000000        0x0 C:/Program Files/Microchip/xc32/v5.00/bin/bin/../../lib/gcc/pic32c/13.2.1/../../../../pic32c/lib/thumb/v8-m.base/nofp\libc-size-musl.a(memcpy.o)
 .xc_stack_usage
                0x00000000       0x14 C:/Program Files/Microchip/xc32/v5.00/bin/bin/../../lib/gcc/pic32c/13.2.1/../../../../pic32c/lib/thumb/v8-m.base/nofp\libc-size-musl.a(memcpy.o)
 .text.memcpy   0x00000000       0x14 C:/Program Files/Microchip/xc32/v5.00/bin/bin/../../lib/gcc/pic32c/13.2.1/../../../../pic32c/lib/thumb/v8-m.base/nofp\libc-size-musl.a(memcpy.o)
 .xc_stack_usage.hdr
                0x00000000        0xe C:/Program Files/Microchip/xc32/v5.00/bin/bin/../../lib/gcc/pic32c/13.2.1/../../../../pic32c/lib/thumb/v8-m.base/nofp\libc-size-musl.a(memcpy.o)
 .debug_info    0x00000000       0xed C:/Program Files/Microchip/xc32/v5.00/bin/bin/../../lib/gcc/pic32c/13.2.1/../../../../pic32c/lib/thumb/v8-m.base/nofp\libc-size-musl.a(memcpy.o)
 .debug_abbrev  0x00000000       0xbb C:/Program Files/Microchip/xc32/v5.00/bin/bin/../../lib/gcc/pic32c/13.2.1/../../../../pic32c/lib/thumb/v8-m.base/nofp\libc-size-musl.a(memcpy.o)
 .debug_loc     0x00000000      0x12d C:/Program Files/Microchip/xc32/v5.00/bin/bin/../../lib/gcc/pic32c/13.2.1/../../../../pic32c/lib/thumb/v8-m.base/nofp\libc-size-musl.a(memcpy.o)
 .debug_aranges
                0x00000000       0x20 C:/Program Files/Microchip/xc32/v5.00/bin/bin/../../lib/gcc/pic32c/13.2.1/../../../../pic32c/lib/thumb/v8-m.base/nofp\libc-size-musl.a(memcpy.o)
 .debug_ranges  0x00000000       0x10 C:/Program Files/Microchip/xc32/v5.00/bin/bin/../../lib/gcc/pic32c/13.2.1/../../../../pic32c/lib/thumb/v8-m.base/nofp\libc-size-musl.a(memcpy.o)
 .debug_line    0x00000000      0x16c C:/Program Files/Microchip/xc32/v5.00/bin/bin/../../lib/gcc/pic32c/13.2.1/../../../../pic32c/lib/thumb/v8-m.base/nofp\libc-size-musl.a(memcpy.o)
 .debug_str     0x00000000      0x241 C:/Program Files/Microchip/xc32/v5.00/bin/bin/../../lib/gcc/pic32c/13.2.1/../../../../pic32c/lib/thumb/v8-m.base/nofp\libc-size-musl.a(memcpy.o)
 .comment       0x00000000       0x36 C:/Program Files/Microchip/xc32/v5.00/bin/bin/../../lib/gcc/pic32c/13.2.1/../../../../pic32c/lib/thumb/v8-m.base/nofp\libc-size-musl.a(memcpy.o)
 .note.GNU-stack
                0x00000000        0x0 C:/Program Files/Microchip/xc32/v5.00/bin/bin/../../lib/gcc/pic32c/13.2.1/../../../../pic32c/lib/thumb/v8-m.base/nofp\libc-size-musl.a(memcpy.o)
 .debug_frame   0x00000000       0x28 C:/Program Files/Microchip/xc32/v5.00/bin/bin/../../lib/gcc/pic32c/13.2.1/../../../../pic32c/lib/thumb/v8-m.base/nofp\libc-size-musl.a(memcpy.o)
 .ARM.attributes
                0x00000000       0x32 C:/Program Files/Microchip/xc32/v5.00/bin/bin/../../lib/gcc/pic32c/13.2.1/../../../../pic32c/lib/thumb/v8-m.base/nofp\libc-size-musl.a(memcpy.o)
 .text          0x00000000        0x0 C:/Program Files/Microchip/xc32/v5.00/bin/bin/../../lib/gcc/pic32c/13.2.1/../../../../pic32c/lib/thumb/v8-m.base/nofp\libg-musl.a(__libc_start_main.o)
 .data          0x00000000        0x0 C:/Program Files/Microchip/xc32/v5.00/bin/bin/../../lib/gcc/pic32c/13.2.1/../../../../pic32c/lib/thumb/v8-m.base/nofp\libg-musl.a(__libc_start_main.o)
 .bss           0x00000000        0x0 C:/Program Files/Microchip/xc32/v5.00/bin/bin/../../lib/gcc/pic32c/13.2.1/../../../../pic32c/lib/thumb/v8-m.base/nofp\libg-musl.a(__libc_start_main.o)
 .xc_stack_usage
                0x00000000       0x34 C:/Program Files/Microchip/xc32/v5.00/bin/bin/../../lib/gcc/pic32c/13.2.1/../../../../pic32c/lib/thumb/v8-m.base/nofp\libg-musl.a(__libc_start_main.o)
 .xc_stack_usage.hdr
                0x00000000        0xe C:/Program Files/Microchip/xc32/v5.00/bin/bin/../../lib/gcc/pic32c/13.2.1/../../../../pic32c/lib/thumb/v8-m.base/nofp\libg-musl.a(__libc_start_main.o)
 .text          0x00000000        0x0 C:/Program Files/Microchip/xc32/v5.00/bin/bin/../../lib/gcc/pic32c/13.2.1/../../../../pic32c/lib/thumb/v8-m.base/nofp\libg-musl.a(libc.o)
 .data          0x00000000        0x0 C:/Program Files/Microchip/xc32/v5.00/bin/bin/../../lib/gcc/pic32c/13.2.1/../../../../pic32c/lib/thumb/v8-m.base/nofp\libg-musl.a(libc.o)
 .xc_stack_usage.hdr
                0x00000000        0xe C:/Program Files/Microchip/xc32/v5.00/bin/bin/../../lib/gcc/pic32c/13.2.1/../../../../pic32c/lib/thumb/v8-m.base/nofp\libg-musl.a(libc.o)
 .text          0x00000000        0x0 C:/Program Files/Microchip/xc32/v5.00/bin/bin/../../lib/gcc/pic32c/13.2.1/../../../../pic32c/lib/thumb/v8-m.base/nofp\libg-musl.a(__environ.o)
 .data          0x00000000        0x0 C:/Program Files/Microchip/xc32/v5.00/bin/bin/../../lib/gcc/pic32c/13.2.1/../../../../pic32c/lib/thumb/v8-m.base/nofp\libg-musl.a(__environ.o)
 .xc_stack_usage.hdr
                0x00000000        0xe C:/Program Files/Microchip/xc32/v5.00/bin/bin/../../lib/gcc/pic32c/13.2.1/../../../../pic32c/lib/thumb/v8-m.base/nofp\libg-musl.a(__environ.o)
 .text          0x00000000        0x0 C:/Program Files/Microchip/xc32/v5.00/bin/bin/../../lib/gcc/pic32c/13.2.1/thumb/v8-m.base/nofp/crtend.o
 .data          0x00000000        0x0 C:/Program Files/Microchip/xc32/v5.00/bin/bin/../../lib/gcc/pic32c/13.2.1/thumb/v8-m.base/nofp/crtend.o
 .bss           0x00000000        0x0 C:/Program Files/Microchip/xc32/v5.00/bin/bin/../../lib/gcc/pic32c/13.2.1/thumb/v8-m.base/nofp/crtend.o
 .rodata        0x00000000       0x24 C:/Program Files/Microchip/xc32/v5.00/bin/bin/../../lib/gcc/pic32c/13.2.1/thumb/v8-m.base/nofp/crtend.o
 .eh_frame      0x00000000        0x4 C:/Program Files/Microchip/xc32/v5.00/bin/bin/../../lib/gcc/pic32c/13.2.1/thumb/v8-m.base/nofp/crtend.o
 .xc_stack_usage.hdr
                0x00000000        0xe C:/Program Files/Microchip/xc32/v5.00/bin/bin/../../lib/gcc/pic32c/13.2.1/thumb/v8-m.base/nofp/crtend.o
 .comment       0x00000000       0x36 C:/Program Files/Microchip/xc32/v5.00/bin/bin/../../lib/gcc/pic32c/13.2.1/thumb/v8-m.base/nofp/crtend.o
 .ARM.attributes
                0x00000000       0x30 C:/Program Files/Microchip/xc32/v5.00/bin/bin/../../lib/gcc/pic32c/13.2.1/thumb/v8-m.base/nofp/crtend.o
 .text          0x00000000        0x0 C:/Program Files/Microchip/xc32/v5.00/bin/bin/../../lib/gcc/pic32c/13.2.1/thumb/v8-m.base/nofp/crtn.o
 .data          0x00000000        0x0 C:/Program Files/Microchip/xc32/v5.00/bin/bin/../../lib/gcc/pic32c/13.2.1/thumb/v8-m.base/nofp/crtn.o
 .bss           0x00000000        0x0 C:/Program Files/Microchip/xc32/v5.00/bin/bin/../../lib/gcc/pic32c/13.2.1/thumb/v8-m.base/nofp/crtn.o
 .xc_stack_usage.hdr
                0x00000000        0xe C:/Program Files/Microchip/xc32/v5.00/bin/bin/../../lib/gcc/pic32c/13.2.1/thumb/v8-m.base/nofp/crtn.o
 .text          0x00000000        0x0 C:/Program Files/Microchip/xc32/v5.00/bin/bin/../../lib/gcc/pic32c/13.2.1/../../../../pic32c/lib/thumb/v8-m.base/nofp\libpic32c.a(pic32_data_init_clear.o)
 .data          0x00000000        0x0 C:/Program Files/Microchip/xc32/v5.00/bin/bin/../../lib/gcc/pic32c/13.2.1/../../../../pic32c/lib/thumb/v8-m.base/nofp\libpic32c.a(pic32_data_init_clear.o)
 .bss           0x00000000        0x0 C:/Program Files/Microchip/xc32/v5.00/bin/bin/../../lib/gcc/pic32c/13.2.1/../../../../pic32c/lib/thumb/v8-m.base/nofp\libpic32c.a(pic32_data_init_clear.o)
 .xc_stack_usage
                0x00000000       0x1b C:/Program Files/Microchip/xc32/v5.00/bin/bin/../../lib/gcc/pic32c/13.2.1/../../../../pic32c/lib/thumb/v8-m.base/nofp\libpic32c.a(pic32_data_init_clear.o)
 .xc_stack_usage.hdr
                0x00000000        0xe C:/Program Files/Microchip/xc32/v5.00/bin/bin/../../lib/gcc/pic32c/13.2.1/../../../../pic32c/lib/thumb/v8-m.base/nofp\libpic32c.a(pic32_data_init_clear.o)
 .text          0x00000000        0x0 C:/Program Files/Microchip/xc32/v5.00/bin/bin/../../lib/gcc/pic32c/13.2.1/../../../../pic32c/lib/thumb/v8-m.base/nofp\libpic32c.a(pic32_data_init_copy.o)
 .data          0x00000000        0x0 C:/Program Files/Microchip/xc32/v5.00/bin/bin/../../lib/gcc/pic32c/13.2.1/../../../../pic32c/lib/thumb/v8-m.base/nofp\libpic32c.a(pic32_data_init_copy.o)
 .bss           0x00000000        0x0 C:/Program Files/Microchip/xc32/v5.00/bin/bin/../../lib/gcc/pic32c/13.2.1/../../../../pic32c/lib/thumb/v8-m.base/nofp\libpic32c.a(pic32_data_init_copy.o)
 .xc_stack_usage
                0x00000000       0x1a C:/Program Files/Microchip/xc32/v5.00/bin/bin/../../lib/gcc/pic32c/13.2.1/../../../../pic32c/lib/thumb/v8-m.base/nofp\libpic32c.a(pic32_data_init_copy.o)
 .xc_stack_usage.hdr
                0x00000000        0xe C:/Program Files/Microchip/xc32/v5.00/bin/bin/../../lib/gcc/pic32c/13.2.1/../../../../pic32c/lib/thumb/v8-m.base/nofp\libpic32c.a(pic32_data_init_copy.o)

Memory Configuration

Name             Origin             Length             Attributes
rom              0x00000000         0x00080000         xrl
ram              0x20000000         0x00010000         xw!r
config_00804000  0x00804000         0x00000004
config_00804004  0x00804004         0x00000004
*default*        0x00000000         0xffffffff

Linker script and memory map

LOAD C:/Program Files/Microchip/xc32/v5.00/bin/bin/../../lib/gcc/pic32c/13.2.1/thumb/v8-m.base/nofp/crti.o
LOAD C:/Program Files/Microchip/xc32/v5.00/bin/bin/../../lib/gcc/pic32c/13.2.1/thumb/v8-m.base/nofp/crtbegin.o
LOAD build/default/debug/_ext/60163342/plib_adc.o
LOAD build/default/debug/_ext/1984496892/plib_clock.o
LOAD build/default/debug/_ext/1986646378/plib_evsys.o
LOAD build/default/debug/_ext/1865468468/plib_nvic.o
LOAD build/default/debug/_ext/1593096446/plib_nvmctrl.o
LOAD build/default/debug/_ext/829342769/plib_pm.o
LOAD build/default/debug/_ext/1865521619/plib_port.o
LOAD build/default/debug/_ext/829342655/plib_tc0.o
LOAD build/default/debug/_ext/60181570/plib_tcc0.o
LOAD build/default/debug/_ext/163028504/xc32_monitor.o
LOAD build/default/debug/_ext/1171490990/initialization.o
LOAD build/default/debug/_ext/1171490990/interrupts.o
LOAD build/default/debug/_ext/1171490990/exceptions.o
LOAD build/default/debug/_ext/1171490990/startup_xc32.o
LOAD build/default/debug/_ext/1171490990/libc_syscalls.o
LOAD build/default/debug/_ext/1360937237/main.o
                0x00000001                        __MPLAB_BUILD = 0x1
                0x00080000                        __rom_end = (ORIGIN (rom) + LENGTH (rom))
                0x20010000                        __ram_end = (ORIGIN (ram) + LENGTH (ram))

.config_00804000
                0x00804000        0x4
 *(.config_00804000)
 .config_00804000
                0x00804000        0x4 build/default/debug/_ext/1171490990/initialization.o
                0x00804000                __config_00804000

.config_00804004
                0x00804004        0x4
 *(.config_00804004)
 .config_00804004
                0x00804004        0x4 build/default/debug/_ext/1171490990/initialization.o
                0x00804004                __config_00804004

.vectors        0x00000000      0x15c
                0x00000000                        . = ALIGN (0x4)
                0x00000000                        _sfixed = .
 *(.vectors .vectors.* .vectors_default .vectors_default.*)
 .vectors       0x00000000      0x15c build/default/debug/_ext/1171490990/interrupts.o
                0x00000000                exception_table
 *(.isr_vector)
 *(.reset*)
 *(.after_vectors)

.text           0x0000015c       0x20
                0x0000015c                        . = ALIGN (0x4)
 *(.glue_7t)
 .glue_7t       0x0000015c        0x0 linker stubs
 *(.glue_7)
 .glue_7        0x0000015c        0x0 linker stubs
 *(.gnu.linkonce.r.*)
 *(.ARM.extab* .gnu.linkonce.armextab.*)
                0x0000015c                        . = ALIGN (0x4)
 *(.init)
 .init          0x0000015c        0x4 C:/Program Files/Microchip/xc32/v5.00/bin/bin/../../lib/gcc/pic32c/13.2.1/thumb/v8-m.base/nofp/crti.o
                0x0000015c                _init
 .init          0x00000160        0x8 C:/Program Files/Microchip/xc32/v5.00/bin/bin/../../lib/gcc/pic32c/13.2.1/thumb/v8-m.base/nofp/crtn.o
                0x00000168                        . = ALIGN (0x4)
                0x00000168                        __preinit_array_start = .
 *(.preinit_array)
                0x00000168                        __preinit_array_end = .
                0x00000168                        . = ALIGN (0x4)
                0x00000168                        __init_array_start = .
 *(SORT_BY_NAME(.init_array.*))
 *(.init_array)
 .init_array    0x00000168        0x4 C:/Program Files/Microchip/xc32/v5.00/bin/bin/../../lib/gcc/pic32c/13.2.1/thumb/v8-m.base/nofp/crtbegin.o
                0x0000016c                        __init_array_end = .
                0x0000016c                        . = ALIGN (0x4)
 *crtbegin.o(.ctors)
 *(EXCLUDE_FILE(*crtend.o) .ctors)
 *(SORT_BY_NAME(.ctors.*))
 *crtend.o(.ctors)
                0x0000016c                        . = ALIGN (0x4)
 *(.fini)
 .fini          0x0000016c        0x4 C:/Program Files/Microchip/xc32/v5.00/bin/bin/../../lib/gcc/pic32c/13.2.1/thumb/v8-m.base/nofp/crti.o
                0x0000016c                _fini
 .fini          0x00000170        0x8 C:/Program Files/Microchip/xc32/v5.00/bin/bin/../../lib/gcc/pic32c/13.2.1/thumb/v8-m.base/nofp/crtn.o
                0x00000178                        . = ALIGN (0x4)
                0x00000178                        __fini_array_start = .
 *(.fini_array)
 .fini_array    0x00000178        0x4 C:/Program Files/Microchip/xc32/v5.00/bin/bin/../../lib/gcc/pic32c/13.2.1/thumb/v8-m.base/nofp/crtbegin.o
 *(SORT_BY_NAME(.fini_array.*))
                0x0000017c                        __fini_array_end = .
 *crtbegin.o(.dtors)
 *(EXCLUDE_FILE(*crtend.o) .dtors)
 *(SORT_BY_NAME(.dtors.*))
 *crtend.o(.dtors)
                0x0000017c                        . = ALIGN (0x4)
                0x0000017c                        _efixed = .
                [!provide]                        PROVIDE (__exidx_start = .)

.ARM.exidx
 *(.ARM.exidx* .gnu.linkonce.armexidx.*)
                [!provide]                        PROVIDE (__exidx_end = .)
                0x0000017c                        . = ALIGN (0x4)
                0x0000017c                        _etext = .

.bss            0x20000000        0x0
                0x20000000                        . = ALIGN (0x4)
                0x20000000                        __bss_start__ = .
                0x20000000                        _sbss = .
                0x20000000                        _szero = .
 *(COMMON)
                0x20000000                        . = ALIGN (0x4)
                0x20000000                        __bss_end__ = .
                0x20000000                        _ebss = .
                0x20000000                        _ezero = .
                0x20000000                        . = ALIGN (0x4)
                0x20000000                        _end = .
                0x2000ffff                        _ram_end_ = ((ORIGIN (ram) + LENGTH (ram)) - 0x1)
                0x00000001                        __ICD2RAM = 0x1
                0x00000001                        __MPLAB_DEBUG = 0x1
                0x00000001                        __DEBUG = 0x1
                0x00000200                        _min_heap_size = 0x200
START GROUP
LOAD C:/Program Files/Microchip/xc32/v5.00/bin/bin/../../lib/gcc/pic32c/13.2.1/../../../../pic32c/lib/thumb/v8-m.base/nofp\libpic32c.a
LOAD C:/Program Files/Microchip/xc32/v5.00/bin/bin/../../lib/gcc/pic32c/13.2.1/../../../../pic32c/lib/thumb/v8-m.base/nofp\libc-size-musl.a
LOAD C:/Program Files/Microchip/xc32/v5.00/bin/bin/../../lib/gcc/pic32c/13.2.1/../../../../pic32c/lib/thumb/v8-m.base/nofp\liblmalloc-musl.a
LOAD C:/Program Files/Microchip/xc32/v5.00/bin/bin/../../lib/gcc/pic32c/13.2.1/../../../../pic32c/lib/thumb/v8-m.base/nofp\libg-musl.a
LOAD C:/Program Files/Microchip/xc32/v5.00/bin/bin/../../lib/gcc/pic32c/13.2.1/../../../../pic32c/lib/thumb/v8-m.base/nofp\libc-musl.a
LOAD C:/Program Files/Microchip/xc32/v5.00/bin/bin/../../lib/gcc/pic32c/13.2.1/../../../../pic32c/lib/thumb/v8-m.base/nofp\libm-fast-emfloat.a
LOAD C:/Program Files/Microchip/xc32/v5.00/bin/bin/../../lib/gcc/pic32c/13.2.1/../../../../pic32c/lib/thumb/v8-m.base/nofp\libm-musl.a
END GROUP
LOAD C:/Program Files/Microchip/xc32/v5.00/bin/bin/../../lib/gcc/pic32c/13.2.1/thumb/v8-m.base/nofp\libgcc.a
LOAD C:/Program Files/Microchip/xc32/v5.00/bin/bin/../../lib/gcc/pic32c/13.2.1/thumb/v8-m.base/nofp/crtend.o
LOAD C:/Program Files/Microchip/xc32/v5.00/bin/bin/../../lib/gcc/pic32c/13.2.1/thumb/v8-m.base/nofp/crtn.o
OUTPUT(dist/default/debug/PWM_EVSYS_Sine.X.debug.elf elf32-littlearm)
LOAD linker stubs
LOAD data_init

.note           0x00000000      0x3d8
 .note          0x00000000       0x18 C:/Program Files/Microchip/xc32/v5.00/bin/bin/../../lib/gcc/pic32c/13.2.1/thumb/v8-m.base/nofp/crti.o
 .note          0x00000018       0x18 C:/Program Files/Microchip/xc32/v5.00/bin/bin/../../lib/gcc/pic32c/13.2.1/thumb/v8-m.base/nofp/crtbegin.o
 .note          0x00000030       0x18 build/default/debug/_ext/60163342/plib_adc.o
 .note          0x00000048       0x18 build/default/debug/_ext/1984496892/plib_clock.o
 .note          0x00000060       0x18 build/default/debug/_ext/1986646378/plib_evsys.o
 .note          0x00000078       0x18 build/default/debug/_ext/1865468468/plib_nvic.o
 .note          0x00000090       0x18 build/default/debug/_ext/1593096446/plib_nvmctrl.o
 .note          0x000000a8       0x18 build/default/debug/_ext/829342769/plib_pm.o
 .note          0x000000c0       0x18 build/default/debug/_ext/1865521619/plib_port.o
 .note          0x000000d8       0x18 build/default/debug/_ext/829342655/plib_tc0.o
 .note          0x000000f0       0x18 build/default/debug/_ext/60181570/plib_tcc0.o
 .note          0x00000108       0x18 build/default/debug/_ext/163028504/xc32_monitor.o
 .note          0x00000120      0x168 build/default/debug/_ext/1171490990/initialization.o
 .note          0x00000288       0x18 build/default/debug/_ext/1171490990/interrupts.o
 .note          0x000002a0       0x18 build/default/debug/_ext/1171490990/exceptions.o
 .note          0x000002b8       0x18 build/default/debug/_ext/1171490990/startup_xc32.o
 .note          0x000002d0       0x18 build/default/debug/_ext/1171490990/libc_syscalls.o
 .note          0x000002e8       0x18 build/default/debug/_ext/1360937237/main.o
 .note          0x00000300       0x18 C:/Program Files/Microchip/xc32/v5.00/bin/bin/../../lib/gcc/pic32c/13.2.1/../../../../pic32c/lib/thumb/v8-m.base/nofp\libpic32c.a(data_init.o)
 .note          0x00000318       0x18 C:/Program Files/Microchip/xc32/v5.00/bin/bin/../../lib/gcc/pic32c/13.2.1/../../../../pic32c/lib/thumb/v8-m.base/nofp\libc-size-musl.a(memcpy.o)
 .note          0x00000330       0x18 C:/Program Files/Microchip/xc32/v5.00/bin/bin/../../lib/gcc/pic32c/13.2.1/../../../../pic32c/lib/thumb/v8-m.base/nofp\libg-musl.a(__libc_start_main.o)
 .note          0x00000348       0x18 C:/Program Files/Microchip/xc32/v5.00/bin/bin/../../lib/gcc/pic32c/13.2.1/../../../../pic32c/lib/thumb/v8-m.base/nofp\libg-musl.a(libc.o)
 .note          0x00000360       0x18 C:/Program Files/Microchip/xc32/v5.00/bin/bin/../../lib/gcc/pic32c/13.2.1/../../../../pic32c/lib/thumb/v8-m.base/nofp\libg-musl.a(__environ.o)
 .note          0x00000378       0x18 C:/Program Files/Microchip/xc32/v5.00/bin/bin/../../lib/gcc/pic32c/13.2.1/thumb/v8-m.base/nofp/crtend.o
 .note          0x00000390       0x18 C:/Program Files/Microchip/xc32/v5.00/bin/bin/../../lib/gcc/pic32c/13.2.1/thumb/v8-m.base/nofp/crtn.o
 .note          0x000003a8       0x18 C:/Program Files/Microchip/xc32/v5.00/bin/bin/../../lib/gcc/pic32c/13.2.1/../../../../pic32c/lib/thumb/v8-m.base/nofp\libpic32c.a(pic32_data_init_clear.o)
 .note          0x000003c0       0x18 C:/Program Files/Microchip/xc32/v5.00/bin/bin/../../lib/gcc/pic32c/13.2.1/../../../../pic32c/lib/thumb/v8-m.base/nofp\libpic32c.a(pic32_data_init_copy.o)

.ARM.attributes
                0x00000000       0x30
 .ARM.attributes
                0x00000000       0x22 C:/Program Files/Microchip/xc32/v5.00/bin/bin/../../lib/gcc/pic32c/13.2.1/thumb/v8-m.base/nofp/crti.o
 .ARM.attributes
                0x00000022       0x30 C:/Program Files/Microchip/xc32/v5.00/bin/bin/../../lib/gcc/pic32c/13.2.1/thumb/v8-m.base/nofp/crtbegin.o
 .ARM.attributes
                0x00000052       0x30 build/default/debug/_ext/60163342/plib_adc.o
 .ARM.attributes
                0x00000082       0x30 build/default/debug/_ext/1984496892/plib_clock.o
 .ARM.attributes
                0x000000b2       0x30 build/default/debug/_ext/1986646378/plib_evsys.o
 .ARM.attributes
                0x000000e2       0x30 build/default/debug/_ext/1865468468/plib_nvic.o
 .ARM.attributes
                0x00000112       0x30 build/default/debug/_ext/1593096446/plib_nvmctrl.o
 .ARM.attributes
                0x00000142       0x30 build/default/debug/_ext/829342769/plib_pm.o
 .ARM.attributes
                0x00000172       0x30 build/default/debug/_ext/1865521619/plib_port.o
 .ARM.attributes
                0x000001a2       0x30 build/default/debug/_ext/829342655/plib_tc0.o
 .ARM.attributes
                0x000001d2       0x30 build/default/debug/_ext/60181570/plib_tcc0.o
 .ARM.attributes
                0x00000202       0x30 build/default/debug/_ext/1171490990/initialization.o
 .ARM.attributes
                0x00000232       0x30 build/default/debug/_ext/1171490990/interrupts.o
 .ARM.attributes
                0x00000262       0x30 build/default/debug/_ext/1171490990/exceptions.o
 .ARM.attributes
                0x00000292       0x30 build/default/debug/_ext/1171490990/startup_xc32.o
 .ARM.attributes
                0x000002c2       0x30 build/default/debug/_ext/1360937237/main.o
 .ARM.attributes
                0x000002f2       0x30 C:/Program Files/Microchip/xc32/v5.00/bin/bin/../../lib/gcc/pic32c/13.2.1/../../../../pic32c/lib/thumb/v8-m.base/nofp\libpic32c.a(data_init.o)
 .ARM.attributes
                0x00000322       0x32 C:/Program Files/Microchip/xc32/v5.00/bin/bin/../../lib/gcc/pic32c/13.2.1/../../../../pic32c/lib/thumb/v8-m.base/nofp\libg-musl.a(__libc_start_main.o)
 .ARM.attributes
                0x00000354       0x32 C:/Program Files/Microchip/xc32/v5.00/bin/bin/../../lib/gcc/pic32c/13.2.1/../../../../pic32c/lib/thumb/v8-m.base/nofp\libg-musl.a(libc.o)
 .ARM.attributes
                0x00000386       0x32 C:/Program Files/Microchip/xc32/v5.00/bin/bin/../../lib/gcc/pic32c/13.2.1/../../../../pic32c/lib/thumb/v8-m.base/nofp\libg-musl.a(__environ.o)
 .ARM.attributes
                0x000003b8       0x22 C:/Program Files/Microchip/xc32/v5.00/bin/bin/../../lib/gcc/pic32c/13.2.1/thumb/v8-m.base/nofp/crtn.o
 .ARM.attributes
                0x000003da       0x30 C:/Program Files/Microchip/xc32/v5.00/bin/bin/../../lib/gcc/pic32c/13.2.1/../../../../pic32c/lib/thumb/v8-m.base/nofp\libpic32c.a(pic32_data_init_clear.o)
 .ARM.attributes
                0x0000040a       0x30 C:/Program Files/Microchip/xc32/v5.00/bin/bin/../../lib/gcc/pic32c/13.2.1/../../../../pic32c/lib/thumb/v8-m.base/nofp\libpic32c.a(pic32_data_init_copy.o)

.comment        0x00000000       0x35
 .comment       0x00000000       0x35 C:/Program Files/Microchip/xc32/v5.00/bin/bin/../../lib/gcc/pic32c/13.2.1/thumb/v8-m.base/nofp/crtbegin.o
                                 0x36 (size before relaxing)
 .comment       0x00000035       0x36 build/default/debug/_ext/60163342/plib_adc.o
 .comment       0x00000035       0x36 build/default/debug/_ext/1984496892/plib_clock.o
 .comment       0x00000035       0x36 build/default/debug/_ext/1986646378/plib_evsys.o
 .comment       0x00000035       0x36 build/default/debug/_ext/1865468468/plib_nvic.o
 .comment       0x00000035       0x36 build/default/debug/_ext/1593096446/plib_nvmctrl.o
 .comment       0x00000035       0x36 build/default/debug/_ext/829342769/plib_pm.o
 .comment       0x00000035       0x36 build/default/debug/_ext/1865521619/plib_port.o
 .comment       0x00000035       0x36 build/default/debug/_ext/829342655/plib_tc0.o
 .comment       0x00000035       0x36 build/default/debug/_ext/60181570/plib_tcc0.o
 .comment       0x00000035       0x36 build/default/debug/_ext/1171490990/initialization.o
 .comment       0x00000035       0x36 build/default/debug/_ext/1171490990/interrupts.o
 .comment       0x00000035       0x36 build/default/debug/_ext/1171490990/exceptions.o
 .comment       0x00000035       0x36 build/default/debug/_ext/1171490990/startup_xc32.o
 .comment       0x00000035       0x36 build/default/debug/_ext/1360937237/main.o
 .comment       0x00000035       0x36 C:/Program Files/Microchip/xc32/v5.00/bin/bin/../../lib/gcc/pic32c/13.2.1/../../../../pic32c/lib/thumb/v8-m.base/nofp\libpic32c.a(data_init.o)
 .comment       0x00000035       0x36 C:/Program Files/Microchip/xc32/v5.00/bin/bin/../../lib/gcc/pic32c/13.2.1/../../../../pic32c/lib/thumb/v8-m.base/nofp\libg-musl.a(__libc_start_main.o)
 .comment       0x00000035       0x36 C:/Program Files/Microchip/xc32/v5.00/bin/bin/../../lib/gcc/pic32c/13.2.1/../../../../pic32c/lib/thumb/v8-m.base/nofp\libg-musl.a(libc.o)
 .comment       0x00000035       0x36 C:/Program Files/Microchip/xc32/v5.00/bin/bin/../../lib/gcc/pic32c/13.2.1/../../../../pic32c/lib/thumb/v8-m.base/nofp\libg-musl.a(__environ.o)
 .comment       0x00000035       0x36 C:/Program Files/Microchip/xc32/v5.00/bin/bin/../../lib/gcc/pic32c/13.2.1/../../../../pic32c/lib/thumb/v8-m.base/nofp\libpic32c.a(pic32_data_init_clear.o)
 .comment       0x00000035       0x36 C:/Program Files/Microchip/xc32/v5.00/bin/bin/../../lib/gcc/pic32c/13.2.1/../../../../pic32c/lib/thumb/v8-m.base/nofp\libpic32c.a(pic32_data_init_copy.o)

.debug_info     0x00000000     0x534e
 .debug_info    0x00000000      0x67f build/default/debug/_ext/60163342/plib_adc.o
 .debug_info    0x0000067f      0x6b7 build/default/debug/_ext/1984496892/plib_clock.o
 .debug_info    0x00000d36      0x3bf build/default/debug/_ext/1986646378/plib_evsys.o
 .debug_info    0x000010f5      0x89c build/default/debug/_ext/1865468468/plib_nvic.o
 .debug_info    0x00001991      0x807 build/default/debug/_ext/1593096446/plib_nvmctrl.o
 .debug_info    0x00002198      0x236 build/default/debug/_ext/829342769/plib_pm.o
 .debug_info    0x000023ce      0x78e build/default/debug/_ext/1865521619/plib_port.o
 .debug_info    0x00002b5c      0x83f build/default/debug/_ext/829342655/plib_tc0.o
 .debug_info    0x0000339b      0x52a build/default/debug/_ext/60181570/plib_tcc0.o
 .debug_info    0x000038c5      0x3ab build/default/debug/_ext/1171490990/initialization.o
 .debug_info    0x00003c70      0x6a1 build/default/debug/_ext/1171490990/interrupts.o
 .debug_info    0x00004311       0xb3 build/default/debug/_ext/1171490990/exceptions.o
 .debug_info    0x000043c4      0x200 build/default/debug/_ext/1171490990/startup_xc32.o
 .debug_info    0x000045c4      0x32d build/default/debug/_ext/1360937237/main.o
 .debug_info    0x000048f1      0x212 C:/Program Files/Microchip/xc32/v5.00/bin/bin/../../lib/gcc/pic32c/13.2.1/../../../../pic32c/lib/thumb/v8-m.base/nofp\libpic32c.a(data_init.o)
 .debug_info    0x00004b03      0x2fb C:/Program Files/Microchip/xc32/v5.00/bin/bin/../../lib/gcc/pic32c/13.2.1/../../../../pic32c/lib/thumb/v8-m.base/nofp\libg-musl.a(__libc_start_main.o)
 .debug_info    0x00004dfe      0x276 C:/Program Files/Microchip/xc32/v5.00/bin/bin/../../lib/gcc/pic32c/13.2.1/../../../../pic32c/lib/thumb/v8-m.base/nofp\libg-musl.a(libc.o)
 .debug_info    0x00005074       0x97 C:/Program Files/Microchip/xc32/v5.00/bin/bin/../../lib/gcc/pic32c/13.2.1/../../../../pic32c/lib/thumb/v8-m.base/nofp\libg-musl.a(__environ.o)
 .debug_info    0x0000510b      0x117 C:/Program Files/Microchip/xc32/v5.00/bin/bin/../../lib/gcc/pic32c/13.2.1/../../../../pic32c/lib/thumb/v8-m.base/nofp\libpic32c.a(pic32_data_init_clear.o)
 .debug_info    0x00005222      0x12c C:/Program Files/Microchip/xc32/v5.00/bin/bin/../../lib/gcc/pic32c/13.2.1/../../../../pic32c/lib/thumb/v8-m.base/nofp\libpic32c.a(pic32_data_init_copy.o)

.debug_abbrev   0x00000000     0x17c1
 .debug_abbrev  0x00000000      0x172 build/default/debug/_ext/60163342/plib_adc.o
 .debug_abbrev  0x00000172      0x142 build/default/debug/_ext/1984496892/plib_clock.o
 .debug_abbrev  0x000002b4      0x110 build/default/debug/_ext/1986646378/plib_evsys.o
 .debug_abbrev  0x000003c4      0x24c build/default/debug/_ext/1865468468/plib_nvic.o
 .debug_abbrev  0x00000610      0x1ee build/default/debug/_ext/1593096446/plib_nvmctrl.o
 .debug_abbrev  0x000007fe      0x106 build/default/debug/_ext/829342769/plib_pm.o
 .debug_abbrev  0x00000904      0x206 build/default/debug/_ext/1865521619/plib_port.o
 .debug_abbrev  0x00000b0a      0x1be build/default/debug/_ext/829342655/plib_tc0.o
 .debug_abbrev  0x00000cc8      0x13e build/default/debug/_ext/60181570/plib_tcc0.o
 .debug_abbrev  0x00000e06       0xf0 build/default/debug/_ext/1171490990/initialization.o
 .debug_abbrev  0x00000ef6       0xd3 build/default/debug/_ext/1171490990/interrupts.o
 .debug_abbrev  0x00000fc9       0x49 build/default/debug/_ext/1171490990/exceptions.o
 .debug_abbrev  0x00001012      0x12c build/default/debug/_ext/1171490990/startup_xc32.o
 .debug_abbrev  0x0000113e      0x166 build/default/debug/_ext/1360937237/main.o
 .debug_abbrev  0x000012a4      0x156 C:/Program Files/Microchip/xc32/v5.00/bin/bin/../../lib/gcc/pic32c/13.2.1/../../../../pic32c/lib/thumb/v8-m.base/nofp\libpic32c.a(data_init.o)
 .debug_abbrev  0x000013fa      0x133 C:/Program Files/Microchip/xc32/v5.00/bin/bin/../../lib/gcc/pic32c/13.2.1/../../../../pic32c/lib/thumb/v8-m.base/nofp\libg-musl.a(__libc_start_main.o)
 .debug_abbrev  0x0000152d       0xd4 C:/Program Files/Microchip/xc32/v5.00/bin/bin/../../lib/gcc/pic32c/13.2.1/../../../../pic32c/lib/thumb/v8-m.base/nofp\libg-musl.a(libc.o)
 .debug_abbrev  0x00001601       0x62 C:/Program Files/Microchip/xc32/v5.00/bin/bin/../../lib/gcc/pic32c/13.2.1/../../../../pic32c/lib/thumb/v8-m.base/nofp\libg-musl.a(__environ.o)
 .debug_abbrev  0x00001663       0xa5 C:/Program Files/Microchip/xc32/v5.00/bin/bin/../../lib/gcc/pic32c/13.2.1/../../../../pic32c/lib/thumb/v8-m.base/nofp\libpic32c.a(pic32_data_init_clear.o)
 .debug_abbrev  0x00001708       0xb9 C:/Program Files/Microchip/xc32/v5.00/bin/bin/../../lib/gcc/pic32c/13.2.1/../../../../pic32c/lib/thumb/v8-m.base/nofp\libpic32c.a(pic32_data_init_copy.o)

.debug_loc      0x00000000     0x1489
 .debug_loc     0x00000000      0x194 build/default/debug/_ext/60163342/plib_adc.o
 .debug_loc     0x00000194       0x20 build/default/debug/_ext/1984496892/plib_clock.o
 .debug_loc     0x000001b4       0xd0 build/default/debug/_ext/1986646378/plib_evsys.o
 .debug_loc     0x00000284      0x181 build/default/debug/_ext/1865468468/plib_nvic.o
 .debug_loc     0x00000405      0x627 build/default/debug/_ext/1593096446/plib_nvmctrl.o
 .debug_loc     0x00000a2c       0x69 build/default/debug/_ext/829342769/plib_pm.o
 .debug_loc     0x00000a95      0x2b8 build/default/debug/_ext/1865521619/plib_port.o
 .debug_loc     0x00000d4d       0x7a build/default/debug/_ext/829342655/plib_tc0.o
 .debug_loc     0x00000dc7      0x1b3 build/default/debug/_ext/60181570/plib_tcc0.o
 .debug_loc     0x00000f7a       0x4b build/default/debug/_ext/1171490990/initialization.o
 .debug_loc     0x00000fc5       0x20 build/default/debug/_ext/1171490990/startup_xc32.o
 .debug_loc     0x00000fe5       0xa5 build/default/debug/_ext/1360937237/main.o
 .debug_loc     0x0000108a      0x113 C:/Program Files/Microchip/xc32/v5.00/bin/bin/../../lib/gcc/pic32c/13.2.1/../../../../pic32c/lib/thumb/v8-m.base/nofp\libpic32c.a(data_init.o)
 .debug_loc     0x0000119d       0x5e C:/Program Files/Microchip/xc32/v5.00/bin/bin/../../lib/gcc/pic32c/13.2.1/../../../../pic32c/lib/thumb/v8-m.base/nofp\libg-musl.a(__libc_start_main.o)
 .debug_loc     0x000011fb       0xf7 C:/Program Files/Microchip/xc32/v5.00/bin/bin/../../lib/gcc/pic32c/13.2.1/../../../../pic32c/lib/thumb/v8-m.base/nofp\libpic32c.a(pic32_data_init_clear.o)
 .debug_loc     0x000012f2      0x197 C:/Program Files/Microchip/xc32/v5.00/bin/bin/../../lib/gcc/pic32c/13.2.1/../../../../pic32c/lib/thumb/v8-m.base/nofp\libpic32c.a(pic32_data_init_copy.o)

.debug_aranges  0x00000000      0x4e0
 .debug_aranges
                0x00000000       0x80 build/default/debug/_ext/60163342/plib_adc.o
 .debug_aranges
                0x00000080       0x20 build/default/debug/_ext/1984496892/plib_clock.o
 .debug_aranges
                0x000000a0       0x40 build/default/debug/_ext/1986646378/plib_evsys.o
 .debug_aranges
                0x000000e0       0x48 build/default/debug/_ext/1865468468/plib_nvic.o
 .debug_aranges
                0x00000128       0xa0 build/default/debug/_ext/1593096446/plib_nvmctrl.o
 .debug_aranges
                0x000001c8       0x40 build/default/debug/_ext/829342769/plib_pm.o
 .debug_aranges
                0x00000208       0x70 build/default/debug/_ext/1865521619/plib_port.o
 .debug_aranges
                0x00000278       0x70 build/default/debug/_ext/829342655/plib_tc0.o
 .debug_aranges
                0x000002e8       0x80 build/default/debug/_ext/60181570/plib_tcc0.o
 .debug_aranges
                0x00000368       0x20 build/default/debug/_ext/1171490990/initialization.o
 .debug_aranges
                0x00000388       0x20 build/default/debug/_ext/1171490990/interrupts.o
 .debug_aranges
                0x000003a8       0x28 build/default/debug/_ext/1171490990/exceptions.o
 .debug_aranges
                0x000003d0       0x28 build/default/debug/_ext/1171490990/startup_xc32.o
 .debug_aranges
                0x000003f8       0x20 build/default/debug/_ext/1360937237/main.o
 .debug_aranges
                0x00000418       0x30 C:/Program Files/Microchip/xc32/v5.00/bin/bin/../../lib/gcc/pic32c/13.2.1/../../../../pic32c/lib/thumb/v8-m.base/nofp\libpic32c.a(data_init.o)
 .debug_aranges
                0x00000448       0x28 C:/Program Files/Microchip/xc32/v5.00/bin/bin/../../lib/gcc/pic32c/13.2.1/../../../../pic32c/lib/thumb/v8-m.base/nofp\libg-musl.a(__libc_start_main.o)
 .debug_aranges
                0x00000470       0x18 C:/Program Files/Microchip/xc32/v5.00/bin/bin/../../lib/gcc/pic32c/13.2.1/../../../../pic32c/lib/thumb/v8-m.base/nofp\libg-musl.a(libc.o)
 .debug_aranges
                0x00000488       0x18 C:/Program Files/Microchip/xc32/v5.00/bin/bin/../../lib/gcc/pic32c/13.2.1/../../../../pic32c/lib/thumb/v8-m.base/nofp\libg-musl.a(__environ.o)
 .debug_aranges
                0x000004a0       0x20 C:/Program Files/Microchip/xc32/v5.00/bin/bin/../../lib/gcc/pic32c/13.2.1/../../../../pic32c/lib/thumb/v8-m.base/nofp\libpic32c.a(pic32_data_init_clear.o)
 .debug_aranges
                0x000004c0       0x20 C:/Program Files/Microchip/xc32/v5.00/bin/bin/../../lib/gcc/pic32c/13.2.1/../../../../pic32c/lib/thumb/v8-m.base/nofp\libpic32c.a(pic32_data_init_copy.o)

.debug_ranges   0x00000000      0x410
 .debug_ranges  0x00000000       0x70 build/default/debug/_ext/60163342/plib_adc.o
 .debug_ranges  0x00000070       0x10 build/default/debug/_ext/1984496892/plib_clock.o
 .debug_ranges  0x00000080       0x30 build/default/debug/_ext/1986646378/plib_evsys.o
 .debug_ranges  0x000000b0       0x50 build/default/debug/_ext/1865468468/plib_nvic.o
 .debug_ranges  0x00000100       0x90 build/default/debug/_ext/1593096446/plib_nvmctrl.o
 .debug_ranges  0x00000190       0x30 build/default/debug/_ext/829342769/plib_pm.o
 .debug_ranges  0x000001c0       0x60 build/default/debug/_ext/1865521619/plib_port.o
 .debug_ranges  0x00000220       0x60 build/default/debug/_ext/829342655/plib_tc0.o
 .debug_ranges  0x00000280       0x70 build/default/debug/_ext/60181570/plib_tcc0.o
 .debug_ranges  0x000002f0       0x10 build/default/debug/_ext/1171490990/initialization.o
 .debug_ranges  0x00000300       0x10 build/default/debug/_ext/1171490990/interrupts.o
 .debug_ranges  0x00000310       0x18 build/default/debug/_ext/1171490990/exceptions.o
 .debug_ranges  0x00000328       0x18 build/default/debug/_ext/1171490990/startup_xc32.o
 .debug_ranges  0x00000340       0x58 build/default/debug/_ext/1360937237/main.o
 .debug_ranges  0x00000398       0x20 C:/Program Files/Microchip/xc32/v5.00/bin/bin/../../lib/gcc/pic32c/13.2.1/../../../../pic32c/lib/thumb/v8-m.base/nofp\libpic32c.a(data_init.o)
 .debug_ranges  0x000003b8       0x38 C:/Program Files/Microchip/xc32/v5.00/bin/bin/../../lib/gcc/pic32c/13.2.1/../../../../pic32c/lib/thumb/v8-m.base/nofp\libg-musl.a(__libc_start_main.o)
 .debug_ranges  0x000003f0       0x10 C:/Program Files/Microchip/xc32/v5.00/bin/bin/../../lib/gcc/pic32c/13.2.1/../../../../pic32c/lib/thumb/v8-m.base/nofp\libpic32c.a(pic32_data_init_clear.o)
 .debug_ranges  0x00000400       0x10 C:/Program Files/Microchip/xc32/v5.00/bin/bin/../../lib/gcc/pic32c/13.2.1/../../../../pic32c/lib/thumb/v8-m.base/nofp\libpic32c.a(pic32_data_init_copy.o)

.debug_line     0x00000000     0x2f31
 .debug_line    0x00000000      0x470 build/default/debug/_ext/60163342/plib_adc.o
 .debug_line    0x00000470      0x323 build/default/debug/_ext/1984496892/plib_clock.o
 .debug_line    0x00000793      0x1a6 build/default/debug/_ext/1986646378/plib_evsys.o
 .debug_line    0x00000939      0x3a9 build/default/debug/_ext/1865468468/plib_nvic.o
 .debug_line    0x00000ce2      0x4c1 build/default/debug/_ext/1593096446/plib_nvmctrl.o
 .debug_line    0x000011a3      0x2ad build/default/debug/_ext/829342769/plib_pm.o
 .debug_line    0x00001450      0x2f0 build/default/debug/_ext/1865521619/plib_port.o
 .debug_line    0x00001740      0x41a build/default/debug/_ext/829342655/plib_tc0.o
 .debug_line    0x00001b5a      0x493 build/default/debug/_ext/60181570/plib_tcc0.o
 .debug_line    0x00001fed      0x2d8 build/default/debug/_ext/1171490990/initialization.o
 .debug_line    0x000022c5       0xce build/default/debug/_ext/1171490990/interrupts.o
 .debug_line    0x00002393       0x77 build/default/debug/_ext/1171490990/exceptions.o
 .debug_line    0x0000240a      0x15b build/default/debug/_ext/1171490990/startup_xc32.o
 .debug_line    0x00002565      0x295 build/default/debug/_ext/1360937237/main.o
 .debug_line    0x000027fa      0x165 C:/Program Files/Microchip/xc32/v5.00/bin/bin/../../lib/gcc/pic32c/13.2.1/../../../../pic32c/lib/thumb/v8-m.base/nofp\libpic32c.a(data_init.o)
 .debug_line    0x0000295f      0x1ce C:/Program Files/Microchip/xc32/v5.00/bin/bin/../../lib/gcc/pic32c/13.2.1/../../../../pic32c/lib/thumb/v8-m.base/nofp\libg-musl.a(__libc_start_main.o)
 .debug_line    0x00002b2d       0xb5 C:/Program Files/Microchip/xc32/v5.00/bin/bin/../../lib/gcc/pic32c/13.2.1/../../../../pic32c/lib/thumb/v8-m.base/nofp\libg-musl.a(libc.o)
 .debug_line    0x00002be2       0xfb C:/Program Files/Microchip/xc32/v5.00/bin/bin/../../lib/gcc/pic32c/13.2.1/../../../../pic32c/lib/thumb/v8-m.base/nofp\libg-musl.a(__environ.o)
 .debug_line    0x00002cdd      0x11e C:/Program Files/Microchip/xc32/v5.00/bin/bin/../../lib/gcc/pic32c/13.2.1/../../../../pic32c/lib/thumb/v8-m.base/nofp\libpic32c.a(pic32_data_init_clear.o)
 .debug_line    0x00002dfb      0x136 C:/Program Files/Microchip/xc32/v5.00/bin/bin/../../lib/gcc/pic32c/13.2.1/../../../../pic32c/lib/thumb/v8-m.base/nofp\libpic32c.a(pic32_data_init_copy.o)

.debug_str      0x00000000     0x3657
 .debug_str     0x00000000     0x3657 build/default/debug/_ext/60163342/plib_adc.o
                                0x97a (size before relaxing)
 .debug_str     0x00003657      0x705 build/default/debug/_ext/1984496892/plib_clock.o
 .debug_str     0x00003657      0x4a0 build/default/debug/_ext/1986646378/plib_evsys.o
 .debug_str     0x00003657      0x919 build/default/debug/_ext/1865468468/plib_nvic.o
 .debug_str     0x00003657      0x6b6 build/default/debug/_ext/1593096446/plib_nvmctrl.o
 .debug_str     0x00003657      0x3ec build/default/debug/_ext/829342769/plib_pm.o
 .debug_str     0x00003657      0xa39 build/default/debug/_ext/1865521619/plib_port.o
 .debug_str     0x00003657      0x606 build/default/debug/_ext/829342655/plib_tc0.o
 .debug_str     0x00003657      0x5b4 build/default/debug/_ext/60181570/plib_tcc0.o
 .debug_str     0x00003657      0x4d5 build/default/debug/_ext/1171490990/initialization.o
 .debug_str     0x00003657      0xa02 build/default/debug/_ext/1171490990/interrupts.o
 .debug_str     0x00003657      0x2f0 build/default/debug/_ext/1171490990/exceptions.o
 .debug_str     0x00003657      0x367 build/default/debug/_ext/1171490990/startup_xc32.o
 .debug_str     0x00003657      0x3c4 build/default/debug/_ext/1360937237/main.o
 .debug_str     0x00003657      0x2f8 C:/Program Files/Microchip/xc32/v5.00/bin/bin/../../lib/gcc/pic32c/13.2.1/../../../../pic32c/lib/thumb/v8-m.base/nofp\libpic32c.a(data_init.o)
 .debug_str     0x00003657      0x3e6 C:/Program Files/Microchip/xc32/v5.00/bin/bin/../../lib/gcc/pic32c/13.2.1/../../../../pic32c/lib/thumb/v8-m.base/nofp\libg-musl.a(__libc_start_main.o)
 .debug_str     0x00003657      0x351 C:/Program Files/Microchip/xc32/v5.00/bin/bin/../../lib/gcc/pic32c/13.2.1/../../../../pic32c/lib/thumb/v8-m.base/nofp\libg-musl.a(libc.o)
 .debug_str     0x00003657      0x251 C:/Program Files/Microchip/xc32/v5.00/bin/bin/../../lib/gcc/pic32c/13.2.1/../../../../pic32c/lib/thumb/v8-m.base/nofp\libg-musl.a(__environ.o)
 .debug_str     0x00003657      0x289 C:/Program Files/Microchip/xc32/v5.00/bin/bin/../../lib/gcc/pic32c/13.2.1/../../../../pic32c/lib/thumb/v8-m.base/nofp\libpic32c.a(pic32_data_init_clear.o)
 .debug_str     0x00003657      0x290 C:/Program Files/Microchip/xc32/v5.00/bin/bin/../../lib/gcc/pic32c/13.2.1/../../../../pic32c/lib/thumb/v8-m.base/nofp\libpic32c.a(pic32_data_init_copy.o)

.debug_frame    0x00000000      0x7cc
 .debug_frame   0x00000000       0xe0 build/default/debug/_ext/60163342/plib_adc.o
 .debug_frame   0x000000e0       0x20 build/default/debug/_ext/1984496892/plib_clock.o
 .debug_frame   0x00000100       0x60 build/default/debug/_ext/1986646378/plib_evsys.o
 .debug_frame   0x00000160       0x7c build/default/debug/_ext/1865468468/plib_nvic.o
 .debug_frame   0x000001dc      0x15c build/default/debug/_ext/1593096446/plib_nvmctrl.o
 .debug_frame   0x00000338       0x60 build/default/debug/_ext/829342769/plib_pm.o
 .debug_frame   0x00000398       0xd8 build/default/debug/_ext/1865521619/plib_port.o
 .debug_frame   0x00000470       0xc8 build/default/debug/_ext/829342655/plib_tc0.o
 .debug_frame   0x00000538       0xe8 build/default/debug/_ext/60181570/plib_tcc0.o
 .debug_frame   0x00000620       0x28 build/default/debug/_ext/1171490990/initialization.o
 .debug_frame   0x00000648       0x20 build/default/debug/_ext/1171490990/interrupts.o
 .debug_frame   0x00000668       0x30 build/default/debug/_ext/1171490990/exceptions.o
 .debug_frame   0x00000698       0x38 build/default/debug/_ext/1171490990/startup_xc32.o
 .debug_frame   0x000006d0       0x34 build/default/debug/_ext/1360937237/main.o
 .debug_frame   0x00000704       0x48 C:/Program Files/Microchip/xc32/v5.00/bin/bin/../../lib/gcc/pic32c/13.2.1/../../../../pic32c/lib/thumb/v8-m.base/nofp\libpic32c.a(data_init.o)
 .debug_frame   0x0000074c       0x38 C:/Program Files/Microchip/xc32/v5.00/bin/bin/../../lib/gcc/pic32c/13.2.1/../../../../pic32c/lib/thumb/v8-m.base/nofp\libg-musl.a(__libc_start_main.o)
 .debug_frame   0x00000784       0x20 C:/Program Files/Microchip/xc32/v5.00/bin/bin/../../lib/gcc/pic32c/13.2.1/../../../../pic32c/lib/thumb/v8-m.base/nofp\libpic32c.a(pic32_data_init_clear.o)
 .debug_frame   0x000007a4       0x28 C:/Program Files/Microchip/xc32/v5.00/bin/bin/../../lib/gcc/pic32c/13.2.1/../../../../pic32c/lib/thumb/v8-m.base/nofp\libpic32c.a(pic32_data_init_copy.o)

.note.GNU-stack
                0x00000000        0x0
 .note.GNU-stack
                0x00000000        0x0 C:/Program Files/Microchip/xc32/v5.00/bin/bin/../../lib/gcc/pic32c/13.2.1/../../../../pic32c/lib/thumb/v8-m.base/nofp\libg-musl.a(__libc_start_main.o)
 .note.GNU-stack
                0x00000000        0x0 C:/Program Files/Microchip/xc32/v5.00/bin/bin/../../lib/gcc/pic32c/13.2.1/../../../../pic32c/lib/thumb/v8-m.base/nofp\libg-musl.a(libc.o)
 .note.GNU-stack
                0x00000000        0x0 C:/Program Files/Microchip/xc32/v5.00/bin/bin/../../lib/gcc/pic32c/13.2.1/../../../../pic32c/lib/thumb/v8-m.base/nofp\libg-musl.a(__environ.o)

.vfp11_veneer%z1

.v4_bx%z2

.iplt%z3

.rel.iplt%z4

.igot.plt%z5

.bss%1          0x20000000       0x50
 .bss           0x20000000       0x50 C:/Program Files/Microchip/xc32/v5.00/bin/bin/../../lib/gcc/pic32c/13.2.1/../../../../pic32c/lib/thumb/v8-m.base/nofp\libg-musl.a(libc.o)
                0x20000000                __progname_full
                0x20000000                program_invocation_name
                0x20000004                program_invocation_short_name
                0x20000004                __progname
                0x20000008                __sysinfo
                0x2000000c                __hwcap
                0x20000010                __libc

.bss.result_cos%2
                0x20000050       0x28
 .bss.result_cos
                0x20000050       0x28 build/default/debug/_ext/1360937237/main.o
                0x20000050                result_cos

.bss.result_sin%3
                0x20000078       0x28
 .bss.result_sin
                0x20000078       0x28 build/default/debug/_ext/1360937237/main.o
                0x20000078                result_sin

.bss%4          0x200000a0       0x1c
 .bss           0x200000a0       0x1c C:/Program Files/Microchip/xc32/v5.00/bin/bin/../../lib/gcc/pic32c/13.2.1/thumb/v8-m.base/nofp/crtbegin.o

.bss.adc_shifted%5
                0x200000bc       0x14
 .bss.adc_shifted
                0x200000bc       0x14 build/default/debug/_ext/1360937237/main.o
                0x200000bc                adc_shifted

.bss.adc_count_arr%6
                0x200000d0       0x14
 .bss.adc_count_arr
                0x200000d0       0x14 build/default/debug/_ext/1360937237/main.o
                0x200000d0                adc_count_arr

.bss.TC0_CallbackObject%7
                0x200000e4        0x8
 .bss.TC0_CallbackObject
                0x200000e4        0x8 build/default/debug/_ext/829342655/plib_tc0.o

.bss%8          0x200000ec        0x4
 .bss           0x200000ec        0x4 C:/Program Files/Microchip/xc32/v5.00/bin/bin/../../lib/gcc/pic32c/13.2.1/../../../../pic32c/lib/thumb/v8-m.base/nofp\libpic32c.a(data_init.o)

.bss%9          0x200000f0        0x4
 .bss           0x200000f0        0x4 C:/Program Files/Microchip/xc32/v5.00/bin/bin/../../lib/gcc/pic32c/13.2.1/../../../../pic32c/lib/thumb/v8-m.base/nofp\libg-musl.a(__environ.o)
                0x200000f0                __environ
                0x200000f0                environ
                0x200000f0                ___environ
                0x200000f0                _environ

.bss.adc_count%10
                0x200000f4        0x2
 .bss.adc_count
                0x200000f4        0x2 build/default/debug/_ext/1360937237/main.o
                0x200000f4                adc_count

.bss.prev.0%11  0x200000f6        0x1
 .bss.prev.0    0x200000f6        0x1 build/default/debug/_ext/1360937237/main.o

.bss.adc_Index%12
                0x200000f7        0x1
 .bss.adc_Index
                0x200000f7        0x1 build/default/debug/_ext/1360937237/main.o
                0x200000f7                adc_Index

.data.cosine_LUT%13
                0x200000f8       0x14
 .data.cosine_LUT
                0x200000f8       0x14 build/default/debug/_ext/1360937237/main.o
                0x200000f8                cosine_LUT

.data.sine_LUT%14
                0x2000010c       0x14
 .data.sine_LUT
                0x2000010c       0x14 build/default/debug/_ext/1360937237/main.o
                0x2000010c                sine_LUT

.eh_frame%z6    0x00000000        0x0
 .eh_frame      0x00000000        0x0 C:/Program Files/Microchip/xc32/v5.00/bin/bin/../../lib/gcc/pic32c/13.2.1/thumb/v8-m.base/nofp/crtbegin.o

.config_0080C004%15
                0x0080c004        0x4
 .config_0080C004
                0x0080c004        0x4 build/default/debug/_ext/1171490990/initialization.o
                0x0080c004                __config_0080C004

.config_0080C040%16
                0x0080c040        0x4
 .config_0080C040
                0x0080c040        0x4 build/default/debug/_ext/1171490990/initialization.o
                0x0080c040                __config_0080C040

.config_0080C044%17
                0x0080c044        0x4
 .config_0080C044
                0x0080c044        0x4 build/default/debug/_ext/1171490990/initialization.o
                0x0080c044                __config_0080C044

.config_0080C048%18
                0x0080c048        0x4
 .config_0080C048
                0x0080c048        0x4 build/default/debug/_ext/1171490990/initialization.o
                0x0080c048                __config_0080C048

.config_0080C04C%19
                0x0080c04c        0x4
 .config_0080C04C
                0x0080c04c        0x4 build/default/debug/_ext/1171490990/initialization.o
                0x0080c04c                __config_0080C04C

.text.CLOCK_Initialize%20
                0x0000017c      0x13c
 .text.CLOCK_Initialize
                0x0000017c      0x13c build/default/debug/_ext/1984496892/plib_clock.o
                0x0000017c                CLOCK_Initialize

.text.main%21   0x000002b8      0x122
 .text.main     0x000002b8      0x122 build/default/debug/_ext/1360937237/main.o
                0x000002b8                main

.dinit%22       0x000003dc       0xc0
 .dinit         0x000003dc       0xc0 data_init

.text.ADC_Initialize%23
                0x0000049c       0x6a
 .text.ADC_Initialize
                0x0000049c       0x6a build/default/debug/_ext/60163342/plib_adc.o
                0x0000049c                ADC_Initialize

.text.TCC0_PWMInitialize%24
                0x00000506       0x64
 .text.TCC0_PWMInitialize
                0x00000506       0x64 build/default/debug/_ext/60181570/plib_tcc0.o
                0x00000506                TCC0_PWMInitialize

.text.__libc_start_init%25
                0x0000056c       0x5c
 .text.__libc_start_init
                0x0000056c       0x5c C:/Program Files/Microchip/xc32/v5.00/bin/bin/../../lib/gcc/pic32c/13.2.1/../../../../pic32c/lib/thumb/v8-m.base/nofp\libg-musl.a(__libc_start_main.o)
                0x0000056c                __libc_init_array

.text.TC0_TimerInitialize%26
                0x000005c8       0x5a
 .text.TC0_TimerInitialize
                0x000005c8       0x5a build/default/debug/_ext/829342655/plib_tc0.o
                0x000005c8                TC0_TimerInitialize

.text.Reset_Handler%27
                0x00000622       0x56
 .text.Reset_Handler
                0x00000622       0x56 build/default/debug/_ext/1171490990/startup_xc32.o
                0x00000622                Reset_Handler

.text%28        0x00000678       0x40
 .text          0x00000678       0x40 C:/Program Files/Microchip/xc32/v5.00/bin/bin/../../lib/gcc/pic32c/13.2.1/thumb/v8-m.base/nofp/crtbegin.o

.text.TC0_TimerInterruptHandler%29
                0x000006b8       0x3c
 .text.TC0_TimerInterruptHandler
                0x000006b8       0x3c build/default/debug/_ext/829342655/plib_tc0.o
                0x000006b8                TC0_TimerInterruptHandler

.text.PM_Initialize%30
                0x000006f4       0x38
 .text.PM_Initialize
                0x000006f4       0x38 build/default/debug/_ext/829342769/plib_pm.o
                0x000006f4                PM_Initialize

.text.SYS_Initialize%31
                0x0000072c       0x34
 .text.SYS_Initialize
                0x0000072c       0x34 build/default/debug/_ext/1171490990/initialization.o
                0x0000072c                SYS_Initialize

.text.__pic32c_data_initialization%32
                0x00000760       0x34
 .text.__pic32c_data_initialization
                0x00000760       0x34 C:/Program Files/Microchip/xc32/v5.00/bin/bin/../../lib/gcc/pic32c/13.2.1/../../../../pic32c/lib/thumb/v8-m.base/nofp\libpic32c.a(data_init.o)
                0x00000760                __pic32c_data_initialization

.text.PORT_Initialize%33
                0x00000794       0x2a
 .text.PORT_Initialize
                0x00000794       0x2a build/default/debug/_ext/1865521619/plib_port.o
                0x00000794                PORT_Initialize

.text.NVIC_Initialize%34
                0x000007be       0x28
 .text.NVIC_Initialize
                0x000007be       0x28 build/default/debug/_ext/1865468468/plib_nvic.o
                0x000007be                NVIC_Initialize

.text.ADC_ConversionStatusGet%35
                0x000007e6       0x22
 .text.ADC_ConversionStatusGet
                0x000007e6       0x22 build/default/debug/_ext/60163342/plib_adc.o
                0x000007e6                ADC_ConversionStatusGet

.text.ADC_Enable%36
                0x00000808       0x20
 .text.ADC_Enable
                0x00000808       0x20 build/default/debug/_ext/60163342/plib_adc.o
                0x00000808                ADC_Enable

.text.TC0_TimerStart%37
                0x00000828       0x20
 .text.TC0_TimerStart
                0x00000828       0x20 build/default/debug/_ext/829342655/plib_tc0.o
                0x00000828                TC0_TimerStart

.text.TCC0_PWMStart%38
                0x00000848       0x20
 .text.TCC0_PWMStart
                0x00000848       0x20 build/default/debug/_ext/60181570/plib_tcc0.o
                0x00000848                TCC0_PWMStart

.text.EVSYS_Initialize%39
                0x00000868       0x1e
 .text.EVSYS_Initialize
                0x00000868       0x1e build/default/debug/_ext/1986646378/plib_evsys.o
                0x00000868                EVSYS_Initialize

.text.__dinit_copy%40
                0x00000886       0x1e
 .text.__dinit_copy
                0x00000886       0x1e C:/Program Files/Microchip/xc32/v5.00/bin/bin/../../lib/gcc/pic32c/13.2.1/../../../../pic32c/lib/thumb/v8-m.base/nofp\libpic32c.a(pic32_data_init_copy.o)
                0x00000886                __dinit_copy_needed
                0x00000886                __dinit_copy

.rodata%41      0x000008a4       0x14
 .rodata        0x000008a4       0x14 C:/Program Files/Microchip/xc32/v5.00/bin/bin/../../lib/gcc/pic32c/13.2.1/../../../../pic32c/lib/thumb/v8-m.base/nofp\libpic32c.a(data_init.o)

.text.NVMCTRL_Initialize%42
                0x000008b8       0x12
 .text.NVMCTRL_Initialize
                0x000008b8       0x12 build/default/debug/_ext/1593096446/plib_nvmctrl.o
                0x000008b8                NVMCTRL_Initialize

.text.__dinit_clear%43
                0x000008ca       0x12
 .text.__dinit_clear
                0x000008ca       0x12 C:/Program Files/Microchip/xc32/v5.00/bin/bin/../../lib/gcc/pic32c/13.2.1/../../../../pic32c/lib/thumb/v8-m.base/nofp\libpic32c.a(pic32_data_init_clear.o)
                0x000008ca                __dinit_clear
                0x000008ca                __dinit_clear_needed

.text.ADC_ConversionResultGet%44
                0x000008dc        0xe
 .text.ADC_ConversionResultGet
                0x000008dc        0xe build/default/debug/_ext/60163342/plib_adc.o
                0x000008dc                ADC_ConversionResultGet

.text.Dummy_Handler%45
                0x000008ea        0x4
 .text.Dummy_Handler
                0x000008ea        0x4 build/default/debug/_ext/1171490990/interrupts.o
                0x000008ea                SVCall_Handler
                0x000008ea                SERCOM0_2_Handler
                0x000008ea                EVSYS_0_Handler
                0x000008ea                TRNG_Handler
                0x000008ea                ADC_RESRDY_Handler
                0x000008ea                TC2_Handler
                0x000008ea                AC_Handler
                0x000008ea                DMAC_OTHER_Handler
                0x000008ea                EIC_EXTINT_5_Handler
                0x000008ea                SERCOM3_1_Handler
                0x000008ea                SysTick_Handler
                0x000008ea                SERCOM4_OTHER_Handler
                0x000008ea                SERCOM3_2_Handler
                0x000008ea                EIC_EXTINT_6_Handler
                0x000008ea                PendSV_Handler
                0x000008ea                EVSYS_3_Handler
                0x000008ea                TCC1_Handler
                0x000008ea                EIC_EXTINT_4_Handler
                0x000008ea                EIC_EXTINT_7_Handler
                0x000008ea                SERCOM0_OTHER_Handler
                0x000008ea                TCC0_Handler
                0x000008ea                SERCOM0_0_Handler
                0x000008ea                RTC_Handler
                0x000008ea                SERCOM4_0_Handler
                0x000008ea                SERCOM1_OTHER_Handler
                0x000008ea                EVSYS_1_Handler
                0x000008ea                DMAC_0_Handler
                0x000008ea                WDT_Handler
                0x000008ea                TRAM_Handler
                0x000008ea                EIC_EXTINT_1_Handler
                0x000008ea                SERCOM5_0_Handler
                0x000008ea                TC1_Handler
                0x000008ea                EIC_EXTINT_0_Handler
                0x000008ea                DAC_UNDERRUN_Handler
                0x000008ea                DAC_EMPTY_Handler
                0x000008ea                PAC_Handler
                0x000008ea                USB_Handler
                0x000008ea                SERCOM4_1_Handler
                0x000008ea                Dummy_Handler
                0x000008ea                SERCOM5_1_Handler
                0x000008ea                DMAC_2_Handler
                0x000008ea                SERCOM0_1_Handler
                0x000008ea                SERCOM5_OTHER_Handler
                0x000008ea                DMAC_1_Handler
                0x000008ea                TCC3_Handler
                0x000008ea                TCC2_Handler
                0x000008ea                EIC_EXTINT_2_Handler
                0x000008ea                SERCOM1_1_Handler
                0x000008ea                EVSYS_7_Handler
                0x000008ea                I2S_Handler
                0x000008ea                NVMCTRL_Handler
                0x000008ea                SYSTEM_Handler
                0x000008ea                SERCOM1_0_Handler
                0x000008ea                SERCOM2_1_Handler
                0x000008ea                SERCOM1_2_Handler
                0x000008ea                SERCOM3_0_Handler
                0x000008ea                SERCOM4_2_Handler
                0x000008ea                EVSYS_4_Handler
                0x000008ea                SERCOM5_2_Handler
                0x000008ea                SERCOM2_2_Handler
                0x000008ea                EIC_EXTINT_3_Handler
                0x000008ea                SERCOM3_OTHER_Handler
                0x000008ea                PTC_Handler
                0x000008ea                EVSYS_6_Handler
                0x000008ea                EVSYS_5_Handler
                0x000008ea                EVSYS_2_Handler
                0x000008ea                SERCOM2_OTHER_Handler
                0x000008ea                FREQM_Handler
                0x000008ea                EIC_OTHER_Handler
                0x000008ea                ADC_OTHER_Handler
                0x000008ea                DMAC_3_Handler
                0x000008ea                SERCOM2_0_Handler

.text.NonMaskableInt_Handler%46
                0x000008ee        0x4
 .text.NonMaskableInt_Handler
                0x000008ee        0x4 build/default/debug/_ext/1171490990/exceptions.o
                0x000008ee                NonMaskableInt_Handler

.text.HardFault_Handler%47
                0x000008f2        0x4
 .text.HardFault_Handler
                0x000008f2        0x4 build/default/debug/_ext/1171490990/exceptions.o
                0x000008f2                HardFault_Handler

.text.__dummy_decompress%48
                0x000008f6        0x4
 .text.__dummy_decompress
                0x000008f6        0x4 C:/Program Files/Microchip/xc32/v5.00/bin/bin/../../lib/gcc/pic32c/13.2.1/../../../../pic32c/lib/thumb/v8-m.base/nofp\libpic32c.a(data_init.o)
                0x000008f6                __dinit_decompress
                0x000008f6                __dinit_copy_val_data
                0x000008f6                __dinit_copy_emb

.text.Dummy_App_Func%49
                0x000003da        0x2
 .text.Dummy_App_Func
                0x000003da        0x2 build/default/debug/_ext/1171490990/startup_xc32.o
                0x000003da                _on_reset
                0x000003da                _on_bootstrap
                0x000003da                __xc32_on_reset
                0x000003da                Dummy_App_Func
                0x000003da                __xc32_on_bootstrap

.text.__dummy_init_tls%50
                0x0000056a        0x2
 .text.__dummy_init_tls
                0x0000056a        0x2 C:/Program Files/Microchip/xc32/v5.00/bin/bin/../../lib/gcc/pic32c/13.2.1/../../../../pic32c/lib/thumb/v8-m.base/nofp\libpic32c.a(data_init.o)
                0x0000056a                xc32_init_tls

.text.__dummy%51
                0x000008fa        0x2
 .text.__dummy  0x000008fa        0x2 C:/Program Files/Microchip/xc32/v5.00/bin/bin/../../lib/gcc/pic32c/13.2.1/../../../../pic32c/lib/thumb/v8-m.base/nofp\libg-musl.a(__libc_start_main.o)
                0x000008fa                __init_stdio
                0x000008fa                __init_host
